Archive member included to satisfy reference by file (symbol)

/opt/devkitpro/libnx/lib/libnx.a(applet.o)
                              swift/obj/app.o (appletMainLoop)
/opt/devkitpro/libnx/lib/libnx.a(sm.o)
                              /opt/devkitpro/libnx/lib/libnx.a(applet.o) (smGetServiceWrapper)
/opt/devkitpro/libnx/lib/libnx.a(diag.o)
                              /opt/devkitpro/libnx/lib/libnx.a(applet.o) (diagAbortWithResult)
/opt/devkitpro/libnx/lib/libnx.a(env.o)
                              /opt/devkitpro/libnx/lib/libnx.a(applet.o) (envIsNso)
/opt/devkitpro/libnx/lib/libnx.a(hosversion.o)
                              /opt/devkitpro/libnx/lib/libnx.a(applet.o) (hosversionGet)
/opt/devkitpro/libnx/lib/libnx.a(pad.o)
                              swift/obj/app.o (padConfigureInput)
/opt/devkitpro/libnx/lib/libnx.a(console.o)
                              swift/obj/app.o (consoleInit)
/opt/devkitpro/libnx/lib/libnx.a(console_sw.o)
                              /opt/devkitpro/libnx/lib/libnx.a(console.o) (getDefaultConsoleRenderer)
/opt/devkitpro/libnx/lib/libnx.a(svc.o)
                              /opt/devkitpro/libnx/lib/libnx.a(applet.o) (svcExitProcess)
/opt/devkitpro/libnx/lib/libnx.a(switch_crt0.o)
                              (_start)
/opt/devkitpro/libnx/lib/libnx.a(default_font.bin.o)
                              /opt/devkitpro/libnx/lib/libnx.a(console.o) (default_font_bin)
/opt/devkitpro/libnx/lib/libnx.a(event.o)
                              /opt/devkitpro/libnx/lib/libnx.a(applet.o) (eventLoadRemote)
/opt/devkitpro/libnx/lib/libnx.a(mutex.o)
                              /opt/devkitpro/libnx/lib/libnx.a(applet.o) (mutexLock)
/opt/devkitpro/libnx/lib/libnx.a(tmem.o)
                              /opt/devkitpro/libnx/lib/libnx.a(applet.o) (tmemCreate)
/opt/devkitpro/libnx/lib/libnx.a(virtmem.o)
                              /opt/devkitpro/libnx/lib/libnx.a(tmem.o) (virtmemLock)
/opt/devkitpro/libnx/lib/libnx.a(wait.o)
                              /opt/devkitpro/libnx/lib/libnx.a(applet.o) (waitObjects)
/opt/devkitpro/libnx/lib/libnx.a(apm.o)
                              /opt/devkitpro/libnx/lib/libnx.a(applet.o) (apmInitialize)
/opt/devkitpro/libnx/lib/libnx.a(hid.o)
                              /opt/devkitpro/libnx/lib/libnx.a(pad.o) (hidGetNpadStyleSet)
/opt/devkitpro/libnx/lib/libnx.a(default_window.o)
                              /opt/devkitpro/libnx/lib/libnx.a(console_sw.o) (nwindowGetDefault)
/opt/devkitpro/libnx/lib/libnx.a(framebuffer.o)
                              /opt/devkitpro/libnx/lib/libnx.a(console_sw.o) (framebufferMakeLinear)
/opt/devkitpro/libnx/lib/libnx.a(native_window.o)
                              /opt/devkitpro/libnx/lib/libnx.a(framebuffer.o) (nwindowIsValid)
/opt/devkitpro/libnx/lib/libnx.a(alloc.o)
                              /opt/devkitpro/libnx/lib/libnx.a(virtmem.o) (__libnx_alloc)
/opt/devkitpro/libnx/lib/libnx.a(argv.o)
                              /opt/devkitpro/libnx/lib/libnx.a(switch_crt0.o) (__system_argc)
/opt/devkitpro/libnx/lib/libnx.a(dynamic.o)
                              /opt/devkitpro/libnx/lib/libnx.a(switch_crt0.o) (__nx_dynamic)
/opt/devkitpro/libnx/lib/libnx.a(init.o)
                              /opt/devkitpro/libnx/lib/libnx.a(switch_crt0.o) (__libnx_init)
/opt/devkitpro/libnx/lib/libnx.a(newlib.o)
                              /opt/devkitpro/libnx/lib/libnx.a(init.o) (__libnx_init_time)
/opt/devkitpro/libnx/lib/libnx.a(nxlink.o)
                              /opt/devkitpro/libnx/lib/libnx.a(argv.o) (nxlinkSetup)
/opt/devkitpro/libnx/lib/libnx.a(fs_dev.o)
                              /opt/devkitpro/libnx/lib/libnx.a(init.o) (fsdevMountSdmc)
/opt/devkitpro/libnx/lib/libnx.a(path_buf.o)
                              /opt/devkitpro/libnx/lib/libnx.a(fs_dev.o) (__nx_dev_path_buf)
/opt/devkitpro/libnx/lib/libnx.a(decode_utf8.o)
                              /opt/devkitpro/libnx/lib/libnx.a(fs_dev.o) (decode_utf8)
/opt/devkitpro/libnx/lib/libnx.a(cache.o)
                              /opt/devkitpro/libnx/lib/libnx.a(framebuffer.o) (armDCacheFlush)
/opt/devkitpro/libnx/lib/libnx.a(exception.o)
                              /opt/devkitpro/libnx/lib/libnx.a(switch_crt0.o) (__libnx_exception_entry)
/opt/devkitpro/libnx/lib/libnx.a(readtp.o)
                              /opt/devkitpro/libnx/lib/libnx.a(fs_dev.o) (__aarch64_read_tp)
/opt/devkitpro/libnx/lib/libnx.a(condvar.o)
                              /opt/devkitpro/libnx/lib/libnx.a(newlib.o) (condvarWaitTimeout)
/opt/devkitpro/libnx/lib/libnx.a(random.o)
                              /opt/devkitpro/libnx/lib/libnx.a(virtmem.o) (randomGet64)
/opt/devkitpro/libnx/lib/libnx.a(shmem.o)
                              /opt/devkitpro/libnx/lib/libnx.a(hid.o) (shmemLoadRemote)
/opt/devkitpro/libnx/lib/libnx.a(thread.o)
                              /opt/devkitpro/libnx/lib/libnx.a(init.o) (__libnx_init_thread)
/opt/devkitpro/libnx/lib/libnx.a(fs.o)
[...]
Memory Configuration

Name             Origin             Length             Attributes
*default*        0x0000000000000000 0xffffffffffffffff

Linker script and memory map

                0x0000000000000000                PROVIDE (__start__ = 0x0)
                0x0000000000000000                . = __start__
                [!provide]                        PROVIDE (__code_start = .)

.text           0x0000000000000000    0x2a288
 *(.crt0)
 .crt0          0x0000000000000000      0x124 /opt/devkitpro/libnx/lib/libnx.a(switch_crt0.o)
                0x0000000000000000                _start
                0x00000000000000e0                __nx_exit
                0x00000000000000f0                __nx_mod0
 *(.text.unlikely .text.*_unlikely .text.unlikely.*)
 *(.text.exit .text.exit.*)
 *fill*         0x0000000000000124       0x1c 
 .text.exit     0x0000000000000140       0x34 /opt/devkitpro/devkitA64/bin/../lib/gcc/aarch64-none-elf/14.1.0/../../../../aarch64-none-elf/lib/pic/libg.a(libc_a-exit.o)
                0x0000000000000140                exit
 *(.text.startup .text.startup.*)
 *fill*         0x0000000000000174        0xc 
 .text.startup.__stack_chk_init
                0x0000000000000180       0x1c /opt/devkitpro/devkitA64/bin/../lib/gcc/aarch64-none-elf/14.1.0/../../../../aarch64-none-elf/lib/pic/libg.a(libc_a-stack_protector.o)
                0x0000000000000180                __stack_chk_init
 *(.text.hot .text.hot.*)
 *(.text .stub .text.* .gnu.linkonce.t.*)
 *fill*         0x000000000000019c        0x4 
 .text.__do_global_dtors_aux
                0x00000000000001a0       0x44 /opt/devkitpro/devkitA64/bin/../lib/gcc/aarch64-none-elf/14.1.0/pic/crtbegin.o
 *fill*         0x00000000000001e4       0x1c 
 .text.frame_dummy
                0x0000000000000200       0x24 /opt/devkitpro/devkitA64/bin/../lib/gcc/aarch64-none-elf/14.1.0/pic/crtbegin.o
 .text          0x0000000000000224     0x24a8 swift/obj/app.o
                0x0000000000000224                main
                0x0000000000000238                $e3app4mainyyF
                0x0000000000000450                $es5print_10terminatorys12StaticStringV_ADtFfA0_
                0x0000000000000468                $es5print_10terminatorys12StaticStringV_ADtF
                0x00000000000006c0                $es17_assertionFailure__4file4line5flagss5NeverOs12StaticStringV_A2HSus6UInt32VtF
                0x00000000000006e8                $es31_embeddedReportFatalErrorInFile6prefix7message4file4lineys12StaticStringV_A2GSutF
                0x0000000000000888                $eSzsE13writeToStdoutyyFSu_Tg5
                0x0000000000000a48                $eSzsE13_toStringImplySiSpys5UInt8VG_SuSiSbtFSu_Tg5
                0x0000000000000f0c                $eSw5start5countSwSvSg_SitcfC
                0x0000000000001058                $eSw10copyMemory4fromySW_tF
                0x0000000000001240                $es18_fatalErrorMessage__4file4line5flagss5NeverOs12StaticStringV_A2HSus6UInt32VtF
                0x0000000000001268                $eSv10copyMemory4from9byteCountySV_SitF
                0x0000000000001384                swift_allocObject
                0x0000000000001398                $es17swift_allocObject8metadata12requiredSize0E13AlignmentMaskBpBp_S2itF
                0x00000000000013ac                $es17swift_allocObject8metadata12requiredSize0E13AlignmentMaskSpys04HeapC0VGSpys13ClassMetadataVG_S2itF
                0x000000000000151c                swift_initStackObject
                0x0000000000001530                $es21swift_initStackObject8metadata6objectBpBp_BptF
                0x0000000000001588                swift_initStaticObject
                0x000000000000159c                $es22swift_initStaticObject8metadata6objectBpBp_BptF
                0x00000000000015d4                swift_deallocObject
                0x00000000000015e8                $es19swift_deallocObject6object13allocatedSize0E9AlignMaskyBp_S2itF
                0x00000000000015fc                swift_deallocClassInstance
                0x0000000000001610                $es26swift_deallocClassInstance6object13allocatedSize0F9AlignMaskyBp_S2itF
                0x0000000000001648                swift_deallocPartialClassInstance
                0x000000000000165c                $es33swift_deallocPartialClassInstance6object8metadata13allocatedSize0H9AlignMaskyBp_BpS2itF
                0x0000000000001750                swift_slowAlloc
                0x0000000000001764                $es15swift_slowAllocySvSgSi_SitF
                0x0000000000001834                swift_slowDealloc
                0x0000000000001848                $es17swift_slowDeallocyySv_S2itF
                0x000000000000185c                swift_willThrow
                0x0000000000001860                swift_errorInMain
                0x0000000000001864                swift_unexpectedError
                0x0000000000001868                swift_retain
                0x000000000000187c                $es12swift_retain6objectBpBp_tF
                0x0000000000001920                swift_release
                0x0000000000001934                $es13swift_release6objectyBp_tF
                0x0000000000001b1c                swift_retain_n
                0x0000000000001b30                $es14swift_retain_n6object1nBpBp_s6UInt32VtF
                0x0000000000001bdc                swift_release_n
                0x0000000000001bf0                $es15swift_release_n6object1nyBp_s6UInt32VtF
                0x0000000000001da4                swift_setDeallocating
                0x0000000000001db8                $es21swift_setDeallocating6objectyBp_tF
                0x0000000000001dbc                swift_bridgeObjectRetain_n
                0x0000000000001dd0                $es26swift_bridgeObjectRetain_n6object1nBpBp_s6UInt32VtF
                0x0000000000001e88                swift_bridgeObjectRelease_n
                0x0000000000001e9c                $es27swift_bridgeObjectRelease_n6object1nyBp_s6UInt32VtF
                0x0000000000001ebc                swift_bridgeObjectRetain
                0x0000000000001ed0                $es24swift_bridgeObjectRetain6objectBpBp_tF
                0x0000000000001f80                swift_bridgeObjectRelease
                0x0000000000001f94                $es25swift_bridgeObjectRelease6objectyBp_tF
                0x0000000000001fb8                swift_isUniquelyReferenced_native
                0x0000000000001fd0                $es33swift_isUniquelyReferenced_native6objectSbBp_tF
                0x000000000000202c                swift_isUniquelyReferenced_nonNull_native
                0x0000000000002044                $es41swift_isUniquelyReferenced_nonNull_native6objectSbBp_tF
                0x0000000000002058                swift_isEscapingClosureAtFileLocation
                0x0000000000002070                $es37swift_isEscapingClosureAtFileLocation6object8filename0I6Length4line6column16verificationTypeSbBp_SPys4Int8VGs5Int32VA2Ls6UInt32VtF
                0x000000000000213c                swift_dynamicCastClass
                0x0000000000002150                $es22swift_dynamicCastClass6object14targetMetadataSvSgSv_SVtF
                0x00000000000021dc                swift_dynamicCastClassUnconditional
                0x00000000000021f0                $es35swift_dynamicCastClassUnconditional6object14targetMetadata4file4line6columnS2v_SVSPys4Int8VGs6UInt32VAKtF
                0x00000000000022cc                swift_once
                0x00000000000022e0                $es10swift_once9predicate2fn7contextySpySiG_ySvXCSvtF
                0x0000000000002378                $es10swift_once9predicate2fn7contextySpySiG_ySvXCSvtFSiAEcfU_
                0x0000000000002438                swift_beginAccess
                0x000000000000244c                $es17swift_beginAccess7pointer6buffer5flags2pcySv_SvSuSvtF
                0x0000000000002450                swift_endAccess
                0x0000000000002464                $es15swift_endAccess6bufferySv_tF
                0x0000000000002468                swift_deletedMethodError
                0x0000000000002474                $es24swift_deletedMethodErrors5NeverOyF
                0x0000000000002478                swift_clearSensitive
                0x000000000000248c                $es20swift_clearSensitive3buf6nbytesySv_SitF
                0x0000000000002660                swift_retainCount
                0x0000000000002674                $es17swift_retainCount6objectSiBp_tF
 .text          0x00000000000026cc       0x98 swift/obj/posix_memalign_shim.o
                0x00000000000026cc                posix_memalign
 *fill*         0x0000000000002764        0xc 
 .text._appletInfiniteSleepLoop
                0x0000000000002770       0x18 /opt/devkitpro/libnx/lib/libnx.a(applet.o)
 *fill*         0x0000000000002788        0x8 
 .text._appletCmdGetSession
                0x0000000000002790      0x108 /opt/devkitpro/libnx/lib/libnx.a(applet.o)
 *fill*         0x0000000000002898        0x8 
 .text._appletCmdInU8NoOut
                0x00000000000028a0       0xcc /opt/devkitpro/libnx/lib/libnx.a(applet.o)
 *fill*         0x000000000000296c        0x4 
 .text._appletGetLaunchReason
                0x0000000000002970      0x104 /opt/devkitpro/libnx/lib/libnx.a(applet.o)
 *fill*         0x0000000000002a74        0xc 
 .text._appletSetFocusHandlingMode
                0x0000000000002a80       0xe4 /opt/devkitpro/libnx/lib/libnx.a(applet.o)
 *fill*         0x0000000000002b64        0xc 
 .text._appletCmdInU32NoOut
                0x0000000000002b70       0xcc /opt/devkitpro/libnx/lib/libnx.a(applet.o)
 *fill*         0x0000000000002c3c        0x4 
 .text._appletGetSessionProxy.constprop.0
                0x0000000000002c40      0x138 /opt/devkitpro/libnx/lib/libnx.a(applet.o)
 *fill*         0x0000000000002d78        0x8 
 .text._appletOpenLibraryAppletProxy.constprop.0
                0x0000000000002d80      0x154 /opt/devkitpro/libnx/lib/libnx.a(applet.o)
 *fill*         0x0000000000002ed4        0xc 
 .text._appletCmdGetHandle.constprop.0.isra.0
                0x0000000000002ee0       0xd0 /opt/devkitpro/libnx/lib/libnx.a(applet.o)
 .text._appletCmdNoInOutU8.isra.0
                0x0000000000002fb0       0xd4 /opt/devkitpro/libnx/lib/libnx.a(applet.o)
 *fill*         0x0000000000003084        0xc 
 .text._appletCmdNoInOutU32.isra.0
                0x0000000000003090       0xd4 /opt/devkitpro/libnx/lib/libnx.a(applet.o)
 *fill*         0x0000000000003164        0xc 
 .text._appletCmdNoInOutU64.isra.0
                0x0000000000003170       0xd4 /opt/devkitpro/libnx/lib/libnx.a(applet.o)
 *fill*         0x0000000000003244        0xc 
 .text._appletCmdNoIO.isra.0
                0x0000000000003250       0xc0 /opt/devkitpro/libnx/lib/libnx.a(applet.o)
 .text.appletGetAppletType
                0x0000000000003310       0x10 /opt/devkitpro/libnx/lib/libnx.a(applet.o)
                0x0000000000003310                appletGetAppletType
 .text.appletSetFocusHandlingMode
                0x0000000000003320      0x108 /opt/devkitpro/libnx/lib/libnx.a(applet.o)
                0x0000000000003320                appletSetFocusHandlingMode
 *fill*         0x0000000000003428        0x8 
 .text.appletSetCpuBoostMode
                0x0000000000003430       0x5c /opt/devkitpro/libnx/lib/libnx.a(applet.o)
                0x0000000000003430                appletSetCpuBoostMode
 *fill*         0x000000000000348c        0x4 
 .text.appletCreateManagedDisplayLayer
                0x0000000000003490       0x2c /opt/devkitpro/libnx/lib/libnx.a(applet.o)
                0x0000000000003490                appletCreateManagedDisplayLayer
 *fill*         0x00000000000034bc        0x4 
 .text.appletGetAppletResourceUserId
                0x00000000000034c0        0xc /opt/devkitpro/libnx/lib/libnx.a(applet.o)
                0x00000000000034c0                appletGetAppletResourceUserId
 *fill*         0x00000000000034cc        0x4 
 .text._appletGetIndirectLayerConsumerHandle
                0x00000000000034d0       0xf4 /opt/devkitpro/libnx/lib/libnx.a(applet.o)
 *fill*         0x00000000000035c4        0xc 
 .text._appletHolderCreateState
                0x00000000000035d0       0x88 /opt/devkitpro/libnx/lib/libnx.a(applet.o)
 *fill*         0x0000000000003658        0x8 
 .text.appletHolderClose
                0x0000000000003660       0xb0 /opt/devkitpro/libnx/lib/libnx.a(applet.o)
                0x0000000000003660                appletHolderClose
 .text.appletHolderGetLibraryAppletInfo
                0x0000000000003710       0x24 /opt/devkitpro/libnx/lib/libnx.a(applet.o)
                0x0000000000003710                appletHolderGetLibraryAppletInfo
 *fill*         0x0000000000003734        0xc 
 .text.appletNotifyRunning
                0x0000000000003740       0x90 /opt/devkitpro/libnx/lib/libnx.a(applet.o)
                0x0000000000003740                appletNotifyRunning
 .text.appletSetGamePlayRecordingState
                0x00000000000037d0       0x8c /opt/devkitpro/libnx/lib/libnx.a(applet.o)
                0x00000000000037d0                appletSetGamePlayRecordingState
 *fill*         0x000000000000385c        0x4 
 .text._appletCleanup
                0x0000000000003860      0xad4 /opt/devkitpro/libnx/lib/libnx.a(applet.o)
 *fill*         0x0000000000004334        0xc 
 .text.appletExit
                0x0000000000004340       0x44 /opt/devkitpro/libnx/lib/libnx.a(applet.o)
                0x0000000000004340                appletExit
 *fill*         0x0000000000004384        0xc 
 .text.appletGetLibraryAppletInfo
                0x0000000000004390       0x40 /opt/devkitpro/libnx/lib/libnx.a(applet.o)
                0x0000000000004390                appletGetLibraryAppletInfo
 .text.appletInitialize
                0x00000000000043d0      0xa98 /opt/devkitpro/libnx/lib/libnx.a(applet.o)
                0x00000000000043d0                appletInitialize
 *fill*         0x0000000000004e68        0x8 
 .text._appletExitProcess
                0x0000000000004e70       0x24 /opt/devkitpro/libnx/lib/libnx.a(applet.o)
 *fill*         0x0000000000004e94        0xc 
 .text.appletGetMessage
                0x0000000000004ea0       0x74 /opt/devkitpro/libnx/lib/libnx.a(applet.o)
                0x0000000000004ea0                appletGetMessage
 *fill*         0x0000000000004f14        0xc 
 .text.appletProcessMessage
                0x0000000000004f20      0x27c /opt/devkitpro/libnx/lib/libnx.a(applet.o)
                0x0000000000004f20                appletProcessMessage
 *fill*         0x000000000000519c        0x4 
 .text.appletMainLoop
                0x00000000000051a0       0x34 /opt/devkitpro/libnx/lib/libnx.a(applet.o)
                0x00000000000051a0                appletMainLoop
 *fill*         0x00000000000051d4        0xc 
 .text._smCmifCmdInPid
                0x00000000000051e0       0xd0 /opt/devkitpro/libnx/lib/libnx.a(sm.o)
 .text._smCleanup
                0x00000000000052b0       0x68 /opt/devkitpro/libnx/lib/libnx.a(sm.o)
 *fill*         0x0000000000005318        0x8 
 .text.smAddOverrideHandle
                0x0000000000005320       0x48 /opt/devkitpro/libnx/lib/libnx.a(sm.o)
                0x0000000000005320                smAddOverrideHandle
 *fill*         0x0000000000005368        0x8 
 .text.smGetServiceOverride
                0x0000000000005370       0x54 /opt/devkitpro/libnx/lib/libnx.a(sm.o)
                0x0000000000005370                smGetServiceOverride
 *fill*         0x00000000000053c4        0xc 
 .text.smInitialize
                0x00000000000053d0      0x1bc /opt/devkitpro/libnx/lib/libnx.a(sm.o)
                0x00000000000053d0                smInitialize
 *fill*         0x000000000000558c        0x4 
 .text.smExit   0x0000000000005590       0x44 /opt/devkitpro/libnx/lib/libnx.a(sm.o)
                0x0000000000005590                smExit
 *fill*         0x00000000000055d4        0xc 
 .text.smGetServiceOriginal
                0x00000000000055e0       0xd0 /opt/devkitpro/libnx/lib/libnx.a(sm.o)
                0x00000000000055e0                smGetServiceOriginal
 .text.smGetServiceWrapper
                0x00000000000056b0      0x120 /opt/devkitpro/libnx/lib/libnx.a(sm.o)
                0x00000000000056b0                smGetServiceWrapper
 .text.diagAbortWithResult
                0x00000000000057d0       0x1c /opt/devkitpro/libnx/lib/libnx.a(diag.o)
                0x00000000000057d0                diagAbortWithResult
 *fill*         0x00000000000057ec        0x4 
 .text.envSetup
                0x00000000000057f0      0x208 /opt/devkitpro/libnx/lib/libnx.a(env.o)
                0x00000000000057f0                envSetup
 *fill*         0x00000000000059f8        0x8 
 .text.envGetMainThreadHandle
                0x0000000000005a00       0x20 /opt/devkitpro/libnx/lib/libnx.a(env.o)
                0x0000000000005a00                envGetMainThreadHandle
 .text.envIsNso
                0x0000000000005a20        0xc /opt/devkitpro/libnx/lib/libnx.a(env.o)
                0x0000000000005a20                envIsNso
 *fill*         0x0000000000005a2c        0x4 
 .text.envHasHeapOverride
                0x0000000000005a30       0x14 /opt/devkitpro/libnx/lib/libnx.a(env.o)
                0x0000000000005a30                envHasHeapOverride
 *fill*         0x0000000000005a44        0xc 
 .text.envGetHeapOverrideAddr
                0x0000000000005a50        0xc /opt/devkitpro/libnx/lib/libnx.a(env.o)
                0x0000000000005a50                envGetHeapOverrideAddr
 *fill*         0x0000000000005a5c        0x4 
 .text.envGetHeapOverrideSize
                0x0000000000005a60        0xc /opt/devkitpro/libnx/lib/libnx.a(env.o)
                0x0000000000005a60                envGetHeapOverrideSize
 *fill*         0x0000000000005a6c        0x4 
 .text.envHasArgv
                0x0000000000005a70       0x14 /opt/devkitpro/libnx/lib/libnx.a(env.o)
                0x0000000000005a70                envHasArgv
 *fill*         0x0000000000005a84        0xc 
 .text.envGetArgv
                0x0000000000005a90        0xc /opt/devkitpro/libnx/lib/libnx.a(env.o)
                0x0000000000005a90                envGetArgv
 *fill*         0x0000000000005a9c        0x4 
 .text.envGetExitFuncPtr
                0x0000000000005aa0        0xc /opt/devkitpro/libnx/lib/libnx.a(env.o)
                0x0000000000005aa0                envGetExitFuncPtr
 *fill*         0x0000000000005aac        0x4 
 .text.envSetExitFuncPtr
                0x0000000000005ab0        0xc /opt/devkitpro/libnx/lib/libnx.a(env.o)
                0x0000000000005ab0                envSetExitFuncPtr
 *fill*         0x0000000000005abc        0x4 
 .text.envHasRandomSeed
                0x0000000000005ac0        0xc /opt/devkitpro/libnx/lib/libnx.a(env.o)
                0x0000000000005ac0                envHasRandomSeed
 *fill*         0x0000000000005acc        0x4 
 .text.envGetRandomSeed
                0x0000000000005ad0       0x10 /opt/devkitpro/libnx/lib/libnx.a(env.o)
                0x0000000000005ad0                envGetRandomSeed
 .text.hosversionGet
                0x0000000000005ae0       0x14 /opt/devkitpro/libnx/lib/libnx.a(hosversion.o)
                0x0000000000005ae0                hosversionGet
 *fill*         0x0000000000005af4        0xc 
 .text.hosversionSet
                0x0000000000005b00       0x10 /opt/devkitpro/libnx/lib/libnx.a(hosversion.o)
                0x0000000000005b00                hosversionSet
 .text.padConfigureInput
                0x0000000000005b10       0x9c /opt/devkitpro/libnx/lib/libnx.a(pad.o)
                0x0000000000005b10                padConfigureInput
 *fill*         0x0000000000005bac        0x4 
 .text.padInitializeWithMask
                0x0000000000005bb0       0x24 /opt/devkitpro/libnx/lib/libnx.a(pad.o)
                0x0000000000005bb0                padInitializeWithMask
 *fill*         0x0000000000005bd4        0xc 
 .text.padUpdate
                0x0000000000005be0      0x2a8 /opt/devkitpro/libnx/lib/libnx.a(pad.o)
                0x0000000000005be0                padUpdate
 *fill*         0x0000000000005e88        0x8 
 .text.consoleDrawChar
                0x0000000000005e90       0x48 /opt/devkitpro/libnx/lib/libnx.a(console.o)
 *fill*         0x0000000000005ed8        0x8 
 .text.parseColor
                0x0000000000005ee0      0x20c /opt/devkitpro/libnx/lib/libnx.a(console.o)
 *fill*         0x00000000000060ec        0x4 
 .text.consoleNewRow
                0x00000000000060f0       0xb0 /opt/devkitpro/libnx/lib/libnx.a(console.o)
 .text.con_write
                0x00000000000061a0      0xc44 /opt/devkitpro/libnx/lib/libnx.a(console.o)
 *fill*         0x0000000000006de4        0xc 
 .text.consoleInit
                0x0000000000006df0      0x154 /opt/devkitpro/libnx/lib/libnx.a(console.o)
                0x0000000000006df0                consoleInit
 *fill*         0x0000000000006f44        0xc 
 .text.consoleExit
                0x0000000000006f50       0x48 /opt/devkitpro/libnx/lib/libnx.a(console.o)
                0x0000000000006f50                consoleExit
 *fill*         0x0000000000006f98        0x8 
 .text.consoleUpdate
                0x0000000000006fa0       0x2c /opt/devkitpro/libnx/lib/libnx.a(console.o)
                0x0000000000006fa0                consoleUpdate
 *fill*         0x0000000000006fcc        0x4 
 .text.ConsoleSwRenderer_drawChar
                0x0000000000006fd0      0x1c8 /opt/devkitpro/libnx/lib/libnx.a(console_sw.o)
 *fill*         0x0000000000007198        0x8 
 .text.ConsoleSwRenderer_init
                0x00000000000071a0       0xfc /opt/devkitpro/libnx/lib/libnx.a(console_sw.o)
 *fill*         0x000000000000729c        0x4 
 .text.ConsoleSwRenderer_flushAndSwap
                0x00000000000072a0       0x70 /opt/devkitpro/libnx/lib/libnx.a(console_sw.o)
 .text.ConsoleSwRenderer_scrollWindow
                0x0000000000007310       0xd4 /opt/devkitpro/libnx/lib/libnx.a(console_sw.o)
 *fill*         0x00000000000073e4        0xc 
 .text.ConsoleSwRenderer_deinit
                0x00000000000073f0       0x4c /opt/devkitpro/libnx/lib/libnx.a(console_sw.o)
 *fill*         0x000000000000743c        0x4 
 .text.getDefaultConsoleRenderer
                0x0000000000007440        0xc /opt/devkitpro/libnx/lib/libnx.a(console_sw.o)
                0x0000000000007440                getDefaultConsoleRenderer
 .text.svcSetHeapSize
                0x000000000000744c       0x14 /opt/devkitpro/libnx/lib/libnx.a(svc.o)
                0x000000000000744c                svcSetHeapSize
 .text.svcSetMemoryPermission
                0x0000000000007460        0x8 /opt/devkitpro/libnx/lib/libnx.a(svc.o)
                0x0000000000007460                svcSetMemoryPermission
 .text.svcSetMemoryAttribute
                0x0000000000007468        0x8 /opt/devkitpro/libnx/lib/libnx.a(svc.o)
                0x0000000000007468                svcSetMemoryAttribute
 .text.svcUnmapMemory
                0x0000000000007470        0x8 /opt/devkitpro/libnx/lib/libnx.a(svc.o)
                0x0000000000007470                svcUnmapMemory
 .text.svcQueryMemory
                0x0000000000007478       0x14 /opt/devkitpro/libnx/lib/libnx.a(svc.o)
                0x0000000000007478                svcQueryMemory
 .text.svcExitProcess
                0x000000000000748c        0x8 /opt/devkitpro/libnx/lib/libnx.a(svc.o)
                0x000000000000748c                svcExitProcess
 .text.svcSleepThread
                0x0000000000007494        0x8 /opt/devkitpro/libnx/lib/libnx.a(svc.o)
                0x0000000000007494                svcSleepThread
 .text.svcMapSharedMemory
                0x000000000000749c        0x8 /opt/devkitpro/libnx/lib/libnx.a(svc.o)
                0x000000000000749c                svcMapSharedMemory
 .text.svcUnmapSharedMemory
                0x00000000000074a4        0x8 /opt/devkitpro/libnx/lib/libnx.a(svc.o)
                0x00000000000074a4                svcUnmapSharedMemory
 .text.svcCreateTransferMemory
                0x00000000000074ac       0x14 /opt/devkitpro/libnx/lib/libnx.a(svc.o)
                0x00000000000074ac                svcCreateTransferMemory
 .text.svcCloseHandle
                0x00000000000074c0        0x8 /opt/devkitpro/libnx/lib/libnx.a(svc.o)
                0x00000000000074c0                svcCloseHandle
 .text.svcResetSignal
                0x00000000000074c8        0x8 /opt/devkitpro/libnx/lib/libnx.a(svc.o)
                0x00000000000074c8                svcResetSignal
 .text.svcWaitSynchronization
                0x00000000000074d0       0x14 /opt/devkitpro/libnx/lib/libnx.a(svc.o)
                0x00000000000074d0                svcWaitSynchronization
 .text.svcArbitrateLock
                0x00000000000074e4        0x8 /opt/devkitpro/libnx/lib/libnx.a(svc.o)
                0x00000000000074e4                svcArbitrateLock
 .text.svcArbitrateUnlock
                0x00000000000074ec        0x8 /opt/devkitpro/libnx/lib/libnx.a(svc.o)
                0x00000000000074ec                svcArbitrateUnlock
 .text.svcWaitProcessWideKeyAtomic
                0x00000000000074f4        0x8 /opt/devkitpro/libnx/lib/libnx.a(svc.o)
                0x00000000000074f4                svcWaitProcessWideKeyAtomic
 .text.svcSignalProcessWideKey
                0x00000000000074fc        0x8 /opt/devkitpro/libnx/lib/libnx.a(svc.o)
                0x00000000000074fc                svcSignalProcessWideKey
 .text.svcConnectToNamedPort
                0x0000000000007504       0x14 /opt/devkitpro/libnx/lib/libnx.a(svc.o)
                0x0000000000007504                svcConnectToNamedPort
 .text.svcSendSyncRequest
                0x0000000000007518        0x8 /opt/devkitpro/libnx/lib/libnx.a(svc.o)
                0x0000000000007518                svcSendSyncRequest
 .text.svcBreak
                0x0000000000007520        0x8 /opt/devkitpro/libnx/lib/libnx.a(svc.o)
                0x0000000000007520                svcBreak
 .text.svcReturnFromException
                0x0000000000007528        0x8 /opt/devkitpro/libnx/lib/libnx.a(svc.o)
                0x0000000000007528                svcReturnFromException
 .text.svcGetInfo
                0x0000000000007530       0x14 /opt/devkitpro/libnx/lib/libnx.a(svc.o)
                0x0000000000007530                svcGetInfo
 .text.svcUnmapTransferMemory
                0x0000000000007544        0x8 /opt/devkitpro/libnx/lib/libnx.a(svc.o)
                0x0000000000007544                svcUnmapTransferMemory
 *fill*         0x000000000000754c        0x4 
 .text.eventLoadRemote
                0x0000000000007550        0xc /opt/devkitpro/libnx/lib/libnx.a(event.o)
                0x0000000000007550                eventLoadRemote
 *fill*         0x000000000000755c        0x4 
 .text.eventWait
                0x0000000000007560       0x38 /opt/devkitpro/libnx/lib/libnx.a(event.o)
                0x0000000000007560                eventWait
 *fill*         0x0000000000007598        0x8 
 .text.eventClose
                0x00000000000075a0       0x50 /opt/devkitpro/libnx/lib/libnx.a(event.o)
                0x00000000000075a0                eventClose
 .text.mutexLock
                0x00000000000075f0       0x80 /opt/devkitpro/libnx/lib/libnx.a(mutex.o)
                0x00000000000075f0                mutexLock
 .text.mutexUnlock
                0x0000000000007670       0x68 /opt/devkitpro/libnx/lib/libnx.a(mutex.o)
                0x0000000000007670                mutexUnlock
 *fill*         0x00000000000076d8        0x8 
 .text.mutexIsLockedByCurrentThread
                0x00000000000076e0       0x1c /opt/devkitpro/libnx/lib/libnx.a(mutex.o)
                0x00000000000076e0                mutexIsLockedByCurrentThread
 *fill*         0x00000000000076fc        0x4 
 .text.rmutexLock
                0x0000000000007700       0x4c /opt/devkitpro/libnx/lib/libnx.a(mutex.o)
                0x0000000000007700                rmutexLock
 *fill*         0x000000000000774c        0x4 
 .text.rmutexUnlock
                0x0000000000007750       0x1c /opt/devkitpro/libnx/lib/libnx.a(mutex.o)
                0x0000000000007750                rmutexUnlock
 *fill*         0x000000000000776c        0x4 
 .text.tmemCreate
                0x0000000000007770       0xa8 /opt/devkitpro/libnx/lib/libnx.a(tmem.o)
                0x0000000000007770                tmemCreate
 *fill*         0x0000000000007818        0x8 
 .text.tmemUnmap
                0x0000000000007820       0x34 /opt/devkitpro/libnx/lib/libnx.a(tmem.o)
                0x0000000000007820                tmemUnmap
 *fill*         0x0000000000007854        0xc 
 .text.tmemCloseHandle
                0x0000000000007860       0x38 /opt/devkitpro/libnx/lib/libnx.a(tmem.o)
                0x0000000000007860                tmemCloseHandle
 *fill*         0x0000000000007898        0x8 
 .text.tmemWaitForPermission
                0x00000000000078a0       0xc8 /opt/devkitpro/libnx/lib/libnx.a(tmem.o)
                0x00000000000078a0                tmemWaitForPermission
 *fill*         0x0000000000007968        0x8 
 .text.tmemClose
                0x0000000000007970       0x54 /opt/devkitpro/libnx/lib/libnx.a(tmem.o)
                0x0000000000007970                tmemClose
 *fill*         0x00000000000079c4        0xc 
 .text._memregionInitWithInfo
                0x00000000000079d0       0x64 /opt/devkitpro/libnx/lib/libnx.a(virtmem.o)
 *fill*         0x0000000000007a34        0xc 
 .text.__libnx_virtmem_rng
                0x0000000000007a40        0x4 /opt/devkitpro/libnx/lib/libnx.a(virtmem.o)
                0x0000000000007a40                __libnx_virtmem_rng
 *fill*         0x0000000000007a44        0xc 
 .text._memregionFindRandom
                0x0000000000007a50      0x164 /opt/devkitpro/libnx/lib/libnx.a(virtmem.o)
 *fill*         0x0000000000007bb4        0xc 
 .text.virtmemSetup
                0x0000000000007bc0      0x140 /opt/devkitpro/libnx/lib/libnx.a(virtmem.o)
                0x0000000000007bc0                virtmemSetup
 .text.virtmemLock
                0x0000000000007d00        0xc /opt/devkitpro/libnx/lib/libnx.a(virtmem.o)
                0x0000000000007d00                virtmemLock
 *fill*         0x0000000000007d0c        0x4 
 .text.virtmemUnlock
                0x0000000000007d10        0xc /opt/devkitpro/libnx/lib/libnx.a(virtmem.o)
                0x0000000000007d10                virtmemUnlock
 *fill*         0x0000000000007d1c        0x4 
 .text.virtmemFindAslr
                0x0000000000007d20       0x50 /opt/devkitpro/libnx/lib/libnx.a(virtmem.o)
                0x0000000000007d20                virtmemFindAslr
 .text.waitObjects
                0x0000000000007d70      0x56c /opt/devkitpro/libnx/lib/libnx.a(wait.o)
                0x0000000000007d70                waitObjects
 *fill*         0x00000000000082dc        0x4 
 .text._apmCleanup
                0x00000000000082e0       0xc0 /opt/devkitpro/libnx/lib/libnx.a(apm.o)
 .text._apmCmdGetSession.constprop.0
                0x00000000000083a0       0xfc /opt/devkitpro/libnx/lib/libnx.a(apm.o)
 *fill*         0x000000000000849c        0x4 
 .text.apmInitialize
                0x00000000000084a0       0xa0 /opt/devkitpro/libnx/lib/libnx.a(apm.o)
                0x00000000000084a0                apmInitialize
 .text.apmExit  0x0000000000008540       0x44 /opt/devkitpro/libnx/lib/libnx.a(apm.o)
                0x0000000000008540                apmExit
 *fill*         0x0000000000008584        0xc 
 .text.apmSetPerformanceConfiguration
                0x0000000000008590       0xc8 /opt/devkitpro/libnx/lib/libnx.a(apm.o)
                0x0000000000008590                apmSetPerformanceConfiguration
 *fill*         0x0000000000008658        0x8 
 .text._hidCleanup
                0x0000000000008660      0x108 /opt/devkitpro/libnx/lib/libnx.a(hid.o)
 *fill*         0x0000000000008768        0x8 
 .text._hidCmdInAruidNoOut
                0x0000000000008770       0xd8 /opt/devkitpro/libnx/lib/libnx.a(hid.o)
 *fill*         0x0000000000008848        0x8 
 .text._hidCmdInU32AruidNoOut
                0x0000000000008850       0xe4 /opt/devkitpro/libnx/lib/libnx.a(hid.o)
 *fill*         0x0000000000008934        0xc 
 .text._hidGetStates
                0x0000000000008940      0x1a4 /opt/devkitpro/libnx/lib/libnx.a(hid.o)
 *fill*         0x0000000000008ae4        0xc 
 .text._hidCreateAppletResource.constprop.0
                0x0000000000008af0      0x114 /opt/devkitpro/libnx/lib/libnx.a(hid.o)
 *fill*         0x0000000000008c04        0xc 
 .text._hidCmdGetHandle.constprop.0
                0x0000000000008c10       0xc8 /opt/devkitpro/libnx/lib/libnx.a(hid.o)
 *fill*         0x0000000000008cd8        0x8 
 .text.hidInitialize
                0x0000000000008ce0       0xdc /opt/devkitpro/libnx/lib/libnx.a(hid.o)
                0x0000000000008ce0                hidInitialize
 *fill*         0x0000000000008dbc        0x4 
 .text.hidExit  0x0000000000008dc0       0x44 /opt/devkitpro/libnx/lib/libnx.a(hid.o)
                0x0000000000008dc0                hidExit
 *fill*         0x0000000000008e04        0xc 
 .text.hidGetSharedmemAddr
                0x0000000000008e10        0xc /opt/devkitpro/libnx/lib/libnx.a(hid.o)
                0x0000000000008e10                hidGetSharedmemAddr
 *fill*         0x0000000000008e1c        0x4 
 .text.hidGetNpadStyleSet
                0x0000000000008e20       0x90 /opt/devkitpro/libnx/lib/libnx.a(hid.o)
                0x0000000000008e20                hidGetNpadStyleSet
 .text.hidInitializeNpad
                0x0000000000008eb0       0x6c /opt/devkitpro/libnx/lib/libnx.a(hid.o)
                0x0000000000008eb0                hidInitializeNpad
 *fill*         0x0000000000008f1c        0x4 
 .text.hidGetNpadStatesFullKey
                0x0000000000008f20       0xa8 /opt/devkitpro/libnx/lib/libnx.a(hid.o)
                0x0000000000008f20                hidGetNpadStatesFullKey
 *fill*         0x0000000000008fc8        0x8 
 .text.hidGetNpadStatesHandheld
                0x0000000000008fd0       0xa8 /opt/devkitpro/libnx/lib/libnx.a(hid.o)
                0x0000000000008fd0                hidGetNpadStatesHandheld
 *fill*         0x0000000000009078        0x8 
 .text.hidGetNpadStatesJoyDual
                0x0000000000009080       0xa8 /opt/devkitpro/libnx/lib/libnx.a(hid.o)
                0x0000000000009080                hidGetNpadStatesJoyDual
 *fill*         0x0000000000009128        0x8 
 .text.hidGetNpadStatesJoyLeft
                0x0000000000009130       0xa8 /opt/devkitpro/libnx/lib/libnx.a(hid.o)
                0x0000000000009130                hidGetNpadStatesJoyLeft
 *fill*         0x00000000000091d8        0x8 
 .text.hidGetNpadStatesJoyRight
                0x00000000000091e0       0xa8 /opt/devkitpro/libnx/lib/libnx.a(hid.o)
                0x00000000000091e0                hidGetNpadStatesJoyRight
 *fill*         0x0000000000009288        0x8 
 .text.hidGetNpadStatesGc
                0x0000000000009290      0x158 /opt/devkitpro/libnx/lib/libnx.a(hid.o)
                0x0000000000009290                hidGetNpadStatesGc
 *fill*         0x00000000000093e8        0x8 
 .text.hidGetNpadStatesSystemExt
                0x00000000000093f0       0xac /opt/devkitpro/libnx/lib/libnx.a(hid.o)
                0x00000000000093f0                hidGetNpadStatesSystemExt
 *fill*         0x000000000000949c        0x4 
 .text.hidSetSupportedNpadStyleSet
                0x00000000000094a0        0x8 /opt/devkitpro/libnx/lib/libnx.a(hid.o)
                0x00000000000094a0                hidSetSupportedNpadStyleSet
 *fill*         0x00000000000094a8        0x8 
 .text.hidSetSupportedNpadIdType
                0x00000000000094b0      0x100 /opt/devkitpro/libnx/lib/libnx.a(hid.o)
                0x00000000000094b0                hidSetSupportedNpadIdType
 .text.nwindowGetDefault
                0x00000000000095b0        0xc /opt/devkitpro/libnx/lib/libnx.a(default_window.o)
                0x00000000000095b0                nwindowGetDefault
 *fill*         0x00000000000095bc        0x4 
 .text.__nx_win_init
                0x00000000000095c0       0xb0 /opt/devkitpro/libnx/lib/libnx.a(default_window.o)
                0x00000000000095c0                __nx_win_init
 .text.__nx_win_exit
                0x0000000000009670       0x34 /opt/devkitpro/libnx/lib/libnx.a(default_window.o)
                0x0000000000009670                __nx_win_exit
 *fill*         0x00000000000096a4        0xc 
 .text.framebufferMakeLinear
                0x00000000000096b0       0x8c /opt/devkitpro/libnx/lib/libnx.a(framebuffer.o)
                0x00000000000096b0                framebufferMakeLinear
 *fill*         0x000000000000973c        0x4 
 .text.framebufferClose
                0x0000000000009740       0x80 /opt/devkitpro/libnx/lib/libnx.a(framebuffer.o)
                0x0000000000009740                framebufferClose
 .text.framebufferCreate
                0x00000000000097c0      0x2b4 /opt/devkitpro/libnx/lib/libnx.a(framebuffer.o)
                0x00000000000097c0                framebufferCreate
 *fill*         0x0000000000009a74        0xc 
 .text.framebufferBegin
                0x0000000000009a80       0x88 /opt/devkitpro/libnx/lib/libnx.a(framebuffer.o)
                0x0000000000009a80                framebufferBegin
 *fill*         0x0000000000009b08        0x8 
 .text.framebufferEnd
                0x0000000000009b10      0x18c /opt/devkitpro/libnx/lib/libnx.a(framebuffer.o)
                0x0000000000009b10                framebufferEnd
 *fill*         0x0000000000009c9c        0x4 
 .text.nwindowIsValid
                0x0000000000009ca0       0x24 /opt/devkitpro/libnx/lib/libnx.a(native_window.o)
                0x0000000000009ca0                nwindowIsValid
 *fill*         0x0000000000009cc4        0xc 
 .text.nwindowClose
                0x0000000000009cd0       0x7c /opt/devkitpro/libnx/lib/libnx.a(native_window.o)
                0x0000000000009cd0                nwindowClose
 *fill*         0x0000000000009d4c        0x4 
 .text.nwindowCreate
                0x0000000000009d50       0xf4 /opt/devkitpro/libnx/lib/libnx.a(native_window.o)
                0x0000000000009d50                nwindowCreate
 *fill*         0x0000000000009e44        0xc 
 .text.nwindowCreateFromLayer
                0x0000000000009e50       0x34 /opt/devkitpro/libnx/lib/libnx.a(native_window.o)
                0x0000000000009e50                nwindowCreateFromLayer
 *fill*         0x0000000000009e84        0xc 
 .text.nwindowSetDimensions
                0x0000000000009e90       0x84 /opt/devkitpro/libnx/lib/libnx.a(native_window.o)
                0x0000000000009e90                nwindowSetDimensions
 *fill*         0x0000000000009f14        0xc 
 .text.nwindowConfigureBuffer
                0x0000000000009f20      0x18c /opt/devkitpro/libnx/lib/libnx.a(native_window.o)
                0x0000000000009f20                nwindowConfigureBuffer
 *fill*         0x000000000000a0ac        0x4 
 .text.nwindowDequeueBuffer
                0x000000000000a0b0      0x1e0 /opt/devkitpro/libnx/lib/libnx.a(native_window.o)
                0x000000000000a0b0                nwindowDequeueBuffer
 .text.nwindowQueueBuffer
                0x000000000000a290      0x13c /opt/devkitpro/libnx/lib/libnx.a(native_window.o)
                0x000000000000a290                nwindowQueueBuffer
 *fill*         0x000000000000a3cc        0x4 
 .text.nwindowReleaseBuffers
                0x000000000000a3d0       0x94 /opt/devkitpro/libnx/lib/libnx.a(native_window.o)
                0x000000000000a3d0                nwindowReleaseBuffers
 *fill*         0x000000000000a464        0xc 
 .text.__libnx_alloc
                0x000000000000a470        0x4 /opt/devkitpro/libnx/lib/libnx.a(alloc.o)
                0x000000000000a470                __libnx_alloc
 *fill*         0x000000000000a474        0xc 
 .text.__libnx_aligned_alloc
                0x000000000000a480       0x14 /opt/devkitpro/libnx/lib/libnx.a(alloc.o)
                0x000000000000a480                __libnx_aligned_alloc
 *fill*         0x000000000000a494        0xc 
 .text.__libnx_free
                0x000000000000a4a0        0x4 /opt/devkitpro/libnx/lib/libnx.a(alloc.o)
                0x000000000000a4a0                __libnx_free
 *fill*         0x000000000000a4a4        0xc 
 .text.argvSetup
                0x000000000000a4b0      0x340 /opt/devkitpro/libnx/lib/libnx.a(argv.o)
                0x000000000000a4b0                argvSetup
 .text.__nx_dynamic
                0x000000000000a7f0      0x168 /opt/devkitpro/libnx/lib/libnx.a(dynamic.o)
                0x000000000000a7f0                __nx_dynamic
 *fill*         0x000000000000a958        0x8 
 .text.__libnx_initheap
                0x000000000000a960       0xd4 /opt/devkitpro/libnx/lib/libnx.a(init.o)
                0x000000000000a960                __libnx_initheap
 *fill*         0x000000000000aa34        0xc 
 .text.__appInit
                0x000000000000aa40       0xec /opt/devkitpro/libnx/lib/libnx.a(init.o)
                0x000000000000aa40                __appInit
 *fill*         0x000000000000ab2c        0x4 
 .text.__appExit
                0x000000000000ab30       0x44 /opt/devkitpro/libnx/lib/libnx.a(init.o)
                0x000000000000ab30                __appExit
 *fill*         0x000000000000ab74        0xc 
 .text.__libnx_init
                0x000000000000ab80       0x2c /opt/devkitpro/libnx/lib/libnx.a(init.o)
                0x000000000000ab80                __libnx_init
 *fill*         0x000000000000abac        0x4 
 .text.__libnx_exit
                0x000000000000abb0       0x1c /opt/devkitpro/libnx/lib/libnx.a(init.o)
                0x000000000000abb0                __libnx_exit
 *fill*         0x000000000000abcc        0x4 
 .text.__syscall_exit
                0x000000000000abd0       0x1c /opt/devkitpro/libnx/lib/libnx.a(newlib.o)
                0x000000000000abd0                __syscall_exit
 *fill*         0x000000000000abec        0x4 
 .text.__syscall_getreent
                0x000000000000abf0       0x30 /opt/devkitpro/libnx/lib/libnx.a(newlib.o)
                0x000000000000abf0                __syscall_getreent
 .text.__syscall_lock_acquire
                0x000000000000ac20        0x4 /opt/devkitpro/libnx/lib/libnx.a(newlib.o)
                0x000000000000ac20                __syscall_lock_acquire
 *fill*         0x000000000000ac24        0xc 
 .text.__syscall_lock_release
                0x000000000000ac30        0x4 /opt/devkitpro/libnx/lib/libnx.a(newlib.o)
                0x000000000000ac30                __syscall_lock_release
 *fill*         0x000000000000ac34        0xc 
 .text.__syscall_lock_acquire_recursive
                0x000000000000ac40        0x4 /opt/devkitpro/libnx/lib/libnx.a(newlib.o)
                0x000000000000ac40                __syscall_lock_acquire_recursive
 *fill*         0x000000000000ac44        0xc 
 .text.__syscall_lock_release_recursive
                0x000000000000ac50        0x4 /opt/devkitpro/libnx/lib/libnx.a(newlib.o)
                0x000000000000ac50                __syscall_lock_release_recursive
 *fill*         0x000000000000ac54        0xc 
 .text.__libnx_init_time
                0x000000000000ac60      0x238 /opt/devkitpro/libnx/lib/libnx.a(newlib.o)
                0x000000000000ac60                __libnx_init_time
 *fill*         0x000000000000ae98        0x8 
 .text.newlibSetup
                0x000000000000aea0       0x9c /opt/devkitpro/libnx/lib/libnx.a(newlib.o)
                0x000000000000aea0                newlibSetup
 *fill*         0x000000000000af3c        0x4 
 .text.nxlinkSetup
                0x000000000000af40       0xc4 /opt/devkitpro/libnx/lib/libnx.a(nxlink.o)
                0x000000000000af40                nxlinkSetup
 *fill*         0x000000000000b004        0xc 
 .text.fsdev_link
                0x000000000000b010       0x14 /opt/devkitpro/libnx/lib/libnx.a(fs_dev.o)
 *fill*         0x000000000000b024        0xc 
 .text.fsdev_dirreset
                0x000000000000b030       0x14 /opt/devkitpro/libnx/lib/libnx.a(fs_dev.o)
 *fill*         0x000000000000b044        0xc 
 .text.fsdev_chmod
                0x000000000000b050       0x14 /opt/devkitpro/libnx/lib/libnx.a(fs_dev.o)
 *fill*         0x000000000000b064        0xc 
 .text.error_cmp
                0x000000000000b070       0x18 /opt/devkitpro/libnx/lib/libnx.a(fs_dev.o)
 *fill*         0x000000000000b088        0x8 
 .text.fsdev_dirclose
                0x000000000000b090       0x20 /opt/devkitpro/libnx/lib/libnx.a(fs_dev.o)
 .text.fsdev_close
                0x000000000000b0b0       0x1c /opt/devkitpro/libnx/lib/libnx.a(fs_dev.o)
 *fill*         0x000000000000b0cc        0x4 
 .text.fsdev_converttimetoutc
                0x000000000000b0d0       0x7c /opt/devkitpro/libnx/lib/libnx.a(fs_dev.o)
 *fill*         0x000000000000b14c        0x4 
 .text.fsdevFindDevice.part.0
                0x000000000000b150       0xdc /opt/devkitpro/libnx/lib/libnx.a(fs_dev.o)
 *fill*         0x000000000000b22c        0x4 
 .text.fsdev_fixpath
                0x000000000000b230      0x1d4 /opt/devkitpro/libnx/lib/libnx.a(fs_dev.o)
 *fill*         0x000000000000b404        0xc 
 .text._fsdevUnmountDeviceStruct.part.0
                0x000000000000b410       0xa0 /opt/devkitpro/libnx/lib/libnx.a(fs_dev.o)
 .text.fsdev_fchmod
                0x000000000000b4b0       0x14 /opt/devkitpro/libnx/lib/libnx.a(fs_dev.o)
 *fill*         0x000000000000b4c4        0xc 
 .text.fsdev_diropen
                0x000000000000b4d0       0xfc /opt/devkitpro/libnx/lib/libnx.a(fs_dev.o)
 *fill*         0x000000000000b5cc        0x4 
 .text.fsdev_statvfs
                0x000000000000b5d0      0x100 /opt/devkitpro/libnx/lib/libnx.a(fs_dev.o)
 .text.fsdev_fsync
                0x000000000000b6d0       0x7c /opt/devkitpro/libnx/lib/libnx.a(fs_dev.o)
 *fill*         0x000000000000b74c        0x4 
 .text.fsdev_fstat
                0x000000000000b750       0xf4 /opt/devkitpro/libnx/lib/libnx.a(fs_dev.o)
 *fill*         0x000000000000b844        0xc 
 .text.fsdev_ftruncate
                0x000000000000b850       0x94 /opt/devkitpro/libnx/lib/libnx.a(fs_dev.o)
 *fill*         0x000000000000b8e4        0xc 
 .text.fsdev_stat
                0x000000000000b8f0      0x1fc /opt/devkitpro/libnx/lib/libnx.a(fs_dev.o)
 *fill*         0x000000000000baec        0x4 
 .text.fsdev_rename
                0x000000000000baf0      0x14c /opt/devkitpro/libnx/lib/libnx.a(fs_dev.o)
 *fill*         0x000000000000bc3c        0x4 
 .text.fsdev_chdir
                0x000000000000bc40      0x140 /opt/devkitpro/libnx/lib/libnx.a(fs_dev.o)
 .text.fsdev_rmdir
                0x000000000000bd80       0xa4 /opt/devkitpro/libnx/lib/libnx.a(fs_dev.o)
 *fill*         0x000000000000be24        0xc 
 .text.fsdev_mkdir
                0x000000000000be30       0xa4 /opt/devkitpro/libnx/lib/libnx.a(fs_dev.o)
 *fill*         0x000000000000bed4        0xc 
 .text.fsdev_unlink
                0x000000000000bee0       0xa4 /opt/devkitpro/libnx/lib/libnx.a(fs_dev.o)
 *fill*         0x000000000000bf84        0xc 
 .text.fsdev_write_safe
                0x000000000000bf90      0x144 /opt/devkitpro/libnx/lib/libnx.a(fs_dev.o)
 *fill*         0x000000000000c0d4        0xc 
 .text.fsdev_read_safe
                0x000000000000c0e0      0x13c /opt/devkitpro/libnx/lib/libnx.a(fs_dev.o)
 *fill*         0x000000000000c21c        0x4 
 .text.fsdev_read
                0x000000000000c220      0x100 /opt/devkitpro/libnx/lib/libnx.a(fs_dev.o)
 .text.fsdev_dirnext
                0x000000000000c320      0x1cc /opt/devkitpro/libnx/lib/libnx.a(fs_dev.o)
 *fill*         0x000000000000c4ec        0x4 
 .text.fsdev_write
                0x000000000000c4f0      0x124 /opt/devkitpro/libnx/lib/libnx.a(fs_dev.o)
 *fill*         0x000000000000c614        0xc 
 .text.fsdev_seek
                0x000000000000c620       0xe0 /opt/devkitpro/libnx/lib/libnx.a(fs_dev.o)
 .text.fsdev_open
                0x000000000000c700      0x250 /opt/devkitpro/libnx/lib/libnx.a(fs_dev.o)
 .text.fsdevMountDevice
                0x000000000000c950      0x228 /opt/devkitpro/libnx/lib/libnx.a(fs_dev.o)
                0x000000000000c950                fsdevMountDevice
 *fill*         0x000000000000cb78        0x8 
 .text.fsdevMountSdmc
                0x000000000000cb80       0x40 /opt/devkitpro/libnx/lib/libnx.a(fs_dev.o)
                0x000000000000cb80                fsdevMountSdmc
 .text.__libnx_init_cwd
                0x000000000000cbc0       0xc0 /opt/devkitpro/libnx/lib/libnx.a(fs_dev.o)
                0x000000000000cbc0                __libnx_init_cwd
 .text.fsdevUnmountAll
                0x000000000000cc80       0x64 /opt/devkitpro/libnx/lib/libnx.a(fs_dev.o)
                0x000000000000cc80                fsdevUnmountAll
 *fill*         0x000000000000cce4        0xc 
 .text.decode_utf8
                0x000000000000ccf0      0x12c /opt/devkitpro/libnx/lib/libnx.a(decode_utf8.o)
                0x000000000000ccf0                decode_utf8
 .text.armDCacheFlush
                0x000000000000ce1c       0x4c /opt/devkitpro/libnx/lib/libnx.a(cache.o)
                0x000000000000ce1c                armDCacheFlush
 .text.__libnx_exception_entry
                0x000000000000ce68      0x1c0 /opt/devkitpro/libnx/lib/libnx.a(exception.o)
                0x000000000000ce68                __libnx_exception_entry
 .text.__libnx_exception_returnentry
                0x000000000000d028       0x18 /opt/devkitpro/libnx/lib/libnx.a(exception.o)
                0x000000000000d028                __libnx_exception_returnentry
 .text.__aarch64_read_tp
                0x000000000000d040        0xc /opt/devkitpro/libnx/lib/libnx.a(readtp.o)
                0x000000000000d040                __aarch64_read_tp
 *fill*         0x000000000000d04c        0x4 
 .text.condvarWaitTimeout
                0x000000000000d050       0x64 /opt/devkitpro/libnx/lib/libnx.a(condvar.o)
                0x000000000000d050                condvarWaitTimeout
 *fill*         0x000000000000d0b4        0xc 
 .text.randomGet
                0x000000000000d0c0      0x3c4 /opt/devkitpro/libnx/lib/libnx.a(random.o)
                0x000000000000d0c0                randomGet
 *fill*         0x000000000000d484        0xc 
 .text.randomGet64
                0x000000000000d490       0x20 /opt/devkitpro/libnx/lib/libnx.a(random.o)
                0x000000000000d490                randomGet64
 .text.shmemLoadRemote
                0x000000000000d4b0       0x14 /opt/devkitpro/libnx/lib/libnx.a(shmem.o)
                0x000000000000d4b0                shmemLoadRemote
 *fill*         0x000000000000d4c4        0xc 
 .text.shmemMap
                0x000000000000d4d0       0x88 /opt/devkitpro/libnx/lib/libnx.a(shmem.o)
                0x000000000000d4d0                shmemMap
 *fill*         0x000000000000d558        0x8 
 .text.shmemUnmap
                0x000000000000d560       0x34 /opt/devkitpro/libnx/lib/libnx.a(shmem.o)
                0x000000000000d560                shmemUnmap
 *fill*         0x000000000000d594        0xc 
 .text.shmemClose
                0x000000000000d5a0       0x44 /opt/devkitpro/libnx/lib/libnx.a(shmem.o)
                0x000000000000d5a0                shmemClose
 *fill*         0x000000000000d5e4        0xc 
 .text.__libnx_init_thread
                0x000000000000d5f0       0xb0 /opt/devkitpro/libnx/lib/libnx.a(thread.o)
                0x000000000000d5f0                __libnx_init_thread
 .text._fsCleanup
                0x000000000000d6a0       0xb4 /opt/devkitpro/libnx/lib/libnx.a(fs.o)
 *fill*         0x000000000000d754        0xc 
 .text._fsCmdNoIO
                0x000000000000d760      0x1ac /opt/devkitpro/libnx/lib/libnx.a(fs.o)
 *fill*         0x000000000000d90c        0x4 
 .text._fsFsCmdWithInPath
                0x000000000000d910      0x1d4 /opt/devkitpro/libnx/lib/libnx.a(fs.o)
 *fill*         0x000000000000dae4        0xc 
 .text._fsFsCmdWithTwoInPaths
                0x000000000000daf0      0x1f0 /opt/devkitpro/libnx/lib/libnx.a(fs.o)
 .text._fsFsOpenCommon
                0x000000000000dce0      0x26c /opt/devkitpro/libnx/lib/libnx.a(fs.o)
 *fill*         0x000000000000df4c        0x4 
 .text._fsFsCmdWithInPathAndOutU64
                0x000000000000df50      0x1e8 /opt/devkitpro/libnx/lib/libnx.a(fs.o)
 *fill*         0x000000000000e138        0x8 
 .text._fsObjectClose
                0x000000000000e140       0xf4 /opt/devkitpro/libnx/lib/libnx.a(fs.o)
 *fill*         0x000000000000e234        0xc 
 .text._fsCmdGetSession.constprop.0
                0x000000000000e240      0x17c /opt/devkitpro/libnx/lib/libnx.a(fs.o)
 *fill*         0x000000000000e3bc        0x4 
 .text.fsInitialize
                0x000000000000e3c0      0x2f8 /opt/devkitpro/libnx/lib/libnx.a(fs.o)
                0x000000000000e3c0                fsInitialize
 *fill*         0x000000000000e6b8        0x8 
 .text.fsExit   0x000000000000e6c0       0x44 /opt/devkitpro/libnx/lib/libnx.a(fs.o)
                0x000000000000e6c0                fsExit
 *fill*         0x000000000000e704        0xc 
 .text.fsOpenSdCardFileSystem
                0x000000000000e710        0x8 /opt/devkitpro/libnx/lib/libnx.a(fs.o)
                0x000000000000e710                fsOpenSdCardFileSystem
 *fill*         0x000000000000e718        0x8 
 .text.fsFsCreateFile
                0x000000000000e720      0x1e4 /opt/devkitpro/libnx/lib/libnx.a(fs.o)
                0x000000000000e720                fsFsCreateFile
 *fill*         0x000000000000e904        0xc 
 .text.fsFsDeleteFile
                0x000000000000e910        0x8 /opt/devkitpro/libnx/lib/libnx.a(fs.o)
                0x000000000000e910                fsFsDeleteFile
 *fill*         0x000000000000e918        0x8 
 .text.fsFsCreateDirectory
                0x000000000000e920        0x8 /opt/devkitpro/libnx/lib/libnx.a(fs.o)
                0x000000000000e920                fsFsCreateDirectory
 *fill*         0x000000000000e928        0x8 
 .text.fsFsDeleteDirectory
                0x000000000000e930        0x8 /opt/devkitpro/libnx/lib/libnx.a(fs.o)
                0x000000000000e930                fsFsDeleteDirectory
 *fill*         0x000000000000e938        0x8 
 .text.fsFsRenameFile
                0x000000000000e940        0x8 /opt/devkitpro/libnx/lib/libnx.a(fs.o)
                0x000000000000e940                fsFsRenameFile
 *fill*         0x000000000000e948        0x8 
 .text.fsFsRenameDirectory
                0x000000000000e950        0x8 /opt/devkitpro/libnx/lib/libnx.a(fs.o)
                0x000000000000e950                fsFsRenameDirectory
 *fill*         0x000000000000e958        0x8 
 .text.fsFsGetEntryType
                0x000000000000e960      0x1e8 /opt/devkitpro/libnx/lib/libnx.a(fs.o)
                0x000000000000e960                fsFsGetEntryType
 *fill*         0x000000000000eb48        0x8 
 .text.fsFsOpenFile
                0x000000000000eb50        0x8 /opt/devkitpro/libnx/lib/libnx.a(fs.o)
                0x000000000000eb50                fsFsOpenFile
 *fill*         0x000000000000eb58        0x8 
 .text.fsFsOpenDirectory
                0x000000000000eb60        0x8 /opt/devkitpro/libnx/lib/libnx.a(fs.o)
                0x000000000000eb60                fsFsOpenDirectory
 *fill*         0x000000000000eb68        0x8 
 .text.fsFsGetFreeSpace
                0x000000000000eb70        0x8 /opt/devkitpro/libnx/lib/libnx.a(fs.o)
                0x000000000000eb70                fsFsGetFreeSpace
 *fill*         0x000000000000eb78        0x8 
 .text.fsFsGetTotalSpace
                0x000000000000eb80        0x8 /opt/devkitpro/libnx/lib/libnx.a(fs.o)
                0x000000000000eb80                fsFsGetTotalSpace
 *fill*         0x000000000000eb88        0x8 
 .text.fsFsGetFileTimeStampRaw
                0x000000000000eb90      0x228 /opt/devkitpro/libnx/lib/libnx.a(fs.o)
                0x000000000000eb90                fsFsGetFileTimeStampRaw
 *fill*         0x000000000000edb8        0x8 
 .text.fsFsClose
                0x000000000000edc0        0x4 /opt/devkitpro/libnx/lib/libnx.a(fs.o)
                0x000000000000edc0                fsFsClose
 *fill*         0x000000000000edc4        0xc 
 .text.fsFileRead
                0x000000000000edd0      0x210 /opt/devkitpro/libnx/lib/libnx.a(fs.o)
                0x000000000000edd0                fsFileRead
 .text.fsFileWrite
                0x000000000000efe0      0x1f8 /opt/devkitpro/libnx/lib/libnx.a(fs.o)
                0x000000000000efe0                fsFileWrite
 *fill*         0x000000000000f1d8        0x8 
 .text.fsFileFlush
                0x000000000000f1e0        0x8 /opt/devkitpro/libnx/lib/libnx.a(fs.o)
                0x000000000000f1e0                fsFileFlush
 *fill*         0x000000000000f1e8        0x8 
 .text.fsFileSetSize
                0x000000000000f1f0      0x1b8 /opt/devkitpro/libnx/lib/libnx.a(fs.o)
                0x000000000000f1f0                fsFileSetSize
 *fill*         0x000000000000f3a8        0x8 
 .text.fsFileGetSize
                0x000000000000f3b0      0x1c0 /opt/devkitpro/libnx/lib/libnx.a(fs.o)
                0x000000000000f3b0                fsFileGetSize
 .text.fsFileClose
                0x000000000000f570        0x4 /opt/devkitpro/libnx/lib/libnx.a(fs.o)
                0x000000000000f570                fsFileClose
 *fill*         0x000000000000f574        0xc 
 .text.fsDirClose
                0x000000000000f580        0x4 /opt/devkitpro/libnx/lib/libnx.a(fs.o)
                0x000000000000f580                fsDirClose
 *fill*         0x000000000000f584        0xc 
 .text.fsDirRead
                0x000000000000f590      0x1f8 /opt/devkitpro/libnx/lib/libnx.a(fs.o)
                0x000000000000f590                fsDirRead
 *fill*         0x000000000000f788        0x8 
 .text._nvSetClientPID
                0x000000000000f790       0xd0 /opt/devkitpro/libnx/lib/libnx.a(nv.o)
 .text._nvCleanup
                0x000000000000f860       0xc8 /opt/devkitpro/libnx/lib/libnx.a(nv.o)
 *fill*         0x000000000000f928        0x8 
 .text._nvCmdInitialize.constprop.0
                0x000000000000f930       0xd8 /opt/devkitpro/libnx/lib/libnx.a(nv.o)
 *fill*         0x000000000000fa08        0x8 
 .text.__nx_nv_create_tmem
                0x000000000000fa10       0x1c /opt/devkitpro/libnx/lib/libnx.a(nv.o)
                0x000000000000fa10                __nx_nv_create_tmem
 *fill*         0x000000000000fa2c        0x4 
 .text.nvInitialize
                0x000000000000fa30      0x2d8 /opt/devkitpro/libnx/lib/libnx.a(nv.o)
                0x000000000000fa30                nvInitialize
 *fill*         0x000000000000fd08        0x8 
 .text.nvExit   0x000000000000fd10       0x44 /opt/devkitpro/libnx/lib/libnx.a(nv.o)
                0x000000000000fd10                nvExit
 *fill*         0x000000000000fd54        0xc 
 .text.nvConvertError
                0x000000000000fd60       0xf4 /opt/devkitpro/libnx/lib/libnx.a(nv.o)
                0x000000000000fd60                nvConvertError
 *fill*         0x000000000000fe54        0xc 
 .text.nvOpen   0x000000000000fe60      0x118 /opt/devkitpro/libnx/lib/libnx.a(nv.o)
                0x000000000000fe60                nvOpen
 *fill*         0x000000000000ff78        0x8 
 .text.nvIoctl  0x000000000000ff80      0x2f8 /opt/devkitpro/libnx/lib/libnx.a(nv.o)
                0x000000000000ff80                nvIoctl
 *fill*         0x0000000000010278        0x8 
 .text.nvClose  0x0000000000010280       0xd8 /opt/devkitpro/libnx/lib/libnx.a(nv.o)
                0x0000000000010280                nvClose
 *fill*         0x0000000000010358        0x8 
 .text.nvQueryEvent
                0x0000000000010360      0x110 /opt/devkitpro/libnx/lib/libnx.a(nv.o)
                0x0000000000010360                nvQueryEvent
 .text._setsysGetFirmwareVersionImpl
                0x0000000000010470       0xd4 /opt/devkitpro/libnx/lib/libnx.a(set.o)
 *fill*         0x0000000000010544        0xc 
 .text._setsysCleanup
                0x0000000000010550       0x68 /opt/devkitpro/libnx/lib/libnx.a(set.o)
 *fill*         0x00000000000105b8        0x8 
 .text.setsysInitialize
                0x00000000000105c0       0xa0 /opt/devkitpro/libnx/lib/libnx.a(set.o)
                0x00000000000105c0                setsysInitialize
 .text.setsysExit
                0x0000000000010660       0x44 /opt/devkitpro/libnx/lib/libnx.a(set.o)
                0x0000000000010660                setsysExit
 *fill*         0x00000000000106a4        0xc 
 .text.setsysGetFirmwareVersion
                0x00000000000106b0       0x44 /opt/devkitpro/libnx/lib/libnx.a(set.o)
                0x00000000000106b0                setsysGetFirmwareVersion
 *fill*         0x00000000000106f4        0xc 
 .text._timeCleanup
                0x0000000000010700      0x228 /opt/devkitpro/libnx/lib/libnx.a(time.o)
 *fill*         0x0000000000010928        0x8 
 .text._timeCmdGetSession.constprop.0
                0x0000000000010930      0x100 /opt/devkitpro/libnx/lib/libnx.a(time.o)
 .text._timeGetSharedMemoryNativeHandle.constprop.0
                0x0000000000010a30       0xcc /opt/devkitpro/libnx/lib/libnx.a(time.o)
 *fill*         0x0000000000010afc        0x4 
 .text._timeCmdNoInOutU64.constprop.0.isra.0
                0x0000000000010b00       0xc4 /opt/devkitpro/libnx/lib/libnx.a(time.o)
 *fill*         0x0000000000010bc4        0xc 
 .text._timeReadClockFromSharedMem
                0x0000000000010bd0      0x104 /opt/devkitpro/libnx/lib/libnx.a(time.o)
 *fill*         0x0000000000010cd4        0xc 
 .text.timeInitialize
                0x0000000000010ce0      0x238 /opt/devkitpro/libnx/lib/libnx.a(time.o)
                0x0000000000010ce0                timeInitialize
 *fill*         0x0000000000010f18        0x8 
 .text.timeExit
                0x0000000000010f20       0x44 /opt/devkitpro/libnx/lib/libnx.a(time.o)
                0x0000000000010f20                timeExit
 *fill*         0x0000000000010f64        0xc 
 .text.timeGetServiceSession_SystemClock
                0x0000000000010f70       0x38 /opt/devkitpro/libnx/lib/libnx.a(time.o)
                0x0000000000010f70                timeGetServiceSession_SystemClock
 *fill*         0x0000000000010fa8        0x8 
 .text.timeGetCurrentTime
                0x0000000000010fb0       0x68 /opt/devkitpro/libnx/lib/libnx.a(time.o)
                0x0000000000010fb0                timeGetCurrentTime
 *fill*         0x0000000000011018        0x8 
 .text.timeToCalendarTimeWithMyRule
                0x0000000000011020      0x110 /opt/devkitpro/libnx/lib/libnx.a(time.o)
                0x0000000000011020                timeToCalendarTimeWithMyRule
 .text.timeToPosixTimeWithMyRule
                0x0000000000011130      0x104 /opt/devkitpro/libnx/lib/libnx.a(time.o)
                0x0000000000011130                timeToPosixTimeWithMyRule
 *fill*         0x0000000000011234        0xc 
 .text._viCleanup
                0x0000000000011240      0x1dc /opt/devkitpro/libnx/lib/libnx.a(vi.o)
 *fill*         0x000000000001141c        0x4 
 .text._viCmdGetSessionNoParams.constprop.0
                0x0000000000011420      0x100 /opt/devkitpro/libnx/lib/libnx.a(vi.o)
 .text._viCmdGetSession.constprop.0
                0x0000000000011520       0xfc /opt/devkitpro/libnx/lib/libnx.a(vi.o)
 *fill*         0x000000000001161c        0x4 
 .text.viInitialize
                0x0000000000011620      0x284 /opt/devkitpro/libnx/lib/libnx.a(vi.o)
                0x0000000000011620                viInitialize
 *fill*         0x00000000000118a4        0xc 
 .text.viExit   0x00000000000118b0       0x44 /opt/devkitpro/libnx/lib/libnx.a(vi.o)
                0x00000000000118b0                viExit
 *fill*         0x00000000000118f4        0xc 
 .text.viGetSession_IHOSBinderDriverRelay
                0x0000000000011900        0xc /opt/devkitpro/libnx/lib/libnx.a(vi.o)
                0x0000000000011900                viGetSession_IHOSBinderDriverRelay
 *fill*         0x000000000001190c        0x4 
 .text.viOpenDisplay
                0x0000000000011910      0x118 /opt/devkitpro/libnx/lib/libnx.a(vi.o)
                0x0000000000011910                viOpenDisplay
 *fill*         0x0000000000011a28        0x8 
 .text.viCloseDisplay
                0x0000000000011a30       0xf4 /opt/devkitpro/libnx/lib/libnx.a(vi.o)
                0x0000000000011a30                viCloseDisplay
 *fill*         0x0000000000011b24        0xc 
 .text.viCloseLayer
                0x0000000000011b30       0xfc /opt/devkitpro/libnx/lib/libnx.a(vi.o)
                0x0000000000011b30                viCloseLayer
 *fill*         0x0000000000011c2c        0x4 
 .text.viCreateLayer
                0x0000000000011c30      0x374 /opt/devkitpro/libnx/lib/libnx.a(vi.o)
                0x0000000000011c30                viCreateLayer
 *fill*         0x0000000000011fa4        0xc 
 .text.viSetLayerScalingMode
                0x0000000000011fb0       0xd8 /opt/devkitpro/libnx/lib/libnx.a(vi.o)
                0x0000000000011fb0                viSetLayerScalingMode
 *fill*         0x0000000000012088        0x8 
 .text._nvFenceCleanup
                0x0000000000012090       0x7c /opt/devkitpro/libnx/lib/libnx.a(fence.o)
 *fill*         0x000000000001210c        0x4 
 .text.nvFenceInit
                0x0000000000012110       0x98 /opt/devkitpro/libnx/lib/libnx.a(fence.o)
                0x0000000000012110                nvFenceInit
 *fill*         0x00000000000121a8        0x8 
 .text.nvFenceExit
                0x00000000000121b0       0x44 /opt/devkitpro/libnx/lib/libnx.a(fence.o)
                0x00000000000121b0                nvFenceExit
 *fill*         0x00000000000121f4        0xc 
 .text.nvFenceWait
                0x0000000000012200      0x240 /opt/devkitpro/libnx/lib/libnx.a(fence.o)
                0x0000000000012200                nvFenceWait
 .text.nvMultiFenceWait
                0x0000000000012440       0x74 /opt/devkitpro/libnx/lib/libnx.a(fence.o)
                0x0000000000012440                nvMultiFenceWait
 *fill*         0x00000000000124b4        0xc 
 .text.nvMapInit
                0x00000000000124c0       0xb4 /opt/devkitpro/libnx/lib/libnx.a(map.o)
                0x00000000000124c0                nvMapInit
 *fill*         0x0000000000012574        0xc 
 .text.nvMapExit
                0x0000000000012580       0x6c /opt/devkitpro/libnx/lib/libnx.a(map.o)
                0x0000000000012580                nvMapExit
 *fill*         0x00000000000125ec        0x4 
 .text.nvMapClose
                0x00000000000125f0       0x80 /opt/devkitpro/libnx/lib/libnx.a(map.o)
                0x00000000000125f0                nvMapClose
 .text.nvMapCreate
                0x0000000000012670      0x154 /opt/devkitpro/libnx/lib/libnx.a(map.o)
                0x0000000000012670                nvMapCreate
 *fill*         0x00000000000127c4        0xc 
 .text.nvioctlNvhostCtrl_EventSignal
                0x00000000000127d0       0x28 /opt/devkitpro/libnx/lib/libnx.a(nvhost-ctrl.o)
                0x00000000000127d0                nvioctlNvhostCtrl_EventSignal
 *fill*         0x00000000000127f8        0x8 
 .text.nvioctlNvhostCtrl_EventWait
                0x0000000000012800       0x44 /opt/devkitpro/libnx/lib/libnx.a(nvhost-ctrl.o)
                0x0000000000012800                nvioctlNvhostCtrl_EventWait
 *fill*         0x0000000000012844        0xc 
 .text.nvioctlNvhostCtrl_EventWaitAsync
                0x0000000000012850       0x30 /opt/devkitpro/libnx/lib/libnx.a(nvhost-ctrl.o)
                0x0000000000012850                nvioctlNvhostCtrl_EventWaitAsync
 .text.nvioctlNvhostCtrl_EventRegister
                0x0000000000012880       0x28 /opt/devkitpro/libnx/lib/libnx.a(nvhost-ctrl.o)
                0x0000000000012880                nvioctlNvhostCtrl_EventRegister
 *fill*         0x00000000000128a8        0x8 
 .text.nvioctlNvhostCtrl_EventUnregister
                0x00000000000128b0       0x28 /opt/devkitpro/libnx/lib/libnx.a(nvhost-ctrl.o)
                0x00000000000128b0                nvioctlNvhostCtrl_EventUnregister
 *fill*         0x00000000000128d8        0x8 
 .text.nvioctlNvmap_Create
                0x00000000000128e0       0x40 /opt/devkitpro/libnx/lib/libnx.a(nvmap.o)
                0x00000000000128e0                nvioctlNvmap_Create
 .text.nvioctlNvmap_Alloc
                0x0000000000012920       0x38 /opt/devkitpro/libnx/lib/libnx.a(nvmap.o)
                0x0000000000012920                nvioctlNvmap_Alloc
 *fill*         0x0000000000012958        0x8 
 .text.nvioctlNvmap_Free
                0x0000000000012960       0x34 /opt/devkitpro/libnx/lib/libnx.a(nvmap.o)
                0x0000000000012960                nvioctlNvmap_Free
 *fill*         0x0000000000012994        0xc 
 .text.nvioctlNvmap_GetId
                0x00000000000129a0       0x40 /opt/devkitpro/libnx/lib/libnx.a(nvmap.o)
                0x00000000000129a0                nvioctlNvmap_GetId
 .text.binderCreate
                0x00000000000129e0       0x1c /opt/devkitpro/libnx/lib/libnx.a(binder.o)
                0x00000000000129e0                binderCreate
 *fill*         0x00000000000129fc        0x4 
 .text.binderTransactParcel
                0x0000000000012a00      0x368 /opt/devkitpro/libnx/lib/libnx.a(binder.o)
                0x0000000000012a00                binderTransactParcel
 *fill*         0x0000000000012d68        0x8 
 .text.binderConvertErrorCode
                0x0000000000012d70       0xe8 /opt/devkitpro/libnx/lib/libnx.a(binder.o)
                0x0000000000012d70                binderConvertErrorCode
 *fill*         0x0000000000012e58        0x8 
 .text.binderAdjustRefcount
                0x0000000000012e60      0x128 /opt/devkitpro/libnx/lib/libnx.a(binder.o)
                0x0000000000012e60                binderAdjustRefcount
 *fill*         0x0000000000012f88        0x8 
 .text.binderInitSession
                0x0000000000012f90       0x98 /opt/devkitpro/libnx/lib/libnx.a(binder.o)
                0x0000000000012f90                binderInitSession
 *fill*         0x0000000000013028        0x8 
 .text.binderClose
                0x0000000000013030       0x68 /opt/devkitpro/libnx/lib/libnx.a(binder.o)
                0x0000000000013030                binderClose
 *fill*         0x0000000000013098        0x8 
 .text.binderGetNativeHandle
                0x00000000000130a0      0x15c /opt/devkitpro/libnx/lib/libnx.a(binder.o)
                0x00000000000130a0                binderGetNativeHandle
 *fill*         0x00000000000131fc        0x4 
 .text.bqRequestBuffer
                0x0000000000013200       0xd8 /opt/devkitpro/libnx/lib/libnx.a(buffer_producer.o)
                0x0000000000013200                bqRequestBuffer
 *fill*         0x00000000000132d8        0x8 
 .text.bqDequeueBuffer
                0x00000000000132e0      0x160 /opt/devkitpro/libnx/lib/libnx.a(buffer_producer.o)
                0x00000000000132e0                bqDequeueBuffer
 .text.bqQueueBuffer
                0x0000000000013440       0xdc /opt/devkitpro/libnx/lib/libnx.a(buffer_producer.o)
                0x0000000000013440                bqQueueBuffer
 *fill*         0x000000000001351c        0x4 
 .text.bqCancelBuffer
                0x0000000000013520       0x94 /opt/devkitpro/libnx/lib/libnx.a(buffer_producer.o)
                0x0000000000013520                bqCancelBuffer
 *fill*         0x00000000000135b4        0xc 
 .text.bqConnect
                0x00000000000135c0       0xe4 /opt/devkitpro/libnx/lib/libnx.a(buffer_producer.o)
                0x00000000000135c0                bqConnect
 *fill*         0x00000000000136a4        0xc 
 .text.bqDisconnect
                0x00000000000136b0       0x9c /opt/devkitpro/libnx/lib/libnx.a(buffer_producer.o)
                0x00000000000136b0                bqDisconnect
 *fill*         0x000000000001374c        0x4 
 .text.bqSetPreallocatedBuffer
                0x0000000000013750      0x17c /opt/devkitpro/libnx/lib/libnx.a(buffer_producer.o)
                0x0000000000013750                bqSetPreallocatedBuffer
 *fill*         0x00000000000138cc        0x4 
 .text.parcelCreate
                0x00000000000138d0       0x30 /opt/devkitpro/libnx/lib/libnx.a(parcel.o)
                0x00000000000138d0                parcelCreate
 .text.parcelTransact
                0x0000000000013900      0x198 /opt/devkitpro/libnx/lib/libnx.a(parcel.o)
                0x0000000000013900                parcelTransact
 *fill*         0x0000000000013a98        0x8 
 .text.parcelWriteData
                0x0000000000013aa0       0x88 /opt/devkitpro/libnx/lib/libnx.a(parcel.o)
                0x0000000000013aa0                parcelWriteData
 *fill*         0x0000000000013b28        0x8 
 .text.parcelReadData
                0x0000000000013b30       0x98 /opt/devkitpro/libnx/lib/libnx.a(parcel.o)
                0x0000000000013b30                parcelReadData
 *fill*         0x0000000000013bc8        0x8 
 .text.parcelWriteInt32
                0x0000000000013bd0       0x20 /opt/devkitpro/libnx/lib/libnx.a(parcel.o)
                0x0000000000013bd0                parcelWriteInt32
 .text.parcelWriteUInt32
                0x0000000000013bf0       0x20 /opt/devkitpro/libnx/lib/libnx.a(parcel.o)
                0x0000000000013bf0                parcelWriteUInt32
 .text.parcelWriteString16
                0x0000000000013c10       0x7c /opt/devkitpro/libnx/lib/libnx.a(parcel.o)
                0x0000000000013c10                parcelWriteString16
 *fill*         0x0000000000013c8c        0x4 
 .text.parcelWriteInterfaceToken
                0x0000000000013c90       0x30 /opt/devkitpro/libnx/lib/libnx.a(parcel.o)
                0x0000000000013c90                parcelWriteInterfaceToken
 .text.parcelReadInt32
                0x0000000000013cc0       0x24 /opt/devkitpro/libnx/lib/libnx.a(parcel.o)
                0x0000000000013cc0                parcelReadInt32
 *fill*         0x0000000000013ce4        0xc 
 .text.parcelReadFlattenedObject
                0x0000000000013cf0       0x68 /opt/devkitpro/libnx/lib/libnx.a(parcel.o)
                0x0000000000013cf0                parcelReadFlattenedObject
 *fill*         0x0000000000013d58        0x8 
 .text.parcelWriteFlattenedObject
                0x0000000000013d60       0x4c /opt/devkitpro/libnx/lib/libnx.a(parcel.o)
                0x0000000000013d60                parcelWriteFlattenedObject
 *fill*         0x0000000000013dac        0x4 
 .text.sessionmgrCreate
                0x0000000000013db0      0x178 /opt/devkitpro/libnx/lib/libnx.a(sessionmgr.o)
                0x0000000000013db0                sessionmgrCreate
 *fill*         0x0000000000013f28        0x8 
 .text.sessionmgrClose
                0x0000000000013f30       0x84 /opt/devkitpro/libnx/lib/libnx.a(sessionmgr.o)
                0x0000000000013f30                sessionmgrClose
 *fill*         0x0000000000013fb4        0xc 
 .text.sessionmgrAttachClient
                0x0000000000013fc0       0xb4 /opt/devkitpro/libnx/lib/libnx.a(sessionmgr.o)
                0x0000000000013fc0                sessionmgrAttachClient
 *fill*         0x0000000000014074        0xc 
 .text.sessionmgrDetachClient
                0x0000000000014080       0x70 /opt/devkitpro/libnx/lib/libnx.a(sessionmgr.o)
                0x0000000000014080                sessionmgrDetachClient
 *fill*         0x00000000000140f0       0x10 
 .text.setenv   0x0000000000014100       0x3c /opt/devkitpro/devkitA64/bin/../lib/gcc/aarch64-none-elf/14.1.0/../../../../aarch64-none-elf/lib/pic/libg.a(libc_a-setenv.o)
                0x0000000000014100                setenv
 *fill*         0x000000000001413c        0x4 
 .text.__stack_chk_fail
                0x0000000000014140       0x50 /opt/devkitpro/devkitA64/bin/../lib/gcc/aarch64-none-elf/14.1.0/../../../../aarch64-none-elf/lib/pic/libg.a(libc_a-stack_protector.o)
                0x0000000000014140                __stack_chk_fail
 *fill*         0x0000000000014190       0x10 
 .text.putchar  0x00000000000141a0       0x28 /opt/devkitpro/devkitA64/bin/../lib/gcc/aarch64-none-elf/14.1.0/../../../../aarch64-none-elf/lib/pic/libg.a(libc_a-putchar.o)
                0x00000000000141a0                putchar
 *fill*         0x00000000000141c8       0x18 
 .text._strtoul_l.isra.0
                0x00000000000141e0      0x1a4 /opt/devkitpro/devkitA64/bin/../lib/gcc/aarch64-none-elf/14.1.0/../../../../aarch64-none-elf/lib/pic/libg.a(libc_a-strtoul.o)
 *fill*         0x0000000000014384       0x1c 
 .text._strtoul_r
                0x00000000000143a0       0x44 /opt/devkitpro/devkitA64/bin/../lib/gcc/aarch64-none-elf/14.1.0/../../../../aarch64-none-elf/lib/pic/libg.a(libc_a-strtoul.o)
                0x00000000000143a0                _strtoul_r
 *fill*         0x00000000000143e4       0x1c 
 .text.strtoul  0x0000000000014400       0x48 /opt/devkitpro/devkitA64/bin/../lib/gcc/aarch64-none-elf/14.1.0/../../../../aarch64-none-elf/lib/pic/libg.a(libc_a-strtoul.o)
                0x0000000000014400                strtoul
 *fill*         0x0000000000014448       0x38 
 .text          0x0000000000014480      0x130 /opt/devkitpro/devkitA64/bin/../lib/gcc/aarch64-none-elf/14.1.0/../../../../aarch64-none-elf/lib/pic/libg.a(libc_a-strlen.o)
                0x0000000000014480                strlen
 *fill*         0x00000000000145b0       0x10 
 .text.write    0x00000000000145c0       0x3c /opt/devkitpro/devkitA64/bin/../lib/gcc/aarch64-none-elf/14.1.0/../../../../aarch64-none-elf/lib/pic/libg.a(libc_a-syswrite.o)
                0x00000000000145c0                write
 *fill*         0x00000000000145fc        0x4 
 .text.strncat  0x0000000000014600       0x80 /opt/devkitpro/devkitA64/bin/../lib/gcc/aarch64-none-elf/14.1.0/../../../../aarch64-none-elf/lib/pic/libg.a(libc_a-strncat.o)
                0x0000000000014600                strncat
 .text.bsearch  0x0000000000014680       0xb8 /opt/devkitpro/devkitA64/bin/../lib/gcc/aarch64-none-elf/14.1.0/../../../../aarch64-none-elf/lib/pic/libg.a(libc_a-bsearch.o)
                0x0000000000014680                bsearch
 *fill*         0x0000000000014738        0x8 
 .text          0x0000000000014740       0xdc /opt/devkitpro/devkitA64/bin/../lib/gcc/aarch64-none-elf/14.1.0/../../../../aarch64-none-elf/lib/pic/libg.a(libc_a-memchr.o)
                0x0000000000014740                memchr
 *fill*         0x000000000001481c        0x4 
 .text.aligned_alloc
                0x0000000000014820       0x2c /opt/devkitpro/devkitA64/bin/../lib/gcc/aarch64-none-elf/14.1.0/../../../../aarch64-none-elf/lib/pic/libg.a(libc_a-aligned_alloc.o)
                0x0000000000014820                aligned_alloc
 *fill*         0x000000000001484c       0x34 
 .text          0x0000000000014880      0x1b4 /opt/devkitpro/devkitA64/bin/../lib/gcc/aarch64-none-elf/14.1.0/../../../../aarch64-none-elf/lib/pic/libg.a(libc_a-strncmp.o)
                0x0000000000014880                strncmp
 *fill*         0x0000000000014a34        0xc 
 .text          0x0000000000014a40      0x134 /opt/devkitpro/devkitA64/bin/../lib/gcc/aarch64-none-elf/14.1.0/../../../../aarch64-none-elf/lib/pic/libg.a(libc_a-strcmp.o)
                0x0000000000014a40                strcmp
 *fill*         0x0000000000014b74        0xc 
 .text          0x0000000000014b80       0xb8 /opt/devkitpro/devkitA64/bin/../lib/gcc/aarch64-none-elf/14.1.0/../../../../aarch64-none-elf/lib/pic/libg.a(libc_a-strnlen.o)
                0x0000000000014b80                strnlen
 *fill*         0x0000000000014c38        0x8 
 .text.memalign
                0x0000000000014c40       0x2c /opt/devkitpro/devkitA64/bin/../lib/gcc/aarch64-none-elf/14.1.0/../../../../aarch64-none-elf/lib/pic/libg.a(libc_a-malign.o)
                0x0000000000014c40                memalign
 *fill*         0x0000000000014c6c       0x14 
 .text.stdio_exit_handler
                0x0000000000014c80       0x1c /opt/devkitpro/devkitA64/bin/../lib/gcc/aarch64-none-elf/14.1.0/../../../../aarch64-none-elf/lib/pic/libg.a(libc_a-findfp.o)
 *fill*         0x0000000000014c9c        0x4 
 .text.cleanup_stdio
                0x0000000000014ca0       0x6c /opt/devkitpro/devkitA64/bin/../lib/gcc/aarch64-none-elf/14.1.0/../../../../aarch64-none-elf/lib/pic/libg.a(libc_a-findfp.o)
 *fill*         0x0000000000014d0c       0x14 
 .text.global_stdio_init.part.0
                0x0000000000014d20      0x134 /opt/devkitpro/devkitA64/bin/../lib/gcc/aarch64-none-elf/14.1.0/../../../../aarch64-none-elf/lib/pic/libg.a(libc_a-findfp.o)
 *fill*         0x0000000000014e54        0xc 
 .text.__sfp_lock_acquire
                0x0000000000014e60        0xc /opt/devkitpro/devkitA64/bin/../lib/gcc/aarch64-none-elf/14.1.0/../../../../aarch64-none-elf/lib/pic/libg.a(libc_a-findfp.o)
                0x0000000000014e60                __sfp_lock_acquire
 *fill*         0x0000000000014e6c       0x14 
 .text.__sfp_lock_release
                0x0000000000014e80        0xc /opt/devkitpro/devkitA64/bin/../lib/gcc/aarch64-none-elf/14.1.0/../../../../aarch64-none-elf/lib/pic/libg.a(libc_a-findfp.o)
                0x0000000000014e80                __sfp_lock_release
 *fill*         0x0000000000014e8c       0x14 
 .text.__sinit  0x0000000000014ea0       0x54 /opt/devkitpro/devkitA64/bin/../lib/gcc/aarch64-none-elf/14.1.0/../../../../aarch64-none-elf/lib/pic/libg.a(libc_a-findfp.o)
                0x0000000000014ea0                __sinit
 *fill*         0x0000000000014ef4        0xc 
 .text._malloc_r
                0x0000000000014f00      0x7e8 /opt/devkitpro/devkitA64/bin/../lib/gcc/aarch64-none-elf/14.1.0/../../../../aarch64-none-elf/lib/pic/libg.a(libc_a-mallocr.o)
                0x0000000000014f00                _malloc_r
 *fill*         0x00000000000156e8       0x18 
 .text._putc_r  0x0000000000015700       0xe0 /opt/devkitpro/devkitA64/bin/../lib/gcc/aarch64-none-elf/14.1.0/../../../../aarch64-none-elf/lib/pic/libg.a(libc_a-putc.o)
                0x0000000000015700                _putc_r
 *fill*         0x00000000000157e0       0x20 
 .text          0x0000000000015800      0x22c /opt/devkitpro/devkitA64/bin/../lib/gcc/aarch64-none-elf/14.1.0/../../../../aarch64-none-elf/lib/pic/libg.a(libc_a-memcpy.o)
                0x0000000000015800                memmove
                0x0000000000015800                memcpy
 *fill*         0x0000000000015a2c       0x14 
 .text._malloc_trim_r
                0x0000000000015a40      0x124 /opt/devkitpro/devkitA64/bin/../lib/gcc/aarch64-none-elf/14.1.0/../../../../aarch64-none-elf/lib/pic/libg.a(libc_a-freer.o)
                0x0000000000015a40                _malloc_trim_r
 *fill*         0x0000000000015b64       0x1c 
 .text._free_r  0x0000000000015b80      0x2d4 /opt/devkitpro/devkitA64/bin/../lib/gcc/aarch64-none-elf/14.1.0/../../../../aarch64-none-elf/lib/pic/libg.a(libc_a-freer.o)
                0x0000000000015b80                _free_r
 *fill*         0x0000000000015e54        0xc 
 .text.setvbuf  0x0000000000015e60      0x278 /opt/devkitpro/devkitA64/bin/../lib/gcc/aarch64-none-elf/14.1.0/../../../../aarch64-none-elf/lib/pic/libg.a(libc_a-setvbuf.o)
                0x0000000000015e60                setvbuf
 *fill*         0x00000000000160d8        0x8 
 .text.__errno  0x00000000000160e0       0x14 /opt/devkitpro/devkitA64/bin/../lib/gcc/aarch64-none-elf/14.1.0/../../../../aarch64-none-elf/lib/pic/libg.a(libc_a-errno.o)
                0x00000000000160e0                __errno
 *fill*         0x00000000000160f4        0xc 
 .text.malloc   0x0000000000016100       0x44 /opt/devkitpro/devkitA64/bin/../lib/gcc/aarch64-none-elf/14.1.0/../../../../aarch64-none-elf/lib/pic/libg.a(libc_a-malloc.o)
                0x0000000000016100                malloc
 *fill*         0x0000000000016144       0x1c 
 .text.free     0x0000000000016160       0x24 /opt/devkitpro/devkitA64/bin/../lib/gcc/aarch64-none-elf/14.1.0/../../../../aarch64-none-elf/lib/pic/libg.a(libc_a-malloc.o)
                0x0000000000016160                free
 *fill*         0x0000000000016184       0x1c 
 .text.sscanf   0x00000000000161a0       0xb4 /opt/devkitpro/devkitA64/bin/../lib/gcc/aarch64-none-elf/14.1.0/../../../../aarch64-none-elf/lib/pic/libg.a(libc_a-sscanf.o)
                0x00000000000161a0                sscanf
 *fill*         0x0000000000016254        0xc 
 .text.gmtime   0x0000000000016260       0x2c /opt/devkitpro/devkitA64/bin/../lib/gcc/aarch64-none-elf/14.1.0/../../../../aarch64-none-elf/lib/pic/libg.a(libc_a-gmtime.o)
                0x0000000000016260                gmtime
 *fill*         0x000000000001628c       0x14 
 .text._fwalk_sglue
                0x00000000000162a0       0x98 /opt/devkitpro/devkitA64/bin/../lib/gcc/aarch64-none-elf/14.1.0/../../../../aarch64-none-elf/lib/pic/libg.a(libc_a-fwalk.o)
                0x00000000000162a0                _fwalk_sglue
 *fill*         0x0000000000016338        0x8 
 .text.__malloc_lock
                0x0000000000016340        0xc /opt/devkitpro/devkitA64/bin/../lib/gcc/aarch64-none-elf/14.1.0/../../../../aarch64-none-elf/lib/pic/libg.a(libc_a-mlock.o)
                0x0000000000016340                __malloc_lock
 *fill*         0x000000000001634c       0x14 
 .text.__malloc_unlock
                0x0000000000016360        0xc /opt/devkitpro/devkitA64/bin/../lib/gcc/aarch64-none-elf/14.1.0/../../../../aarch64-none-elf/lib/pic/libg.a(libc_a-mlock.o)
                0x0000000000016360                __malloc_unlock
 *fill*         0x000000000001636c       0x14 
 .text          0x0000000000016380      0x104 /opt/devkitpro/devkitA64/bin/../lib/gcc/aarch64-none-elf/14.1.0/../../../../aarch64-none-elf/lib/pic/libg.a(libc_a-memset.o)
                0x0000000000016380                memset
 *fill*         0x0000000000016484       0x1c 
 .text._setenv_r
                0x00000000000164a0      0x254 /opt/devkitpro/devkitA64/bin/../lib/gcc/aarch64-none-elf/14.1.0/../../../../aarch64-none-elf/lib/pic/libg.a(libc_a-setenv_r.o)
                0x00000000000164a0                _setenv_r
 *fill*         0x00000000000166f4        0xc 
 .text.__call_exitprocs
                0x0000000000016700        0x4 /opt/devkitpro/devkitA64/bin/../lib/gcc/aarch64-none-elf/14.1.0/../../../../aarch64-none-elf/lib/pic/libg.a(libc_a-exit.o)
                0x0000000000016700                __call_exitprocs
 .text.get_arg  0x0000000000016704       0x74 /opt/devkitpro/devkitA64/bin/../lib/gcc/aarch64-none-elf/14.1.0/../../../../aarch64-none-elf/lib/pic/libg.a(libc_a-svfscanf.o)
 .text.__ssvfscanf_r
                0x0000000000016778     0x32d0 /opt/devkitpro/devkitA64/bin/../lib/gcc/aarch64-none-elf/14.1.0/../../../../aarch64-none-elf/lib/pic/libg.a(libc_a-svfscanf.o)
                0x0000000000016778                __ssvfscanf_r
 *fill*         0x0000000000019a48       0x18 
 .text.strncpy  0x0000000000019a60       0x8c /opt/devkitpro/devkitA64/bin/../lib/gcc/aarch64-none-elf/14.1.0/../../../../aarch64-none-elf/lib/pic/libg.a(libc_a-strncpy.o)
                0x0000000000019a60                strncpy
 *fill*         0x0000000000019aec       0x14 
 .text._strtoull_l.isra.0
                0x0000000000019b00      0x1a4 /opt/devkitpro/devkitA64/bin/../lib/gcc/aarch64-none-elf/14.1.0/../../../../aarch64-none-elf/lib/pic/libg.a(libc_a-strtoull.o)
 *fill*         0x0000000000019ca4       0x1c 
 .text._strtoull_r
                0x0000000000019cc0       0x44 /opt/devkitpro/devkitA64/bin/../lib/gcc/aarch64-none-elf/14.1.0/../../../../aarch64-none-elf/lib/pic/libg.a(libc_a-strtoull.o)
                0x0000000000019cc0                _strtoull_r
 *fill*         0x0000000000019d04       0x1c 
 .text._mbrtowc_r
                0x0000000000019d20       0xf0 /opt/devkitpro/devkitA64/bin/../lib/gcc/aarch64-none-elf/14.1.0/../../../../aarch64-none-elf/lib/pic/libg.a(libc_a-mbrtowc.o)
                0x0000000000019d20                _mbrtowc_r
 *fill*         0x0000000000019e10       0x10 
 .text.__libc_init_array
                0x0000000000019e20       0x90 /opt/devkitpro/devkitA64/bin/../lib/gcc/aarch64-none-elf/14.1.0/../../../../aarch64-none-elf/lib/pic/libg.a(libc_a-init.o)
                0x0000000000019e20                __libc_init_array
 *fill*         0x0000000000019eb0       0x10 
 .text.__sflush_r
                0x0000000000019ec0      0x1e8 /opt/devkitpro/devkitA64/bin/../lib/gcc/aarch64-none-elf/14.1.0/../../../../aarch64-none-elf/lib/pic/libg.a(libc_a-fflush.o)
                0x0000000000019ec0                __sflush_r
 *fill*         0x000000000001a0a8       0x18 
 .text._fflush_r
                0x000000000001a0c0       0xb8 /opt/devkitpro/devkitA64/bin/../lib/gcc/aarch64-none-elf/14.1.0/../../../../aarch64-none-elf/lib/pic/libg.a(libc_a-fflush.o)
                0x000000000001a0c0                _fflush_r
 *fill*         0x000000000001a178        0x8 
 .text.nanf     0x000000000001a180        0xc /opt/devkitpro/devkitA64/bin/../lib/gcc/aarch64-none-elf/14.1.0/../../../../aarch64-none-elf/lib/pic/libg.a(libm_a-sf_nan.o)
                0x000000000001a180                nanf
 *fill*         0x000000000001a18c       0x14 
 .text._raise_r
                0x000000000001a1a0       0xa4 /opt/devkitpro/devkitA64/bin/../lib/gcc/aarch64-none-elf/14.1.0/../../../../aarch64-none-elf/lib/pic/libg.a(libc_a-signal.o)
                0x000000000001a1a0                _raise_r
 *fill*         0x000000000001a244       0x1c 
 .text.raise    0x000000000001a260       0x24 /opt/devkitpro/devkitA64/bin/../lib/gcc/aarch64-none-elf/14.1.0/../../../../aarch64-none-elf/lib/pic/libg.a(libc_a-signal.o)
                0x000000000001a260                raise
 *fill*         0x000000000001a284       0x1c 
 .text.__env_lock
                0x000000000001a2a0        0xc /opt/devkitpro/devkitA64/bin/../lib/gcc/aarch64-none-elf/14.1.0/../../../../aarch64-none-elf/lib/pic/libg.a(libc_a-envlock.o)
                0x000000000001a2a0                __env_lock
 *fill*         0x000000000001a2ac       0x14 
 .text.__env_unlock
                0x000000000001a2c0        0xc /opt/devkitpro/devkitA64/bin/../lib/gcc/aarch64-none-elf/14.1.0/../../../../aarch64-none-elf/lib/pic/libg.a(libc_a-envlock.o)
                0x000000000001a2c0                __env_unlock
 *fill*         0x000000000001a2cc       0x14 
 .text._strtoll_l.isra.0
                0x000000000001a2e0      0x2e8 /opt/devkitpro/devkitA64/bin/../lib/gcc/aarch64-none-elf/14.1.0/../../../../aarch64-none-elf/lib/pic/libg.a(libc_a-strtoll.o)
 *fill*         0x000000000001a5c8       0x18 
 .text._strtoll_r
                0x000000000001a5e0       0x44 /opt/devkitpro/devkitA64/bin/../lib/gcc/aarch64-none-elf/14.1.0/../../../../aarch64-none-elf/lib/pic/libg.a(libc_a-strtoll.o)
                0x000000000001a5e0                _strtoll_r
 *fill*         0x000000000001a624       0x1c 
 .text.__locale_mb_cur_max
                0x000000000001a640       0x2c /opt/devkitpro/devkitA64/bin/../lib/gcc/aarch64-none-elf/14.1.0/../../../../aarch64-none-elf/lib/pic/libg.a(libc_a-locale.o)
                0x000000000001a640                __locale_mb_cur_max
 *fill*         0x000000000001a66c       0x14 
 .text.sulp     0x000000000001a680       0x54 /opt/devkitpro/devkitA64/bin/../lib/gcc/aarch64-none-elf/14.1.0/../../../../aarch64-none-elf/lib/pic/libg.a(libc_a-strtod.o)
 *fill*         0x000000000001a6d4        0xc 
 .text._strtod_l
                0x000000000001a6e0     0x1210 /opt/devkitpro/devkitA64/bin/../lib/gcc/aarch64-none-elf/14.1.0/../../../../aarch64-none-elf/lib/pic/libg.a(libc_a-strtod.o)
                0x000000000001a6e0                _strtod_l
 *fill*         0x000000000001b8f0       0x10 
 .text._strtod_r
                0x000000000001b900       0x50 /opt/devkitpro/devkitA64/bin/../lib/gcc/aarch64-none-elf/14.1.0/../../../../aarch64-none-elf/lib/pic/libg.a(libc_a-strtod.o)
                0x000000000001b900                _strtod_r
 *fill*         0x000000000001b950       0x10 
 .text.gmtime_r
                0x000000000001b960      0x2a0 /opt/devkitpro/devkitA64/bin/../lib/gcc/aarch64-none-elf/14.1.0/../../../../aarch64-none-elf/lib/pic/libg.a(libc_a-gmtime_r.o)
                0x000000000001b960                gmtime_r
 .text.sprintf  0x000000000001bc00       0xa0 /opt/devkitpro/devkitA64/bin/../lib/gcc/aarch64-none-elf/14.1.0/../../../../aarch64-none-elf/lib/pic/libg.a(libc_a-sprintf.o)
                0x000000000001bc00                sprintf
 .text._memalign_r
                0x000000000001bca0      0x17c /opt/devkitpro/devkitA64/bin/../lib/gcc/aarch64-none-elf/14.1.0/../../../../aarch64-none-elf/lib/pic/libg.a(libc_a-malignr.o)
                0x000000000001bca0                _memalign_r
 *fill*         0x000000000001be1c        0x4 
 .text.__swbuf_r
                0x000000000001be20      0x118 /opt/devkitpro/devkitA64/bin/../lib/gcc/aarch64-none-elf/14.1.0/../../../../aarch64-none-elf/lib/pic/libg.a(libc_a-wbuf.o)
                0x000000000001be20                __swbuf_r
 .text._sungetc_r
                0x000000000001bf38       0xf0 /opt/devkitpro/devkitA64/bin/../lib/gcc/aarch64-none-elf/14.1.0/../../../../aarch64-none-elf/lib/pic/libg.a(libc_a-svfiscanf.o)
                0x000000000001bf38                _sungetc_r
 .text.__ssrefill_r
                0x000000000001c028       0x70 /opt/devkitpro/devkitA64/bin/../lib/gcc/aarch64-none-elf/14.1.0/../../../../aarch64-none-elf/lib/pic/libg.a(libc_a-svfiscanf.o)
                0x000000000001c028                __ssrefill_r
 .text._sfread_r
                0x000000000001c098       0xe0 /opt/devkitpro/devkitA64/bin/../lib/gcc/aarch64-none-elf/14.1.0/../../../../aarch64-none-elf/lib/pic/libg.a(libc_a-svfiscanf.o)
                0x000000000001c098                _sfread_r
 *fill*         0x000000000001c178        0x8 
 .text.rshift   0x000000000001c180      0x11c /opt/devkitpro/devkitA64/bin/../lib/gcc/aarch64-none-elf/14.1.0/../../../../aarch64-none-elf/lib/pic/libg.a(libc_a-gdtoa-gethex.o)
 *fill*         0x000000000001c29c        0x4 
 .text.__gethex
                0x000000000001c2a0      0x8c4 /opt/devkitpro/devkitA64/bin/../lib/gcc/aarch64-none-elf/14.1.0/../../../../aarch64-none-elf/lib/pic/libg.a(libc_a-gdtoa-gethex.o)
                0x000000000001c2a0                __gethex
 *fill*         0x000000000001cb64       0x1c 
 .text.__utf8_mbtowc