Archive member included to satisfy reference by file (symbol)

/opt/devkitpro/libnx/lib/libnx.a(fs.o)
                              swift/obj/app.o (fsInitialize)
/opt/devkitpro/libnx/lib/libnx.a(set.o)
                              swift/obj/app.o (setsysInitialize)
/opt/devkitpro/libnx/lib/libnx.a(sm.o)
                              swift/obj/app.o (smInitialize)
/opt/devkitpro/libnx/lib/libnx.a(diag.o)
                              swift/obj/app.o (diagAbortWithResult)
/opt/devkitpro/libnx/lib/libnx.a(hosversion.o)
                              /opt/devkitpro/libnx/lib/libnx.a(fs.o) (hosversionGet)
/opt/devkitpro/libnx/lib/libnx.a(fs_dev.o)
                              swift/obj/app.o (fsdevMountSdmc)
/opt/devkitpro/libnx/lib/libnx.a(path_buf.o)
                              /opt/devkitpro/libnx/lib/libnx.a(fs_dev.o) (__nx_dev_path_buf)
/opt/devkitpro/libnx/lib/libnx.a(decode_utf8.o)
                              /opt/devkitpro/libnx/lib/libnx.a(fs_dev.o) (decode_utf8)
/opt/devkitpro/libnx/lib/libnx.a(svc.o)
                              /opt/devkitpro/libnx/lib/libnx.a(sm.o) (svcSleepThread)
/opt/devkitpro/libnx/lib/libnx.a(readtp.o)
                              /opt/devkitpro/libnx/lib/libnx.a(fs.o) (__aarch64_read_tp)
/opt/devkitpro/libnx/lib/libnx.a(switch_crt0.o)
                              (_start)
/opt/devkitpro/libnx/lib/libnx.a(event.o)
                              /opt/devkitpro/libnx/lib/libnx.a(fs.o) (eventLoadRemote)
/opt/devkitpro/libnx/lib/libnx.a(mutex.o)
                              /opt/devkitpro/libnx/lib/libnx.a(fs.o) (mutexLock)
/opt/devkitpro/libnx/lib/libnx.a(wait.o)
                              /opt/devkitpro/libnx/lib/libnx.a(event.o) (waitObjects)
/opt/devkitpro/libnx/lib/libnx.a(sessionmgr.o)
                              /opt/devkitpro/libnx/lib/libnx.a(fs.o) (sessionmgrCreate)
/opt/devkitpro/libnx/lib/libnx.a(time.o)
                              /opt/devkitpro/libnx/lib/libnx.a(fs_dev.o) (timeToPosixTimeWithMyRule)
/opt/devkitpro/libnx/lib/libnx.a(alloc.o)
                              /opt/devkitpro/libnx/lib/libnx.a(fs_dev.o) (__libnx_alloc)
/opt/devkitpro/libnx/lib/libnx.a(argv.o)
                              /opt/devkitpro/libnx/lib/libnx.a(fs_dev.o) (__system_argc)
/opt/devkitpro/libnx/lib/libnx.a(dynamic.o)
                              /opt/devkitpro/libnx/lib/libnx.a(switch_crt0.o) (__nx_dynamic)
/opt/devkitpro/libnx/lib/libnx.a(env.o)
                              /opt/devkitpro/libnx/lib/libnx.a(fs_dev.o) (envIsNso)
/opt/devkitpro/libnx/lib/libnx.a(init.o)
                              /opt/devkitpro/libnx/lib/libnx.a(switch_crt0.o) (__libnx_init)
/opt/devkitpro/libnx/lib/libnx.a(newlib.o)
                              /opt/devkitpro/libnx/lib/libnx.a(init.o) (__libnx_init_time)
/opt/devkitpro/libnx/lib/libnx.a(nxlink.o)
                              /opt/devkitpro/libnx/lib/libnx.a(argv.o) (nxlinkSetup)
/opt/devkitpro/libnx/lib/libnx.a(exception.o)
                              /opt/devkitpro/libnx/lib/libnx.a(switch_crt0.o) (__libnx_exception_entry)
/opt/devkitpro/libnx/lib/libnx.a(condvar.o)
                              /opt/devkitpro/libnx/lib/libnx.a(sessionmgr.o) (condvarWaitTimeout)
/opt/devkitpro/libnx/lib/libnx.a(shmem.o)
                              /opt/devkitpro/libnx/lib/libnx.a(time.o) (shmemLoadRemote)
/opt/devkitpro/libnx/lib/libnx.a(thread.o)
                              /opt/devkitpro/libnx/lib/libnx.a(init.o) (__libnx_init_thread)
/opt/devkitpro/libnx/lib/libnx.a(virtmem.o)
                              /opt/devkitpro/libnx/lib/libnx.a(init.o) (virtmemSetup)
/opt/devkitpro/libnx/lib/libnx.a(applet.o)
                              /opt/devkitpro/libnx/lib/libnx.a(init.o) (__nx_applet_type)
/opt/devkitpro/libnx/lib/libnx.a(hid.o)
                              /opt/devkitpro/libnx/lib/libnx.a(init.o) (hidInitialize)
/opt/devkitpro/libnx/lib/libnx.a(random.o)
                              /opt/devkitpro/libnx/lib/libnx.a(virtmem.o) (randomGet64)
/opt/devkitpro/libnx/lib/libnx.a(tmem.o)
                              /opt/devkitpro/libnx/lib/libnx.a(applet.o) (tmemCreate)
/opt/devkitpro/libnx/lib/libnx.a(apm.o)
                              /opt/devkitpro/libnx/lib/libnx.a(applet.o) (apmInitialize)
/opt/devkitpro/devkitA64/bin/../lib/gcc/aarch64-none-elf/14.1.0/../../../../aarch64-none-elf/lib/pic/libg.a(libc_a-fputs.o)
                              swift/obj/app.o (fputs)
/opt/devkitpro/devkitA64/bin/../lib/gcc/aarch64-none-elf/14.1.0/../../../../aarch64-none-elf/lib/pic/libg.a(libc_a-impure.o)
                              /opt/devkitpro/libnx/lib/libnx.a(newlib.o) (_impure_ptr)
/opt/devkitpro/devkitA64/bin/../lib/gcc/aarch64-none-elf/14.1.0/../../../../aarch64-none-elf/lib/pic/libg.a(libc_a-fvwrite.o)
                              /opt/devkitpro/devkitA64/bin/../lib/gcc/aarch64-none-elf/14.1.0/../../../../aarch64-none-elf/lib/pic/libg.a(libc_a-fputs.o) (__sfvwrite_r)
[...]
Memory Configuration

Name             Origin             Length             Attributes
*default*        0x0000000000000000 0xffffffffffffffff

Linker script and memory map

                0x0000000000000000                PROVIDE (__start__ = 0x0)
                0x0000000000000000                . = __start__
                [!provide]                        PROVIDE (__code_start = .)

.text           0x0000000000000000    0x169f0
 *(.crt0)
 .crt0          0x0000000000000000      0x124 /opt/devkitpro/libnx/lib/libnx.a(switch_crt0.o)
                0x0000000000000000                _start
                0x00000000000000e0                __nx_exit
                0x00000000000000f0                __nx_mod0
 *(.text.unlikely .text.*_unlikely .text.unlikely.*)
 *(.text.exit .text.exit.*)
 *fill*         0x0000000000000124       0x1c 
 .text.exit     0x0000000000000140       0x34 /opt/devkitpro/devkitA64/bin/../lib/gcc/aarch64-none-elf/14.1.0/../../../../aarch64-none-elf/lib/pic/libg.a(libc_a-exit.o)
                0x0000000000000140                exit
 *(.text.startup .text.startup.*)
 *fill*         0x0000000000000174        0xc 
 .text.startup.__stack_chk_init
                0x0000000000000180       0x1c /opt/devkitpro/devkitA64/bin/../lib/gcc/aarch64-none-elf/14.1.0/../../../../aarch64-none-elf/lib/pic/libg.a(libc_a-stack_protector.o)
                0x0000000000000180                __stack_chk_init
 *(.text.hot .text.hot.*)
 *(.text .stub .text.* .gnu.linkonce.t.*)
 *fill*         0x000000000000019c        0x4 
 .text.__do_global_dtors_aux
                0x00000000000001a0       0x44 /opt/devkitpro/devkitA64/bin/../lib/gcc/aarch64-none-elf/14.1.0/pic/crtbegin.o
 *fill*         0x00000000000001e4       0x1c 
 .text.frame_dummy
                0x0000000000000200       0x24 /opt/devkitpro/devkitA64/bin/../lib/gcc/aarch64-none-elf/14.1.0/pic/crtbegin.o
 .text          0x0000000000000224     0xb8dc swift/obj/app.o
                0x0000000000000224                main
                0x0000000000000238                $e3app4mainyyF
                0x00000000000003fc                $eSS21_builtinStringLiteral17utf8CodeUnitCount7isASCIISSBp_BwBi1_tcfC
                0x0000000000000c14                __appInit
                0x0000000000000c28                $e3app02__A4InityyF
                0x0000000000000da0                $es6UInt32V3appE6failedSbvg
                0x0000000000000dbc                $es6UInt32V3appE4make6module11descriptionABSi_SitFZ
                0x0000000000000ee4                $es6UInt32V3appE9succeededSbvg
                0x0000000000000f00                $e3app14MAKEHOSVERSIONys6UInt32Vs5UInt8V_A2FtF
                0x0000000000000f60                __appExit
                0x0000000000000f74                $e3app02__A4ExityyF
                0x0000000000000f8c                $eSS11utf8CStrings15ContiguousArrayVys4Int8VGvg
                0x00000000000011a4                $eSaySayxGqd__c7ElementQyd__RszSTRd__lufCs4Int8V_s15ContiguousArrayVyAEGTt0g5
                0x00000000000011b8                swift_retain
                0x00000000000011c8                swift_release
                0x00000000000011d8                swift_bridgeObjectRelease
                0x00000000000011e8                swift_bridgeObjectRetain
                0x00000000000011f8                $eSS16_slowUTF8CStrings15ContiguousArrayVys4Int8VGyF
                0x0000000000001a3c                $eSS11utf8CStrings15ContiguousArrayVys4Int8VGvgAFSRyAEGXEfU_
                0x0000000000001a6c                $es11_StringGutsV13withFastCCharyxxSRys4Int8VGKXEKlFxSRys5UInt8VGKXEfU_s15ContiguousArrayVyAEG_TG5
                0x0000000000001bdc                $es12_SmallStringV8withUTF8yxxSRys5UInt8VGKXEKlFxSWKXEfU_s15ContiguousArrayVys4Int8VG_TG5
                0x0000000000001c88                $es13_StringObjectV10sharedUTF8SRys5UInt8VGvg
                0x0000000000001d3c                $es15ContiguousArrayV034_makeUniqueAndReserveCapacityIfNotD0yyFs4Int8V_Tg5
                0x0000000000001da8                $es15ContiguousArrayV36_reserveCapacityAssumingUniqueBuffer8oldCountySi_tFs4Int8V_Tg5
                0x0000000000001e1c                $es15ContiguousArrayV37_appendElementAssumeUniqueAndCapacity_03newD0ySi_xntFs4Int8V_Tg5
                0x0000000000001e38                $es15ContiguousArrayV12_endMutationyyFs4Int8V_Tg5
                0x0000000000001e44                $es15ContiguousArrayVAByxGycfCs4Int8V_Ttg5
                0x0000000000001e70                $es15ContiguousArrayV15reserveCapacityyySiFs4Int8V_Tg5
                0x0000000000001f54                $es11_StringGutsV27_slowEnsureMatchingEncodingySS5IndexVAEF
                0x00000000000020c8                $es31_embeddedReportFatalErrorInFile6prefix7message4file4lineys12StaticStringV_A2GSutF
                0x0000000000002268                $eSS8UTF8ViewV17_foreignSubscript8positions5UInt8VSS5IndexV_tF
                0x000000000000268c                $eSS8UTF8ViewV10_uncheckeds5UInt8VSS5IndexV_tcigAESRyAEGXEfU_
                0x00000000000026d0                $es12_SmallStringV8withUTF8yxxSRys5UInt8VGKXEKlFxSWKXEfU_AE_TGq5
                0x000000000000277c                $eSS8UTF8ViewV13_foreignIndex5afterSS0D0VAF_tF
                0x0000000000002910                $es32_copyCollectionToContiguousArrayys0dE0Vy7ElementQzGxSlRzlFSRys4Int8VG_Tg5
                0x0000000000002d00                $eSRys4Int8VGxs5Error_pIgyrzo_ACxsAD_pIegyrzr_lTRs15ContiguousArrayVyABG_TG5
                0x0000000000002d7c                $es13_StringObjectV18getSharedUTF8StartSPys5UInt8VGyF
                0x0000000000002da8                $es15ContiguousArrayV9_getCountSiyFs4Int8V_Tg5
                0x0000000000002db0                $es15ContiguousArrayV16_createNewBuffer14bufferIsUnique15minimumCapacity13growForAppendySb_SiSbtFs4Int8V_Tg5
                0x0000000000002e0c                $es22_ContiguousArrayBufferV20_consumeAndCreateNew14bufferIsUnique15minimumCapacity13growForAppendAByxGSb_SiSbtFs4Int8V_Tg5
                0x0000000000002fd8                $es22_ContiguousArrayBufferV13_copyContents8subRange12initializingSpyxGSnySiG_AFtFs4Int8V_Tg5
                0x00000000000031a8                $eSp14moveInitialize4from5countySpyxG_SitFs4Int8V_Tg5
                0x0000000000003344                $es28__ContiguousArrayStorageBaseCABycfC
                0x0000000000003348                $es23_ContiguousArrayStorageC16canStoreElements13ofDynamicTypeSbypXp_tFs4Int8V_Tg5
                0x0000000000003348                $es23_ContiguousArrayStorageC16_doNotCallMeBaseAByxGyt_tcfCs4Int8V_Tg5
                0x0000000000003348                $es23_ContiguousArrayStorageC16_doNotCallMeBaseAByxGyt_tcfCSS5IndexV_Tg5
                0x0000000000003354                $es23_ContiguousArrayStorageC16canStoreElements13ofDynamicTypeSbypXp_tFSS5IndexV_Tg5
                0x0000000000003360                $es23_ContiguousArrayStorageCfDs4Int8V_Tg5
                0x0000000000003388                $es23_ContiguousArrayStorageCfDSS5IndexV_Tg5
                0x00000000000033b0                $es28__ContiguousArrayStorageBaseC012_doNotCallMeD0AByt_tcfC
                0x00000000000033b0                $es28__ContiguousArrayStorageBaseCfD
                0x00000000000033b0                $es28__ContiguousArrayStorageBaseC16canStoreElements13ofDynamicTypeSbypXp_tF
                0x00000000000033d8                $es41__SwiftNativeNSArrayWithContiguousStorageCABycfC
                0x0000000000003404                $es41__SwiftNativeNSArrayWithContiguousStorageCfD
                0x000000000000342c                $es5print_10terminatorys12StaticStringV_ADtF
                0x0000000000003684                $eSzsE13writeToStdoutyyFSu_Tg5
                0x0000000000003844                $eSzsE13_toStringImplySiSpys5UInt8VG_SuSiSbtFSu_Tg5
                0x0000000000003d08                $eSw5start5countSwSvSg_SitcfC
                0x0000000000003e54                $eSw10copyMemory4fromySW_tF
                0x000000000000403c                $es18_fatalErrorMessage__4file4line5flagss5NeverOs12StaticStringV_A2HSus6UInt32VtF
                0x0000000000004064                $eSv10copyMemory4from9byteCountySV_SitF
                0x0000000000004180                $es17_assertionFailure__4file4line5flagss5NeverOs12StaticStringV_A2HSus6UInt32VtF
                0x00000000000041a8                $eSp10initialize4from5countySPyxG_SitFs4Int8V_Tg5
                0x0000000000004324                $eSS8UTF8ViewV13_foreignIndex_8offsetBySS0D0VAF_SitF
                0x0000000000004338                $eSS9UTF16ViewV5index_8offsetBySS5IndexVAF_SitF
                0x0000000000004734                $es11_StringGutsV15scalarAlignSlowySS5IndexVAEF
                0x0000000000004988                $es11_StringGutsV27foreignErrorCorrectedScalar10startingAts7UnicodeO0F0V_Si12scalarLengthtSS5IndexV_tF
                0x0000000000004b28                $es16_ValidUTF8BufferV03_isA0ySbAB5IndexVF
                0x0000000000004cf8                $es11_StringGutsV15scalarAlignSlowySS5IndexVAEFSiSRys5UInt8VGXEfU_
                0x0000000000004dd0                $es12_SmallStringV8withUTF8yxxSRys5UInt8VGKXEKlFxSWKXEfU_Si_TGq5
                0x0000000000004e7c                $es12_scalarAlignySiSRys5UInt8VG_SitF
                0x0000000000004f14                $es11_StringGutsV18foreignScalarAlignySS5IndexVAEF
                0x0000000000004fec                $es11_StringGutsV19_getForeignCodeUnit33_876ADFC1F0BAC893C8817BD9A4741513LL2ats6UInt16VSi_tF
                0x000000000000504c                $es11_StringGutsV34foreignErrorCorrectedUTF16CodeUnit2ats6UInt16VSS5IndexV_tF
                0x00000000000051d0                $eSTsSQ7ElementRpzrlE8containsySbABFSbABXEfU_SIys16_ValidUTF8BufferVG_TGq5
                0x00000000000051e4                $eSKsE6_index_8offsetBy5IndexQzAD_SitFSS8UTF8ViewV_Tg5
                0x0000000000005908                $eSS9UTF16ViewV16_nativeGetOffset3forSiSS5IndexV_tF
                0x0000000000005be4                $eSS9UTF16ViewV15_nativeGetIndex3forSS0E0VSi_tF
                0x000000000000609c                $eSKsE6_index_8offsetBy5IndexQzAD_SitFSS9UTF16ViewV_Tg5
                0x0000000000007144                $eSS9UTF16ViewV13_foreignIndex_8offsetBySS0D0VAF_SitF
                0x0000000000007248                $es11_StringGutsV24loadUnmanagedBreadcrumbss0D0Vys01_aE0CGyF
                0x00000000000073c0                $es18_StringBreadcrumbsC13getBreadcrumb8forIndexSS0F0V10lowerBound_Si6offsettAF_tF
                0x0000000000007620                $eSS9UTF16ViewV14_utf16Distance4from2toSiSS5IndexV_AGtF
                0x00000000000078c8                $eSa29_hoistableIsNativeTypeCheckedSbyFSS5IndexV_Tg5
                0x00000000000078d4                $eSa15_checkSubscript_20wasNativeTypeCheckeds16_DependenceTokenVSi_SbtFSS5IndexV_Tg5
                0x0000000000007988                $eSa11_getElement_20wasNativeTypeChecked22matchingSubscriptCheckxSi_Sbs16_DependenceTokenVtFSS5IndexV_Tg5
                0x0000000000007994                $eSS9UTF16ViewV15_nativeGetIndex3forSS0E0VSi_tFAFSRys5UInt8VGXEfU1_
                0x0000000000007cf0                $es12_SmallStringV8withUTF8yxxSRys5UInt8VGKXEKlFxSWKXEfU_SS5IndexV_TG5
                0x0000000000007d9c                $es11_StringGutsV20fastUTF8ScalarLength10startingAtS2i_tFs5UInt8VSRyAFGXEfU_
                0x0000000000007de0                $eSS9UTF16ViewV13_foreignIndex5afterSS0D0VAF_tF
                0x0000000000007dfc                $es11_StringGutsV20fastUTF8ScalarLength8endingAtS2i_tF
                0x0000000000007f84                $eSS9UTF16ViewV13_foreignIndex6beforeSS0D0VAF_tF
                0x0000000000007fa0                $es11_StringGutsV20fastUTF8ScalarLength8endingAtS2i_tFSiSRys5UInt8VGXEfU_
                0x0000000000008140                $es15__StringStorageC19_breadcrumbsAddress33_A317BBF16F3432B4D1DDED3E0452DA4DLLSpys01_A11BreadcrumbsCSgGvg
                0x00000000000081f0                $es18_StringBreadcrumbsCyABSScfc
                0x0000000000008854                $es18_StringBreadcrumbsCfD
                0x0000000000008890                $eSa22_allocateUninitializedySayxG_SpyxGtSiFZSS5IndexV_Tt0g5
                0x000000000000899c                $eSa15reserveCapacityyySiFSS5IndexV_Tg5
                0x0000000000008aac                $eSa034_makeUniqueAndReserveCapacityIfNotB0yyFSS5IndexV_Tg5
                0x0000000000008b40                $eSa36_reserveCapacityAssumingUniqueBuffer8oldCountySi_tFSS5IndexV_Tg5
                0x0000000000008bd8                $eSa37_appendElementAssumeUniqueAndCapacity_03newB0ySi_xntFSS5IndexV_Tg5
                0x0000000000008bf4                $eSa12_endMutationyyFSS5IndexV_Tg5
                0x0000000000008c00                $es11_StringGutsV20fastUTF8ScalarLength10startingAtS2i_tF
                0x0000000000008db8                $eSa28_allocateBufferUninitialized15minimumCapacitys016_ContiguousArrayB0VyxGSi_tFZSS5IndexV_Tt0g5
                0x0000000000008e60                $es22_ContiguousArrayBufferV20_consumeAndCreateNew14bufferIsUnique15minimumCapacity13growForAppendAByxGSb_SiSbtFSS5IndexV_Tg5
                0x000000000000902c                $eSa5countSivgSS5IndexV_Tg5
                0x0000000000009040                $es22_ContiguousArrayBufferV13_copyContents8subRange12initializingSpyxGSnySiG_AFtFSS5IndexV_Tg5
                0x0000000000009210                $eSp14moveInitialize4from5countySpyxG_SitFSS5IndexV_Tg5
                0x00000000000093ac                $eSa9_getCountSiyFSS5IndexV_Tg5
                0x00000000000093b4                $eSS9UTF16ViewV14_utf16Distance4from2toSiSS5IndexV_AGtFSiSRys5UInt8VGXEfU_
                0x00000000000097a8                $es11_StringGutsV12withFastUTF85range_xSnySiG_xSRys5UInt8VGKXEtKlFxAHKXEfU_Si_TG5
                0x0000000000009910                $es12_SmallStringV8withUTF8yxxSRys5UInt8VGKXEKlFxSWKXEfU_Si_TG5
                0x00000000000099bc                $eSR8rebasingSRyxGs5SliceVyABG_tcfCs5UInt8V_Tt0g5
                0x0000000000009ba0                $eSS8UTF8ViewV13_foreignIndex6beforeSS0D0VAF_tF
                0x0000000000009d40                $es11_StringGutsV27foreignErrorCorrectedScalar8endingAts7UnicodeO0F0V_Si12scalarLengthtSS5IndexV_tF
                0x0000000000009ea4                swift_allocObject
                0x0000000000009eb8                $es17swift_allocObject8metadata12requiredSize0E13AlignmentMaskBpBp_S2itF
                0x0000000000009ecc                $es17swift_allocObject8metadata12requiredSize0E13AlignmentMaskSpys04HeapC0VGSpys13ClassMetadataVG_S2itF
                0x000000000000a03c                swift_initStackObject
                0x000000000000a050                $es21swift_initStackObject8metadata6objectBpBp_BptF
                0x000000000000a088                swift_initStaticObject
                0x000000000000a09c                $es22swift_initStaticObject8metadata6objectBpBp_BptF
                0x000000000000a0d4                swift_deallocObject
                0x000000000000a0e8                $es19swift_deallocObject6object13allocatedSize0E9AlignMaskyBp_S2itF
                0x000000000000a0fc                $es26swift_deallocClassInstance6object13allocatedSize0F9AlignMaskyBp_S2itF
                0x000000000000a134                swift_deallocPartialClassInstance
                0x000000000000a148                $es33swift_deallocPartialClassInstance6object8metadata13allocatedSize0H9AlignMaskyBp_BpS2itF
                0x000000000000a1cc                swift_slowAlloc
                0x000000000000a1e0                $es15swift_slowAllocySvSgSi_SitF
                0x000000000000a2b0                swift_slowDealloc
                0x000000000000a2c4                $es17swift_slowDeallocyySv_S2itF
                0x000000000000a2d8                swift_willThrow
                0x000000000000a2dc                swift_errorInMain
                0x000000000000a2e0                swift_unexpectedError
                0x000000000000a2e4                $es12swift_retain6objectBpBp_tF
                0x000000000000a388                $es13swift_release6objectyBp_tF
                0x000000000000a524                swift_retain_n
                0x000000000000a538                $es14swift_retain_n6object1nBpBp_s6UInt32VtF
                0x000000000000a5e4                swift_release_n
                0x000000000000a5f8                $es15swift_release_n6object1nyBp_s6UInt32VtF
                0x000000000000a7ac                swift_setDeallocating
                0x000000000000a7c0                $es21swift_setDeallocating6objectyBp_tF
                0x000000000000a7c4                swift_bridgeObjectRetain_n
                0x000000000000a7d8                $es26swift_bridgeObjectRetain_n6object1nBpBp_s6UInt32VtF
                0x000000000000a890                swift_bridgeObjectRelease_n
                0x000000000000a8a4                $es27swift_bridgeObjectRelease_n6object1nyBp_s6UInt32VtF
                0x000000000000a8c4                $es24swift_bridgeObjectRetain6objectBpBp_tF
                0x000000000000a974                $es25swift_bridgeObjectRelease6objectyBp_tF
                0x000000000000a998                swift_isUniquelyReferenced_native
                0x000000000000a9b0                $es33swift_isUniquelyReferenced_native6objectSbBp_tF
                0x000000000000aa0c                swift_isUniquelyReferenced_nonNull_native
                0x000000000000aa24                $es41swift_isUniquelyReferenced_nonNull_native6objectSbBp_tF
                0x000000000000aa38                swift_isEscapingClosureAtFileLocation
                0x000000000000aa50                $es37swift_isEscapingClosureAtFileLocation6object8filename0I6Length4line6column16verificationTypeSbBp_SPys4Int8VGs5Int32VA2Ls6UInt32VtF
                0x000000000000ab1c                swift_dynamicCastClass
                0x000000000000ab30                $es22swift_dynamicCastClass6object14targetMetadataSvSgSv_SVtF
                0x000000000000abbc                swift_dynamicCastClassUnconditional
                0x000000000000abd0                $es35swift_dynamicCastClassUnconditional6object14targetMetadata4file4line6columnS2v_SVSPys4Int8VGs6UInt32VAKtF
                0x000000000000acac                swift_once
                0x000000000000acc0                $es10swift_once9predicate2fn7contextySpySiG_ySvXCSvtF
                0x000000000000ad58                $es10swift_once9predicate2fn7contextySpySiG_ySvXCSvtFSiAEcfU_
                0x000000000000ae18                swift_beginAccess
                0x000000000000ae2c                $es17swift_beginAccess7pointer6buffer5flags2pcySv_SvSuSvtF
                0x000000000000ae30                swift_endAccess
                0x000000000000ae44                $es15swift_endAccess6bufferySv_tF
                0x000000000000ae48                swift_deletedMethodError
                0x000000000000ae54                $es24swift_deletedMethodErrors5NeverOyF
                0x000000000000ae58                swift_clearSensitive
                0x000000000000ae6c                $es20swift_clearSensitive3buf6nbytesySv_SitF
                0x000000000000b040                swift_retainCount
                0x000000000000b054                $es17swift_retainCount6objectSiBp_tF
                0x000000000000b0ac                $es15ContiguousArrayV07_copyToaB0AByxGyFs4Int8V_Tg5
                0x000000000000b0e8                swift_deallocClassInstance
                0x000000000000b1d4                $es15ContiguousArrayV13_copyContents12initializings16IndexingIteratorVyAByxGG_SitSryxG_tFs4Int8V_Tg5
                0x000000000000b370                $es32_copyCollectionToContiguousArrayys0dE0Vy7ElementQzGxSlRzlFACys4Int8VG_Tg5
                0x000000000000b6e0                $es3maxyxx_xtSLRzlFSi_Tg5
                0x000000000000b71c                $es23_swiftEmptyArrayStorageSi_S3itvau
                0x000000000000b728                $es15ContiguousArrayV5countSivgs4Int8V_Tg5
                0x000000000000b73c                $es15ContiguousArrayVys4Int8VGWOc
                0x000000000000b770                $es15ContiguousArrayV9formIndex5afterySiz_tFs4Int8V_Tg5
                0x000000000000b7a8                $es16IndexingIteratorVys15ContiguousArrayVys4Int8VGGWOh
                0x000000000000bad8                $eSaySS5IndexVGWOh
 .text          0x000000000000bb00       0x98 swift/obj/posix_memalign_shim.o
                0x000000000000bb00                posix_memalign
 *fill*         0x000000000000bb98        0x8 
 .text._fsCleanup
                0x000000000000bba0       0xb4 /opt/devkitpro/libnx/lib/libnx.a(fs.o)
 *fill*         0x000000000000bc54        0xc 
 .text._fsCmdNoIO
                0x000000000000bc60      0x1ac /opt/devkitpro/libnx/lib/libnx.a(fs.o)
 *fill*         0x000000000000be0c        0x4 
 .text._fsFsCmdWithInPath
                0x000000000000be10      0x1d4 /opt/devkitpro/libnx/lib/libnx.a(fs.o)
 *fill*         0x000000000000bfe4        0xc 
 .text._fsFsCmdWithTwoInPaths
                0x000000000000bff0      0x1f0 /opt/devkitpro/libnx/lib/libnx.a(fs.o)
 .text._fsFsOpenCommon
                0x000000000000c1e0      0x26c /opt/devkitpro/libnx/lib/libnx.a(fs.o)
 *fill*         0x000000000000c44c        0x4 
 .text._fsFsCmdWithInPathAndOutU64
                0x000000000000c450      0x1e8 /opt/devkitpro/libnx/lib/libnx.a(fs.o)
 *fill*         0x000000000000c638        0x8 
 .text._fsObjectClose
                0x000000000000c640       0xf4 /opt/devkitpro/libnx/lib/libnx.a(fs.o)
 *fill*         0x000000000000c734        0xc 
 .text._fsCmdGetSession.constprop.0
                0x000000000000c740      0x17c /opt/devkitpro/libnx/lib/libnx.a(fs.o)
 *fill*         0x000000000000c8bc        0x4 
 .text.fsInitialize
                0x000000000000c8c0      0x2f8 /opt/devkitpro/libnx/lib/libnx.a(fs.o)
                0x000000000000c8c0                fsInitialize
 *fill*         0x000000000000cbb8        0x8 
 .text.fsExit   0x000000000000cbc0       0x44 /opt/devkitpro/libnx/lib/libnx.a(fs.o)
                0x000000000000cbc0                fsExit
 *fill*         0x000000000000cc04        0xc 
 .text.fsOpenSdCardFileSystem
                0x000000000000cc10        0x8 /opt/devkitpro/libnx/lib/libnx.a(fs.o)
                0x000000000000cc10                fsOpenSdCardFileSystem
 *fill*         0x000000000000cc18        0x8 
 .text.fsFsCreateFile
                0x000000000000cc20      0x1e4 /opt/devkitpro/libnx/lib/libnx.a(fs.o)
                0x000000000000cc20                fsFsCreateFile
 *fill*         0x000000000000ce04        0xc 
 .text.fsFsDeleteFile
                0x000000000000ce10        0x8 /opt/devkitpro/libnx/lib/libnx.a(fs.o)
                0x000000000000ce10                fsFsDeleteFile
 *fill*         0x000000000000ce18        0x8 
 .text.fsFsCreateDirectory
                0x000000000000ce20        0x8 /opt/devkitpro/libnx/lib/libnx.a(fs.o)
                0x000000000000ce20                fsFsCreateDirectory
 *fill*         0x000000000000ce28        0x8 
 .text.fsFsDeleteDirectory
                0x000000000000ce30        0x8 /opt/devkitpro/libnx/lib/libnx.a(fs.o)
                0x000000000000ce30                fsFsDeleteDirectory
 *fill*         0x000000000000ce38        0x8 
 .text.fsFsRenameFile
                0x000000000000ce40        0x8 /opt/devkitpro/libnx/lib/libnx.a(fs.o)
                0x000000000000ce40                fsFsRenameFile
 *fill*         0x000000000000ce48        0x8 
 .text.fsFsRenameDirectory
                0x000000000000ce50        0x8 /opt/devkitpro/libnx/lib/libnx.a(fs.o)
                0x000000000000ce50                fsFsRenameDirectory
 *fill*         0x000000000000ce58        0x8 
 .text.fsFsGetEntryType
                0x000000000000ce60      0x1e8 /opt/devkitpro/libnx/lib/libnx.a(fs.o)
                0x000000000000ce60                fsFsGetEntryType
 *fill*         0x000000000000d048        0x8 
 .text.fsFsOpenFile
                0x000000000000d050        0x8 /opt/devkitpro/libnx/lib/libnx.a(fs.o)
                0x000000000000d050                fsFsOpenFile
 *fill*         0x000000000000d058        0x8 
 .text.fsFsOpenDirectory
                0x000000000000d060        0x8 /opt/devkitpro/libnx/lib/libnx.a(fs.o)
                0x000000000000d060                fsFsOpenDirectory
 *fill*         0x000000000000d068        0x8 
 .text.fsFsGetFreeSpace
                0x000000000000d070        0x8 /opt/devkitpro/libnx/lib/libnx.a(fs.o)
                0x000000000000d070                fsFsGetFreeSpace
 *fill*         0x000000000000d078        0x8 
 .text.fsFsGetTotalSpace
                0x000000000000d080        0x8 /opt/devkitpro/libnx/lib/libnx.a(fs.o)
                0x000000000000d080                fsFsGetTotalSpace
 *fill*         0x000000000000d088        0x8 
 .text.fsFsGetFileTimeStampRaw
                0x000000000000d090      0x228 /opt/devkitpro/libnx/lib/libnx.a(fs.o)
                0x000000000000d090                fsFsGetFileTimeStampRaw
 *fill*         0x000000000000d2b8        0x8 
 .text.fsFsClose
                0x000000000000d2c0        0x4 /opt/devkitpro/libnx/lib/libnx.a(fs.o)
                0x000000000000d2c0                fsFsClose
 *fill*         0x000000000000d2c4        0xc 
 .text.fsFileRead
                0x000000000000d2d0      0x210 /opt/devkitpro/libnx/lib/libnx.a(fs.o)
                0x000000000000d2d0                fsFileRead
 .text.fsFileWrite
                0x000000000000d4e0      0x1f8 /opt/devkitpro/libnx/lib/libnx.a(fs.o)
                0x000000000000d4e0                fsFileWrite
 *fill*         0x000000000000d6d8        0x8 
 .text.fsFileFlush
                0x000000000000d6e0        0x8 /opt/devkitpro/libnx/lib/libnx.a(fs.o)
                0x000000000000d6e0                fsFileFlush
 *fill*         0x000000000000d6e8        0x8 
 .text.fsFileSetSize
                0x000000000000d6f0      0x1b8 /opt/devkitpro/libnx/lib/libnx.a(fs.o)
                0x000000000000d6f0                fsFileSetSize
 *fill*         0x000000000000d8a8        0x8 
 .text.fsFileGetSize
                0x000000000000d8b0      0x1c0 /opt/devkitpro/libnx/lib/libnx.a(fs.o)
                0x000000000000d8b0                fsFileGetSize
 .text.fsFileClose
                0x000000000000da70        0x4 /opt/devkitpro/libnx/lib/libnx.a(fs.o)
                0x000000000000da70                fsFileClose
 *fill*         0x000000000000da74        0xc 
 .text.fsDirClose
                0x000000000000da80        0x4 /opt/devkitpro/libnx/lib/libnx.a(fs.o)
                0x000000000000da80                fsDirClose
 *fill*         0x000000000000da84        0xc 
 .text.fsDirRead
                0x000000000000da90      0x1f8 /opt/devkitpro/libnx/lib/libnx.a(fs.o)
                0x000000000000da90                fsDirRead
 *fill*         0x000000000000dc88        0x8 
 .text._setsysGetFirmwareVersionImpl
                0x000000000000dc90       0xd4 /opt/devkitpro/libnx/lib/libnx.a(set.o)
 *fill*         0x000000000000dd64        0xc 
 .text._setsysCleanup
                0x000000000000dd70       0x68 /opt/devkitpro/libnx/lib/libnx.a(set.o)
 *fill*         0x000000000000ddd8        0x8 
 .text.setsysInitialize
                0x000000000000dde0       0xa0 /opt/devkitpro/libnx/lib/libnx.a(set.o)
                0x000000000000dde0                setsysInitialize
 .text.setsysExit
                0x000000000000de80       0x44 /opt/devkitpro/libnx/lib/libnx.a(set.o)
                0x000000000000de80                setsysExit
 *fill*         0x000000000000dec4        0xc 
 .text.setsysGetFirmwareVersion
                0x000000000000ded0       0x44 /opt/devkitpro/libnx/lib/libnx.a(set.o)
                0x000000000000ded0                setsysGetFirmwareVersion
 *fill*         0x000000000000df14        0xc 
 .text._smCmifCmdInPid
                0x000000000000df20       0xd0 /opt/devkitpro/libnx/lib/libnx.a(sm.o)
 .text._smCleanup
                0x000000000000dff0       0x68 /opt/devkitpro/libnx/lib/libnx.a(sm.o)
 *fill*         0x000000000000e058        0x8 
 .text.smAddOverrideHandle
                0x000000000000e060       0x48 /opt/devkitpro/libnx/lib/libnx.a(sm.o)
                0x000000000000e060                smAddOverrideHandle
 *fill*         0x000000000000e0a8        0x8 
 .text.smGetServiceOverride
                0x000000000000e0b0       0x54 /opt/devkitpro/libnx/lib/libnx.a(sm.o)
                0x000000000000e0b0                smGetServiceOverride
 *fill*         0x000000000000e104        0xc 
 .text.smInitialize
                0x000000000000e110      0x1bc /opt/devkitpro/libnx/lib/libnx.a(sm.o)
                0x000000000000e110                smInitialize
 *fill*         0x000000000000e2cc        0x4 
 .text.smExit   0x000000000000e2d0       0x44 /opt/devkitpro/libnx/lib/libnx.a(sm.o)
                0x000000000000e2d0                smExit
 *fill*         0x000000000000e314        0xc 
 .text.smGetServiceOriginal
                0x000000000000e320       0xd0 /opt/devkitpro/libnx/lib/libnx.a(sm.o)
                0x000000000000e320                smGetServiceOriginal
 .text.smGetServiceWrapper
                0x000000000000e3f0      0x120 /opt/devkitpro/libnx/lib/libnx.a(sm.o)
                0x000000000000e3f0                smGetServiceWrapper
 .text.diagAbortWithResult
                0x000000000000e510       0x1c /opt/devkitpro/libnx/lib/libnx.a(diag.o)
                0x000000000000e510                diagAbortWithResult
 *fill*         0x000000000000e52c        0x4 
 .text.hosversionGet
                0x000000000000e530       0x14 /opt/devkitpro/libnx/lib/libnx.a(hosversion.o)
                0x000000000000e530                hosversionGet
 *fill*         0x000000000000e544        0xc 
 .text.hosversionSet
                0x000000000000e550       0x10 /opt/devkitpro/libnx/lib/libnx.a(hosversion.o)
                0x000000000000e550                hosversionSet
 .text.fsdev_link
                0x000000000000e560       0x14 /opt/devkitpro/libnx/lib/libnx.a(fs_dev.o)
 *fill*         0x000000000000e574        0xc 
 .text.fsdev_dirreset
                0x000000000000e580       0x14 /opt/devkitpro/libnx/lib/libnx.a(fs_dev.o)
 *fill*         0x000000000000e594        0xc 
 .text.fsdev_chmod
                0x000000000000e5a0       0x14 /opt/devkitpro/libnx/lib/libnx.a(fs_dev.o)
 *fill*         0x000000000000e5b4        0xc 
 .text.error_cmp
                0x000000000000e5c0       0x18 /opt/devkitpro/libnx/lib/libnx.a(fs_dev.o)
 *fill*         0x000000000000e5d8        0x8 
 .text.fsdev_dirclose
                0x000000000000e5e0       0x20 /opt/devkitpro/libnx/lib/libnx.a(fs_dev.o)
 .text.fsdev_close
                0x000000000000e600       0x1c /opt/devkitpro/libnx/lib/libnx.a(fs_dev.o)
 *fill*         0x000000000000e61c        0x4 
 .text.fsdev_converttimetoutc
                0x000000000000e620       0x7c /opt/devkitpro/libnx/lib/libnx.a(fs_dev.o)
 *fill*         0x000000000000e69c        0x4 
 .text.fsdevFindDevice.part.0
                0x000000000000e6a0       0xdc /opt/devkitpro/libnx/lib/libnx.a(fs_dev.o)
 *fill*         0x000000000000e77c        0x4 
 .text.fsdev_fixpath
                0x000000000000e780      0x1d4 /opt/devkitpro/libnx/lib/libnx.a(fs_dev.o)
 *fill*         0x000000000000e954        0xc 
 .text._fsdevUnmountDeviceStruct.part.0
                0x000000000000e960       0xa0 /opt/devkitpro/libnx/lib/libnx.a(fs_dev.o)
 .text.fsdev_fchmod
                0x000000000000ea00       0x14 /opt/devkitpro/libnx/lib/libnx.a(fs_dev.o)
 *fill*         0x000000000000ea14        0xc 
 .text.fsdev_diropen
                0x000000000000ea20       0xfc /opt/devkitpro/libnx/lib/libnx.a(fs_dev.o)
 *fill*         0x000000000000eb1c        0x4 
 .text.fsdev_statvfs
                0x000000000000eb20      0x100 /opt/devkitpro/libnx/lib/libnx.a(fs_dev.o)
 .text.fsdev_fsync
                0x000000000000ec20       0x7c /opt/devkitpro/libnx/lib/libnx.a(fs_dev.o)
 *fill*         0x000000000000ec9c        0x4 
 .text.fsdev_fstat
                0x000000000000eca0       0xf4 /opt/devkitpro/libnx/lib/libnx.a(fs_dev.o)
 *fill*         0x000000000000ed94        0xc 
 .text.fsdev_ftruncate
                0x000000000000eda0       0x94 /opt/devkitpro/libnx/lib/libnx.a(fs_dev.o)
 *fill*         0x000000000000ee34        0xc 
 .text.fsdev_stat
                0x000000000000ee40      0x1fc /opt/devkitpro/libnx/lib/libnx.a(fs_dev.o)
 *fill*         0x000000000000f03c        0x4 
 .text.fsdev_rename
                0x000000000000f040      0x14c /opt/devkitpro/libnx/lib/libnx.a(fs_dev.o)
 *fill*         0x000000000000f18c        0x4 
 .text.fsdev_chdir
                0x000000000000f190      0x140 /opt/devkitpro/libnx/lib/libnx.a(fs_dev.o)
 .text.fsdev_rmdir
                0x000000000000f2d0       0xa4 /opt/devkitpro/libnx/lib/libnx.a(fs_dev.o)
 *fill*         0x000000000000f374        0xc 
 .text.fsdev_mkdir
                0x000000000000f380       0xa4 /opt/devkitpro/libnx/lib/libnx.a(fs_dev.o)
 *fill*         0x000000000000f424        0xc 
 .text.fsdev_unlink
                0x000000000000f430       0xa4 /opt/devkitpro/libnx/lib/libnx.a(fs_dev.o)
 *fill*         0x000000000000f4d4        0xc 
 .text.fsdev_write_safe
                0x000000000000f4e0      0x144 /opt/devkitpro/libnx/lib/libnx.a(fs_dev.o)
 *fill*         0x000000000000f624        0xc 
 .text.fsdev_read_safe
                0x000000000000f630      0x13c /opt/devkitpro/libnx/lib/libnx.a(fs_dev.o)
 *fill*         0x000000000000f76c        0x4 
 .text.fsdev_read
                0x000000000000f770      0x100 /opt/devkitpro/libnx/lib/libnx.a(fs_dev.o)
 .text.fsdev_dirnext
                0x000000000000f870      0x1cc /opt/devkitpro/libnx/lib/libnx.a(fs_dev.o)
 *fill*         0x000000000000fa3c        0x4 
 .text.fsdev_write
                0x000000000000fa40      0x124 /opt/devkitpro/libnx/lib/libnx.a(fs_dev.o)
 *fill*         0x000000000000fb64        0xc 
 .text.fsdev_seek
                0x000000000000fb70       0xe0 /opt/devkitpro/libnx/lib/libnx.a(fs_dev.o)
 .text.fsdev_open
                0x000000000000fc50      0x250 /opt/devkitpro/libnx/lib/libnx.a(fs_dev.o)
 .text.fsdevMountDevice
                0x000000000000fea0      0x228 /opt/devkitpro/libnx/lib/libnx.a(fs_dev.o)
                0x000000000000fea0                fsdevMountDevice
 *fill*         0x00000000000100c8        0x8 
 .text.fsdevMountSdmc
                0x00000000000100d0       0x40 /opt/devkitpro/libnx/lib/libnx.a(fs_dev.o)
                0x00000000000100d0                fsdevMountSdmc
 .text.fsdevUnmountAll
                0x0000000000010110       0x64 /opt/devkitpro/libnx/lib/libnx.a(fs_dev.o)
                0x0000000000010110                fsdevUnmountAll
 *fill*         0x0000000000010174        0xc 
 .text.decode_utf8
                0x0000000000010180      0x12c /opt/devkitpro/libnx/lib/libnx.a(decode_utf8.o)
                0x0000000000010180                decode_utf8
 .text.svcSetHeapSize
                0x00000000000102ac       0x14 /opt/devkitpro/libnx/lib/libnx.a(svc.o)
                0x00000000000102ac                svcSetHeapSize
 .text.svcSetMemoryPermission
                0x00000000000102c0        0x8 /opt/devkitpro/libnx/lib/libnx.a(svc.o)
                0x00000000000102c0                svcSetMemoryPermission
 .text.svcSetMemoryAttribute
                0x00000000000102c8        0x8 /opt/devkitpro/libnx/lib/libnx.a(svc.o)
                0x00000000000102c8                svcSetMemoryAttribute
 .text.svcUnmapMemory
                0x00000000000102d0        0x8 /opt/devkitpro/libnx/lib/libnx.a(svc.o)
                0x00000000000102d0                svcUnmapMemory
 .text.svcQueryMemory
                0x00000000000102d8       0x14 /opt/devkitpro/libnx/lib/libnx.a(svc.o)
                0x00000000000102d8                svcQueryMemory
 .text.svcExitProcess
                0x00000000000102ec        0x8 /opt/devkitpro/libnx/lib/libnx.a(svc.o)
                0x00000000000102ec                svcExitProcess
 .text.svcSleepThread
                0x00000000000102f4        0x8 /opt/devkitpro/libnx/lib/libnx.a(svc.o)
                0x00000000000102f4                svcSleepThread
 .text.svcCloseHandle
                0x00000000000102fc        0x8 /opt/devkitpro/libnx/lib/libnx.a(svc.o)
                0x00000000000102fc                svcCloseHandle
 .text.svcArbitrateLock
                0x0000000000010304        0x8 /opt/devkitpro/libnx/lib/libnx.a(svc.o)
                0x0000000000010304                svcArbitrateLock
 .text.svcArbitrateUnlock
                0x000000000001030c        0x8 /opt/devkitpro/libnx/lib/libnx.a(svc.o)
                0x000000000001030c                svcArbitrateUnlock
 .text.svcWaitProcessWideKeyAtomic
                0x0000000000010314        0x8 /opt/devkitpro/libnx/lib/libnx.a(svc.o)
                0x0000000000010314                svcWaitProcessWideKeyAtomic
 .text.svcSignalProcessWideKey
                0x000000000001031c        0x8 /opt/devkitpro/libnx/lib/libnx.a(svc.o)
                0x000000000001031c                svcSignalProcessWideKey
 .text.svcConnectToNamedPort
                0x0000000000010324       0x14 /opt/devkitpro/libnx/lib/libnx.a(svc.o)
                0x0000000000010324                svcConnectToNamedPort
 .text.svcSendSyncRequest
                0x0000000000010338        0x8 /opt/devkitpro/libnx/lib/libnx.a(svc.o)
                0x0000000000010338                svcSendSyncRequest
 .text.svcBreak
                0x0000000000010340        0x8 /opt/devkitpro/libnx/lib/libnx.a(svc.o)
                0x0000000000010340                svcBreak
 .text.svcReturnFromException
                0x0000000000010348        0x8 /opt/devkitpro/libnx/lib/libnx.a(svc.o)
                0x0000000000010348                svcReturnFromException
 .text.svcGetInfo
                0x0000000000010350       0x14 /opt/devkitpro/libnx/lib/libnx.a(svc.o)
                0x0000000000010350                svcGetInfo
 .text.__aarch64_read_tp
                0x0000000000010364        0xc /opt/devkitpro/libnx/lib/libnx.a(readtp.o)
                0x0000000000010364                __aarch64_read_tp
 .text.mutexLock
                0x0000000000010370       0x80 /opt/devkitpro/libnx/lib/libnx.a(mutex.o)
                0x0000000000010370                mutexLock
 .text.mutexUnlock
                0x00000000000103f0       0x68 /opt/devkitpro/libnx/lib/libnx.a(mutex.o)
                0x00000000000103f0                mutexUnlock
 *fill*         0x0000000000010458        0x8 
 .text.rmutexLock
                0x0000000000010460       0x4c /opt/devkitpro/libnx/lib/libnx.a(mutex.o)
                0x0000000000010460                rmutexLock
 *fill*         0x00000000000104ac        0x4 
 .text.rmutexUnlock
                0x00000000000104b0       0x1c /opt/devkitpro/libnx/lib/libnx.a(mutex.o)
                0x00000000000104b0                rmutexUnlock
 *fill*         0x00000000000104cc        0x4 
 .text.sessionmgrCreate
                0x00000000000104d0      0x178 /opt/devkitpro/libnx/lib/libnx.a(sessionmgr.o)
                0x00000000000104d0                sessionmgrCreate
 *fill*         0x0000000000010648        0x8 
 .text.sessionmgrClose
                0x0000000000010650       0x84 /opt/devkitpro/libnx/lib/libnx.a(sessionmgr.o)
                0x0000000000010650                sessionmgrClose
 *fill*         0x00000000000106d4        0xc 
 .text.sessionmgrAttachClient
                0x00000000000106e0       0xb4 /opt/devkitpro/libnx/lib/libnx.a(sessionmgr.o)
                0x00000000000106e0                sessionmgrAttachClient
 *fill*         0x0000000000010794        0xc 
 .text.sessionmgrDetachClient
                0x00000000000107a0       0x70 /opt/devkitpro/libnx/lib/libnx.a(sessionmgr.o)
                0x00000000000107a0                sessionmgrDetachClient
 .text.timeToPosixTimeWithMyRule
                0x0000000000010810      0x104 /opt/devkitpro/libnx/lib/libnx.a(time.o)
                0x0000000000010810                timeToPosixTimeWithMyRule
 *fill*         0x0000000000010914        0xc 
 .text.__libnx_alloc
                0x0000000000010920        0x4 /opt/devkitpro/libnx/lib/libnx.a(alloc.o)
                0x0000000000010920                __libnx_alloc
 *fill*         0x0000000000010924        0xc 
 .text.__libnx_free
                0x0000000000010930        0x4 /opt/devkitpro/libnx/lib/libnx.a(alloc.o)
                0x0000000000010930                __libnx_free
 *fill*         0x0000000000010934        0xc 
 .text.argvSetup
                0x0000000000010940      0x340 /opt/devkitpro/libnx/lib/libnx.a(argv.o)
                0x0000000000010940                argvSetup
 .text.__nx_dynamic
                0x0000000000010c80      0x168 /opt/devkitpro/libnx/lib/libnx.a(dynamic.o)
                0x0000000000010c80                __nx_dynamic
 *fill*         0x0000000000010de8        0x8 
 .text.envSetup
                0x0000000000010df0      0x208 /opt/devkitpro/libnx/lib/libnx.a(env.o)
                0x0000000000010df0                envSetup
 *fill*         0x0000000000010ff8        0x8 
 .text.envGetMainThreadHandle
                0x0000000000011000       0x20 /opt/devkitpro/libnx/lib/libnx.a(env.o)
                0x0000000000011000                envGetMainThreadHandle
 .text.envIsNso
                0x0000000000011020        0xc /opt/devkitpro/libnx/lib/libnx.a(env.o)
                0x0000000000011020                envIsNso
 *fill*         0x000000000001102c        0x4 
 .text.envHasHeapOverride
                0x0000000000011030       0x14 /opt/devkitpro/libnx/lib/libnx.a(env.o)
                0x0000000000011030                envHasHeapOverride
 *fill*         0x0000000000011044        0xc 
 .text.envGetHeapOverrideAddr
                0x0000000000011050        0xc /opt/devkitpro/libnx/lib/libnx.a(env.o)
                0x0000000000011050                envGetHeapOverrideAddr
 *fill*         0x000000000001105c        0x4 
 .text.envGetHeapOverrideSize
                0x0000000000011060        0xc /opt/devkitpro/libnx/lib/libnx.a(env.o)
                0x0000000000011060                envGetHeapOverrideSize
 *fill*         0x000000000001106c        0x4 
 .text.envHasArgv
                0x0000000000011070       0x14 /opt/devkitpro/libnx/lib/libnx.a(env.o)
                0x0000000000011070                envHasArgv
 *fill*         0x0000000000011084        0xc 
 .text.envGetArgv
                0x0000000000011090        0xc /opt/devkitpro/libnx/lib/libnx.a(env.o)
                0x0000000000011090                envGetArgv
 *fill*         0x000000000001109c        0x4 
 .text.envGetExitFuncPtr
                0x00000000000110a0        0xc /opt/devkitpro/libnx/lib/libnx.a(env.o)
                0x00000000000110a0                envGetExitFuncPtr
 *fill*         0x00000000000110ac        0x4 
 .text.__libnx_initheap
                0x00000000000110b0       0xd4 /opt/devkitpro/libnx/lib/libnx.a(init.o)
                0x00000000000110b0                __libnx_initheap
 *fill*         0x0000000000011184        0xc 
 .text.__libnx_init
                0x0000000000011190       0x2c /opt/devkitpro/libnx/lib/libnx.a(init.o)
                0x0000000000011190                __libnx_init
 *fill*         0x00000000000111bc        0x4 
 .text.__libnx_exit
                0x00000000000111c0       0x1c /opt/devkitpro/libnx/lib/libnx.a(init.o)
                0x00000000000111c0                __libnx_exit
 *fill*         0x00000000000111dc        0x4 
 .text.__syscall_exit
                0x00000000000111e0       0x1c /opt/devkitpro/libnx/lib/libnx.a(newlib.o)
                0x00000000000111e0                __syscall_exit
 *fill*         0x00000000000111fc        0x4 
 .text.__syscall_getreent
                0x0000000000011200       0x30 /opt/devkitpro/libnx/lib/libnx.a(newlib.o)
                0x0000000000011200                __syscall_getreent
 .text.__syscall_lock_acquire
                0x0000000000011230        0x4 /opt/devkitpro/libnx/lib/libnx.a(newlib.o)
                0x0000000000011230                __syscall_lock_acquire
 *fill*         0x0000000000011234        0xc 
 .text.__syscall_lock_release
                0x0000000000011240        0x4 /opt/devkitpro/libnx/lib/libnx.a(newlib.o)
                0x0000000000011240                __syscall_lock_release
 *fill*         0x0000000000011244        0xc 
 .text.__syscall_lock_acquire_recursive
                0x0000000000011250        0x4 /opt/devkitpro/libnx/lib/libnx.a(newlib.o)
                0x0000000000011250                __syscall_lock_acquire_recursive
 *fill*         0x0000000000011254        0xc 
 .text.__syscall_lock_release_recursive
                0x0000000000011260        0x4 /opt/devkitpro/libnx/lib/libnx.a(newlib.o)
                0x0000000000011260                __syscall_lock_release_recursive
 *fill*         0x0000000000011264        0xc 
 .text.newlibSetup
                0x0000000000011270       0x9c /opt/devkitpro/libnx/lib/libnx.a(newlib.o)
                0x0000000000011270                newlibSetup
 *fill*         0x000000000001130c        0x4 
 .text.nxlinkSetup
                0x0000000000011310       0xc4 /opt/devkitpro/libnx/lib/libnx.a(nxlink.o)
                0x0000000000011310                nxlinkSetup
 .text.__libnx_exception_entry
                0x00000000000113d4      0x1c0 /opt/devkitpro/libnx/lib/libnx.a(exception.o)
                0x00000000000113d4                __libnx_exception_entry
 .text.__libnx_exception_returnentry
                0x0000000000011594       0x18 /opt/devkitpro/libnx/lib/libnx.a(exception.o)
                0x0000000000011594                __libnx_exception_returnentry
 *fill*         0x00000000000115ac        0x4 
 .text.condvarWaitTimeout
                0x00000000000115b0       0x64 /opt/devkitpro/libnx/lib/libnx.a(condvar.o)
                0x00000000000115b0                condvarWaitTimeout
 *fill*         0x0000000000011614        0xc 
 .text.__libnx_init_thread
                0x0000000000011620       0xb0 /opt/devkitpro/libnx/lib/libnx.a(thread.o)
                0x0000000000011620                __libnx_init_thread
 .text._memregionInitWithInfo
                0x00000000000116d0       0x64 /opt/devkitpro/libnx/lib/libnx.a(virtmem.o)
 *fill*         0x0000000000011734        0xc 
 .text.virtmemSetup
                0x0000000000011740      0x140 /opt/devkitpro/libnx/lib/libnx.a(virtmem.o)
                0x0000000000011740                virtmemSetup
 .text._fputs_r
                0x0000000000011880       0xb4 /opt/devkitpro/devkitA64/bin/../lib/gcc/aarch64-none-elf/14.1.0/../../../../aarch64-none-elf/lib/pic/libg.a(libc_a-fputs.o)
                0x0000000000011880                _fputs_r
 *fill*         0x0000000000011934        0xc 
 .text.fputs    0x0000000000011940       0x2c /opt/devkitpro/devkitA64/bin/../lib/gcc/aarch64-none-elf/14.1.0/../../../../aarch64-none-elf/lib/pic/libg.a(libc_a-fputs.o)
                0x0000000000011940                fputs
 *fill*         0x000000000001196c       0x14 
 .text.__sfvwrite_r
                0x0000000000011980      0x494 /opt/devkitpro/devkitA64/bin/../lib/gcc/aarch64-none-elf/14.1.0/../../../../aarch64-none-elf/lib/pic/libg.a(libc_a-fvwrite.o)
                0x0000000000011980                __sfvwrite_r
 *fill*         0x0000000000011e14        0xc 
 .text.__stack_chk_fail
                0x0000000000011e20       0x50 /opt/devkitpro/devkitA64/bin/../lib/gcc/aarch64-none-elf/14.1.0/../../../../aarch64-none-elf/lib/pic/libg.a(libc_a-stack_protector.o)
                0x0000000000011e20                __stack_chk_fail
 *fill*         0x0000000000011e70       0x10 
 .text.putchar  0x0000000000011e80       0x28 /opt/devkitpro/devkitA64/bin/../lib/gcc/aarch64-none-elf/14.1.0/../../../../aarch64-none-elf/lib/pic/libg.a(libc_a-putchar.o)
                0x0000000000011e80                putchar
 *fill*         0x0000000000011ea8       0x18 
 .text._strtoul_l.isra.0
                0x0000000000011ec0      0x1a4 /opt/devkitpro/devkitA64/bin/../lib/gcc/aarch64-none-elf/14.1.0/../../../../aarch64-none-elf/lib/pic/libg.a(libc_a-strtoul.o)
 *fill*         0x0000000000012064       0x1c 
 .text.strtoul  0x0000000000012080       0x48 /opt/devkitpro/devkitA64/bin/../lib/gcc/aarch64-none-elf/14.1.0/../../../../aarch64-none-elf/lib/pic/libg.a(libc_a-strtoul.o)
                0x0000000000012080                strtoul
 *fill*         0x00000000000120c8       0x38 
 .text          0x0000000000012100      0x130 /opt/devkitpro/devkitA64/bin/../lib/gcc/aarch64-none-elf/14.1.0/../../../../aarch64-none-elf/lib/pic/libg.a(libc_a-strlen.o)
                0x0000000000012100                strlen
 *fill*         0x0000000000012230       0x10 
 .text.write    0x0000000000012240       0x3c /opt/devkitpro/devkitA64/bin/../lib/gcc/aarch64-none-elf/14.1.0/../../../../aarch64-none-elf/lib/pic/libg.a(libc_a-syswrite.o)
                0x0000000000012240                write
 *fill*         0x000000000001227c        0x4 
 .text.strncat  0x0000000000012280       0x80 /opt/devkitpro/devkitA64/bin/../lib/gcc/aarch64-none-elf/14.1.0/../../../../aarch64-none-elf/lib/pic/libg.a(libc_a-strncat.o)
                0x0000000000012280                strncat
 .text.bsearch  0x0000000000012300       0xb8 /opt/devkitpro/devkitA64/bin/../lib/gcc/aarch64-none-elf/14.1.0/../../../../aarch64-none-elf/lib/pic/libg.a(libc_a-bsearch.o)
                0x0000000000012300                bsearch
 *fill*         0x00000000000123b8        0x8 
 .text          0x00000000000123c0       0xdc /opt/devkitpro/devkitA64/bin/../lib/gcc/aarch64-none-elf/14.1.0/../../../../aarch64-none-elf/lib/pic/libg.a(libc_a-memchr.o)
                0x00000000000123c0                memchr
 *fill*         0x000000000001249c        0x4 
 .text._fclose_r
                0x00000000000124a0      0x134 /opt/devkitpro/devkitA64/bin/../lib/gcc/aarch64-none-elf/14.1.0/../../../../aarch64-none-elf/lib/pic/libg.a(libc_a-fclose.o)
                0x00000000000124a0                _fclose_r
 *fill*         0x00000000000125d4        0xc 
 .text.fclose   0x00000000000125e0       0x24 /opt/devkitpro/devkitA64/bin/../lib/gcc/aarch64-none-elf/14.1.0/../../../../aarch64-none-elf/lib/pic/libg.a(libc_a-fclose.o)
                0x00000000000125e0                fclose
 *fill*         0x0000000000012604       0x3c 
 .text          0x0000000000012640      0x1b4 /opt/devkitpro/devkitA64/bin/../lib/gcc/aarch64-none-elf/14.1.0/../../../../aarch64-none-elf/lib/pic/libg.a(libc_a-strncmp.o)
                0x0000000000012640                strncmp
 *fill*         0x00000000000127f4        0xc 
 .text          0x0000000000012800      0x134 /opt/devkitpro/devkitA64/bin/../lib/gcc/aarch64-none-elf/14.1.0/../../../../aarch64-none-elf/lib/pic/libg.a(libc_a-strcmp.o)
                0x0000000000012800                strcmp
 *fill*         0x0000000000012934        0xc 
 .text          0x0000000000012940       0xb8 /opt/devkitpro/devkitA64/bin/../lib/gcc/aarch64-none-elf/14.1.0/../../../../aarch64-none-elf/lib/pic/libg.a(libc_a-strnlen.o)
                0x0000000000012940                strnlen
 *fill*         0x00000000000129f8        0x8 
 .text.memalign
                0x0000000000012a00       0x2c /opt/devkitpro/devkitA64/bin/../lib/gcc/aarch64-none-elf/14.1.0/../../../../aarch64-none-elf/lib/pic/libg.a(libc_a-malign.o)
                0x0000000000012a00                memalign
 *fill*         0x0000000000012a2c       0x14 
 .text.stdio_exit_handler
                0x0000000000012a40       0x1c /opt/devkitpro/devkitA64/bin/../lib/gcc/aarch64-none-elf/14.1.0/../../../../aarch64-none-elf/lib/pic/libg.a(libc_a-findfp.o)
 *fill*         0x0000000000012a5c        0x4 
 .text.cleanup_stdio
                0x0000000000012a60       0x6c /opt/devkitpro/devkitA64/bin/../lib/gcc/aarch64-none-elf/14.1.0/../../../../aarch64-none-elf/lib/pic/libg.a(libc_a-findfp.o)
 *fill*         0x0000000000012acc       0x14 
 .text.global_stdio_init.part.0
                0x0000000000012ae0      0x134 /opt/devkitpro/devkitA64/bin/../lib/gcc/aarch64-none-elf/14.1.0/../../../../aarch64-none-elf/lib/pic/libg.a(libc_a-findfp.o)
 *fill*         0x0000000000012c14        0xc 
 .text.__sfp_lock_acquire
                0x0000000000012c20        0xc /opt/devkitpro/devkitA64/bin/../lib/gcc/aarch64-none-elf/14.1.0/../../../../aarch64-none-elf/lib/pic/libg.a(libc_a-findfp.o)
                0x0000000000012c20                __sfp_lock_acquire
 *fill*         0x0000000000012c2c       0x14 
 .text.__sfp_lock_release
                0x0000000000012c40        0xc /opt/devkitpro/devkitA64/bin/../lib/gcc/aarch64-none-elf/14.1.0/../../../../aarch64-none-elf/lib/pic/libg.a(libc_a-findfp.o)
                0x0000000000012c40                __sfp_lock_release
 *fill*         0x0000000000012c4c       0x14 
 .text.__sfp    0x0000000000012c60      0x12c /opt/devkitpro/devkitA64/bin/../lib/gcc/aarch64-none-elf/14.1.0/../../../../aarch64-none-elf/lib/pic/libg.a(libc_a-findfp.o)
                0x0000000000012c60                __sfp
 *fill*         0x0000000000012d8c       0x14 
 .text.__sinit  0x0000000000012da0       0x54 /opt/devkitpro/devkitA64/bin/../lib/gcc/aarch64-none-elf/14.1.0/../../../../aarch64-none-elf/lib/pic/libg.a(libc_a-findfp.o)
                0x0000000000012da0                __sinit
 *fill*         0x0000000000012df4        0xc 
 .text._malloc_r
                0x0000000000012e00      0x7e8 /opt/devkitpro/devkitA64/bin/../lib/gcc/aarch64-none-elf/14.1.0/../../../../aarch64-none-elf/lib/pic/libg.a(libc_a-mallocr.o)
                0x0000000000012e00                _malloc_r
 *fill*         0x00000000000135e8       0x18 
 .text._putc_r  0x0000000000013600       0xe0 /opt/devkitpro/devkitA64/bin/../lib/gcc/aarch64-none-elf/14.1.0/../../../../aarch64-none-elf/lib/pic/libg.a(libc_a-putc.o)
                0x0000000000013600                _putc_r
 *fill*         0x00000000000136e0       0x20 
 .text          0x0000000000013700      0x22c /opt/devkitpro/devkitA64/bin/../lib/gcc/aarch64-none-elf/14.1.0/../../../../aarch64-none-elf/lib/pic/libg.a(libc_a-memcpy.o)
                0x0000000000013700                memmove
                0x0000000000013700                memcpy
 *fill*         0x000000000001392c       0x14 
 .text._malloc_trim_r
                0x0000000000013940      0x124 /opt/devkitpro/devkitA64/bin/../lib/gcc/aarch64-none-elf/14.1.0/../../../../aarch64-none-elf/lib/pic/libg.a(libc_a-freer.o)
                0x0000000000013940                _malloc_trim_r
 *fill*         0x0000000000013a64       0x1c 
 .text._free_r  0x0000000000013a80      0x2d4 /opt/devkitpro/devkitA64/bin/../lib/gcc/aarch64-none-elf/14.1.0/../../../../aarch64-none-elf/lib/pic/libg.a(libc_a-freer.o)
                0x0000000000013a80                _free_r
 *fill*         0x0000000000013d54        0xc 
 .text.__errno  0x0000000000013d60       0x14 /opt/devkitpro/devkitA64/bin/../lib/gcc/aarch64-none-elf/14.1.0/../../../../aarch64-none-elf/lib/pic/libg.a(libc_a-errno.o)
                0x0000000000013d60                __errno
 *fill*         0x0000000000013d74        0xc 
 .text.malloc   0x0000000000013d80       0x44 /opt/devkitpro/devkitA64/bin/../lib/gcc/aarch64-none-elf/14.1.0/../../../../aarch64-none-elf/lib/pic/libg.a(libc_a-malloc.o)
                0x0000000000013d80                malloc
 *fill*         0x0000000000013dc4       0x1c 
 .text.free     0x0000000000013de0       0x24 /opt/devkitpro/devkitA64/bin/../lib/gcc/aarch64-none-elf/14.1.0/../../../../aarch64-none-elf/lib/pic/libg.a(libc_a-malloc.o)
                0x0000000000013de0                free
 *fill*         0x0000000000013e04       0x1c 
 .text._fopen_r
                0x0000000000013e20      0x124 /opt/devkitpro/devkitA64/bin/../lib/gcc/aarch64-none-elf/14.1.0/../../../../aarch64-none-elf/lib/pic/libg.a(libc_a-fopen.o)
                0x0000000000013e20                _fopen_r
 *fill*         0x0000000000013f44       0x1c 
 .text.fopen    0x0000000000013f60       0x2c /opt/devkitpro/devkitA64/bin/../lib/gcc/aarch64-none-elf/14.1.0/../../../../aarch64-none-elf/lib/pic/libg.a(libc_a-fopen.o)
                0x0000000000013f60                fopen
 *fill*         0x0000000000013f8c       0x14 
 .text.gmtime   0x0000000000013fa0       0x2c /opt/devkitpro/devkitA64/bin/../lib/gcc/aarch64-none-elf/14.1.0/../../../../aarch64-none-elf/lib/pic/libg.a(libc_a-gmtime.o)
                0x0000000000013fa0                gmtime
 *fill*         0x0000000000013fcc       0x14 
 .text._realloc_r
                0x0000000000013fe0      0x53c /opt/devkitpro/devkitA64/bin/../lib/gcc/aarch64-none-elf/14.1.0/../../../../aarch64-none-elf/lib/pic/libg.a(libc_a-reallocr.o)
                0x0000000000013fe0                _realloc_r
 *fill*         0x000000000001451c        0x4 
 .text._fwalk_sglue
                0x0000000000014520       0x98 /opt/devkitpro/devkitA64/bin/../lib/gcc/aarch64-none-elf/14.1.0/../../../../aarch64-none-elf/lib/pic/libg.a(libc_a-fwalk.o)
                0x0000000000014520                _fwalk_sglue
 *fill*         0x00000000000145b8        0x8 
 .text.__malloc_lock
                0x00000000000145c0        0xc /opt/devkitpro/devkitA64/bin/../lib/gcc/aarch64-none-elf/14.1.0/../../../../aarch64-none-elf/lib/pic/libg.a(libc_a-mlock.o)
                0x00000000000145c0                __malloc_lock
 *fill*         0x00000000000145cc       0x14 
 .text.__malloc_unlock
                0x00000000000145e0        0xc /opt/devkitpro/devkitA64/bin/../lib/gcc/aarch64-none-elf/14.1.0/../../../../aarch64-none-elf/lib/pic/libg.a(libc_a-mlock.o)
                0x00000000000145e0                __malloc_unlock
 *fill*         0x00000000000145ec       0x14 
 .text          0x0000000000014600      0x104 /opt/devkitpro/devkitA64/bin/../lib/gcc/aarch64-none-elf/14.1.0/../../../../aarch64-none-elf/lib/pic/libg.a(libc_a-memset.o)
                0x0000000000014600                memset
 *fill*         0x0000000000014704       0x1c 
 .text.__call_exitprocs
                0x0000000000014720        0x4 /opt/devkitpro/devkitA64/bin/../lib/gcc/aarch64-none-elf/14.1.0/../../../../aarch64-none-elf/lib/pic/libg.a(libc_a-exit.o)
                0x0000000000014720                __call_exitprocs
 *fill*         0x0000000000014724       0x1c 
 .text._fseek_r
                0x0000000000014740        0x4 /opt/devkitpro/devkitA64/bin/../lib/gcc/aarch64-none-elf/14.1.0/../../../../aarch64-none-elf/lib/pic/libg.a(libc_a-fseek.o)
                0x0000000000014740                _fseek_r
 *fill*         0x0000000000014744       0x1c 
 .text.strncpy  0x0000000000014760       0x8c /opt/devkitpro/devkitA64/bin/../lib/gcc/aarch64-none-elf/14.1.0/../../../../aarch64-none-elf/lib/pic/libg.a(libc_a-strncpy.o)
                0x0000000000014760                strncpy
 *fill*         0x00000000000147ec       0x14 
 .text.__sflags
                0x0000000000014800       0xbc /opt/devkitpro/devkitA64/bin/../lib/gcc/aarch64-none-elf/14.1.0/../../../../aarch64-none-elf/lib/pic/libg.a(libc_a-flags.o)
                0x0000000000014800                __sflags
 *fill*         0x00000000000148bc        0x4 
 .text.__libc_init_array
                0x00000000000148c0       0x90 /opt/devkitpro/devkitA64/bin/../lib/gcc/aarch64-none-elf/14.1.0/../../../../aarch64-none-elf/lib/pic/libg.a(libc_a-init.o)
                0x00000000000148c0                __libc_init_array
 *fill*         0x0000000000014950       0x10 
 .text.__swsetup_r
                0x0000000000014960      0x180 /opt/devkitpro/devkitA64/bin/../lib/gcc/aarch64-none-elf/14.1.0/../../../../aarch64-none-elf/lib/pic/libg.a(libc_a-wsetup.o)
                0x0000000000014960                __swsetup_r
 .text.__sflush_r
                0x0000000000014ae0      0x1e8 /opt/devkitpro/devkitA64/bin/../lib/gcc/aarch64-none-elf/14.1.0/../../../../aarch64-none-elf/lib/pic/libg.a(libc_a-fflush.o)
                0x0000000000014ae0                __sflush_r
 *fill*         0x0000000000014cc8       0x18 
 .text._fflush_r
                0x0000000000014ce0       0xb8 /opt/devkitpro/devkitA64/bin/../lib/gcc/aarch64-none-elf/14.1.0/../../../../aarch64-none-elf/lib/pic/libg.a(libc_a-fflush.o)
                0x0000000000014ce0                _fflush_r
 *fill*         0x0000000000014d98        0x8 
 .text._raise_r
                0x0000000000014da0       0xa4 /opt/devkitpro/devkitA64/bin/../lib/gcc/aarch64-none-elf/14.1.0/../../../../aarch64-none-elf/lib/pic/libg.a(libc_a-signal.o)
                0x0000000000014da0                _raise_r
 *fill*         0x0000000000014e44       0x1c 
 .text.raise    0x0000000000014e60       0x24 /opt/devkitpro/devkitA64/bin/../lib/gcc/aarch64-none-elf/14.1.0/../../../../aarch64-none-elf/lib/pic/libg.a(libc_a-signal.o)
                0x0000000000014e60                raise
 *fill*         0x0000000000014e84       0x1c 
 .text.gmtime_r
                0x0000000000014ea0      0x2a0 /opt/devkitpro/devkitA64/bin/../lib/gcc/aarch64-none-elf/14.1.0/../../../../aarch64-none-elf/lib/pic/libg.a(libc_a-gmtime_r.o)
                0x0000000000014ea0                gmtime_r
 .text._memalign_r
                0x0000000000015140      0x17c /opt/devkitpro/devkitA64/bin/../lib/gcc/aarch64-none-elf/14.1.0/../../../../aarch64-none-elf/lib/pic/libg.a(libc_a-malignr.o)
                0x0000000000015140                _memalign_r
 *fill*         0x00000000000152bc        0x4 
 .text.__swbuf_r
                0x00000000000152c0      0x118 /opt/devkitpro/devkitA64/bin/../lib/gcc/aarch64-none-elf/14.1.0/../../../../aarch64-none-elf/lib/pic/libg.a(libc_a-wbuf.o)
                0x00000000000152c0                __swbuf_r
 *fill*         0x00000000000153d8        0x8 
 .text.__libc_fini_array
                0x00000000000153e0       0x44 /opt/devkitpro/devkitA64/bin/../lib/gcc/aarch64-none-elf/14.1.0/../../../../aarch64-none-elf/lib/pic/libg.a(libc_a-fini.o)
                0x00000000000153e0                __libc_fini_array
 *fill*         0x0000000000015424       0x1c 
 .text._fseeko_r
                0x0000000000015440      0x4b0 /opt/devkitpro/devkitA64/bin/../lib/gcc/aarch64-none-elf/14.1.0/../../../../aarch64-none-elf/lib/pic/libg.a(libc_a-fseeko.o)
                0x0000000000015440                _fseeko_r
 *fill*         0x00000000000158f0       0x10 
 .text          0x0000000000015900       0xcc /opt/devkitpro/devkitA64/bin/../lib/gcc/aarch64-none-elf/14.1.0/../../../../aarch64-none-elf/lib/pic/libg.a(libc_a-strchr.o)
                0x0000000000015900                strchr
 *fill*         0x00000000000159cc       0x14 
 .text.__sread  0x00000000000159e0       0x4c /opt/devkitpro/devkitA64/bin/../lib/gcc/aarch64-none-elf/14.1.0/../../../../aarch64-none-elf/lib/pic/libg.a(libc_a-stdio.o)
                0x00000000000159e0                __sread
 *fill*         0x0000000000015a2c       0x14 
 .text.__swrite
                0x0000000000015a40       0x68 /opt/devkitpro/devkitA64/bin/../lib/gcc/aarch64-none-elf/14.1.0/../../../../aarch64-none-elf/lib/pic/libg.a(libc_a-stdio.o)
                0x0000000000015a40                __swrite
 *fill*         0x0000000000015aa8       0x18 
 .text.__sseek  0x0000000000015ac0       0x50 /opt/devkitpro/devkitA64/bin/../lib/gcc/aarch64-none-elf/14.1.0/../../../../aarch64-none-elf/lib/pic/libg.a(libc_a-stdio.o)
                0x0000000000015ac0                __sseek
 *fill*         0x0000000000015b10       0x10 
 .text.__sclose
                0x0000000000015b20        0x8 /opt/devkitpro/devkitA64/bin/../lib/gcc/aarch64-none-elf/14.1.0/../../../../aarch64-none-elf/lib/pic/libg.a(libc_a-stdio.o)
                0x0000000000015b20                __sclose
 *fill*         0x0000000000015b28       0x18 
 .text.lflush   0x0000000000015b40       0x38 /opt/devkitpro/devkitA64/bin/../lib/gcc/aarch64-none-elf/14.1.0/../../../../aarch64-none-elf/lib/pic/libg.a(libc_a-refill.o)
 *fill*         0x0000000000015b78        0x8 
 .text.__srefill_r
                0x0000000000015b80      0x1b0 /opt/devkitpro/devkitA64/bin/../lib/gcc/aarch64-none-elf/14.1.0/../../../../aarch64-none-elf/lib/pic/libg.a(libc_a-refill.o)
                0x0000000000015b80                __srefill_r
 *fill*         0x0000000000015d30       0x10 
 .text.__swhatbuf_r
                0x0000000000015d40       0x94 /opt/devkitpro/devkitA64/bin/../lib/gcc/aarch64-none-elf/14.1.0/../../../../aarch64-none-elf/lib/pic/libg.a(libc_a-makebuf.o)
                0x0000000000015d40                __swhatbuf_r
 *fill*         0x0000000000015dd4        0xc 
 .text.__smakebuf_r
                0x0000000000015de0       0xfc /opt/devkitpro/devkitA64/bin/../lib/gcc/aarch64-none-elf/14.1.0/../../../../aarch64-none-elf/lib/pic/libg.a(libc_a-makebuf.o)
                0x0000000000015de0                __smakebuf_r
 *fill*         0x0000000000015edc        0x4 
 .text._exit    0x0000000000015ee0       0x20 /opt/devkitpro/devkitA64/bin/../lib/gcc/aarch64-none-elf/14.1.0/../../../../aarch64-none-elf/lib/pic/libsysbase.a(libsysbase_libsysbase_a-_exit.o)
                0x0000000000015ee0                _exit
 .text._fstat_r
                0x0000000000015f00       0x94 /opt/devkitpro/devkitA64/bin/../lib/gcc/aarch64-none-elf/14.1.0/../../../../aarch64-none-elf/lib/pic/libsysbase.a(libsysbase_libsysbase_a-fstat.o)
                0x0000000000015f00                _fstat_r
 *fill*         0x0000000000015f94        0xc 
 .text._getpid_r
                0x0000000000015fa0       0x14 /opt/devkitpro/devkitA64/bin/../lib/gcc/aarch64-none-elf/14.1.0/../../../../aarch64-none-elf/lib/pic/libsysbase.a(libsysbase_libsysbase_a-getpid.o)
                0x0000000000015fa0                _getpid_r
 *fill*         0x0000000000015fb4        0xc 
 .text.__getreent
                0x0000000000015fc0       0x20 /opt/devkitpro/devkitA64/bin/../lib/gcc/aarch64-none-elf/14.1.0/../../../../aarch64-none-elf/lib/pic/libsysbase.a(libsysbase_libsysbase_a-getreent.o)
                0x0000000000015fc0                __getreent
 .text.__release_handle
                0x0000000000015fe0       0x94 /opt/devkitpro/devkitA64/bin/../lib/gcc/aarch64-none-elf/14.1.0/../../../../aarch64-none-elf/lib/pic/libsysbase.a(libsysbase_libsysbase_a-handle_manager.o)
                0x0000000000015fe0                __release_handle
 *fill*         0x0000000000016074        0xc 
 .text.__alloc_handle
                0x0000000000016080       0xc8 /opt/devkitpro/devkitA64/bin/../lib/gcc/aarch64-none-elf/14.1.0/../../../../aarch64-none-elf/lib/pic/libsysbase.a(libsysbase_libsysbase_a-handle_manager.o)
                0x0000000000016080                __alloc_handle
 *fill*         0x0000000000016148       0x18 
 .text.__get_handle
                0x0000000000016160       0x50 /opt/devkitpro/devkitA64/bin/../lib/gcc/aarch64-none-elf/14.1.0/../../../../aarch64-none-elf/lib/pic/libsysbase.a(libsysbase_libsysbase_a-handle_manager.o)
                0x0000000000016160                __get_handle
 *fill*         0x00000000000161b0       0x10 
 .text._close_r
                0x00000000000161c0      0x108 /opt/devkitpro/devkitA64/bin/../lib/gcc/aarch64-none-elf/14.1.0/../../../../aarch64-none-elf/lib/pic/libsysbase.a(libsysbase_libsysbase_a-handle_manager.o)
                0x00000000000161c0                _close_r
 *fill*         0x00000000000162c8       0x18 
 .text.null_write
                0x00000000000162e0        0x8 /opt/devkitpro/devkitA64/bin/../lib/gcc/aarch64-none-elf/14.1.0/../../../../aarch64-none-elf/lib/pic/libsysbase.a(libsysbase_libsysbase_a-iosupport.o)
 *fill*         0x00000000000162e8       0x18 
 .text.setDefaultDevice
                0x0000000000016300       0x18 /opt/devkitpro/devkitA64/bin/../lib/gcc/aarch64-none-elf/14.1.0/../../../../aarch64-none-elf/lib/pic/libsysbase.a(libsysbase_libsysbase_a-iosupport.o)
                0x0000000000016300                setDefaultDevice
 *fill*         0x0000000000016318        0x8 
 .text.FindDevice
                0x0000000000016320      0x114 /opt/devkitpro/devkitA64/bin/../lib/gcc/aarch64-none-elf/14.1.0/../../../../aarch64-none-elf/lib/pic/libsysbase.a(libsysbase_libsysbase_a-iosupport.o)
                0x0000000000016320                FindDevice
 *fill*         0x0000000000016434        0xc 
 .text.RemoveDevice
                0x0000000000016440       0x34 /opt/devkitpro/devkitA64/bin/../lib/gcc/aarch64-none-elf/14.1.0/../../../../aarch64-none-elf/lib/pic/libsysbase.a(libsysbase_libsysbase_a-iosupport.o)
                0x0000000000016440                RemoveDevice
 *fill*         0x0000000000016474        0xc 
 .text.AddDevice
                0x0000000000016480       0xc8 /opt/devkitpro/devkitA64/bin/../lib/gcc/aarch64-none-elf/14.1.0/../../../../aarch64-none-elf/lib/pic/libsysbase.a(libsysbase_libsysbase_a-iosupport.o)
                0x0000000000016480                AddDevice
 *fill*         0x0000000000016548       0x18 
 .text.GetDeviceOpTab
                0x0000000000016560       0x34 /opt/devkitpro/devkitA64/bin/../lib/gcc/aarch64-none-elf/14.1.0/../../../../aarch64-none-elf/lib/pic/libsysbase.a(libsysbase_libsysbase_a-iosupport.o)
                0x0000000000016560                GetDeviceOpTab
 *fill*         0x0000000000016594        0xc 
 .text._isatty_r
                0x00000000000165a0        0x8 /opt/devkitpro/devkitA64/bin/../lib/gcc/aarch64-none-elf/14.1.0/../../../../aarch64-none-elf/lib/pic/libsysbase.a(libsysbase_libsysbase_a-isatty.o)
                0x00000000000165a0                _isatty_r
 *fill*         0x00000000000165a8       0x18 
 .text._kill_r  0x00000000000165c0       0x14 /opt/devkitpro/devkitA64/bin/../lib/gcc/aarch64-none-elf/14.1.0/../../../../aarch64-none-elf/lib/pic/libsysbase.a(libsysbase_libsysbase_a-kill.o)
                0x00000000000165c0                _kill_r
 *fill*         0x00000000000165d4        0xc 
 .text._lseek_r
                0x00000000000165e0       0xa4 /opt/devkitpro/devkitA64/bin/../lib/gcc/aarch64-none-elf/14.1.0/../../../../aarch64-none-elf/lib/pic/libsysbase.a(libsysbase_libsysbase_a-lseek.o)
                0x00000000000165e0                _lseek_r
 *fill*         0x0000000000016684       0x1c 
 .text._open_r  0x00000000000166a0       0xe0 /opt/devkitpro/devkitA64/bin/../lib/gcc/aarch64-none-elf/14.1.0/../../../../aarch64-none-elf/lib/pic/libsysbase.a(libsysbase_libsysbase_a-open.o)
                0x00000000000166a0                _open_r
 .text._read_r  0x0000000000016780       0xac /opt/devkitpro/devkitA64/bin/../lib/gcc/aarch64-none-elf/14.1.0/../../../../aarch64-none-elf/lib/pic/libsysbase.a(libsysbase_libsysbase_a-read.o)
                0x0000000000016780                _read_r
 *fill*         0x000000000001682c       0x14 
 .text._sbrk_r  0x0000000000016840       0x78 /opt/devkitpro/devkitA64/bin/../lib/gcc/aarch64-none-elf/14.1.0/../../../../aarch64-none-elf/lib/pic/libsysbase.a(libsysbase_libsysbase_a-sbrk.o)
                0x0000000000016840                _sbrk_r
 *fill*         0x00000000000168b8        0x8 
 .text.__libc_lock_acquire
                0x00000000000168c0       0x14 /opt/devkitpro/devkitA64/bin/../lib/gcc/aarch64-none-elf/14.1.0/../../../../aarch64-none-elf/lib/pic/libsysbase.a(libsysbase_libsysbase_a-syscall_support.o)
                0x00000000000168c0                __libc_lock_acquire
 *fill*         0x00000000000168d4        0xc 
 .text.__libc_lock_release
                0x00000000000168e0       0x14 /opt/devkitpro/devkitA64/bin/../lib/gcc/aarch64-none-elf/14.1.0/../../../../aarch64-none-elf/lib/pic/libsysbase.a(libsysbase_libsysbase_a-syscall_support.o)
                0x00000000000168e0                __libc_lock_release
 *fill*         0x00000000000168f4        0xc 
 .text.__libc_lock_acquire_recursive
                0x0000000000016900       0x14 /opt/devkitpro/devkitA64/bin/../lib/gcc/aarch64-none-elf/14.1.0/../../../../aarch64-none-elf/lib/pic/libsysbase.a(libsysbase_libsysbase_a-syscall_support.o)
                0x0000000000016900                __libc_lock_acquire_recursive
 *fill*         0x0000000000016914        0xc 
 .text.__libc_lock_release_recursive
                0x0000000000016920       0x14 /opt/devkitpro/devkitA64/bin/../lib/gcc/aarch64-none-elf/14.1.0/../../../../aarch64-none-elf/lib/pic/libsysbase.a(libsysbase_libsysbase_a-syscall_support.o)
                0x0000000000016920                __libc_lock_release_recursive
 *fill*         0x0000000000016934        0xc 
 .text._write_r
                0x0000000000016940       0xac /opt/devkitpro/devkitA64/bin/../lib/gcc/aarch64-none-elf/14.1.0/../../../../aarch64-none-elf/lib/pic/libsysbase.a(libsysbase_libsysbase_a-write.o)
                0x0000000000016940                _write_r
                0x00000000000169f0                . = ALIGN (0x8)
 *fill*         0x00000000000169ec        0x4 

.init           0x00000000000169f0       0x38
 *(.init)
 .init          0x00000000000169f0       0x18 /opt/devkitpro/devkitA64/bin/../lib/gcc/aarch64-none-elf/14.1.0/pic/crti.o
                0x00000000000169f0                _init
 .init          0x0000000000016a08       0x1c /opt/devkitpro/devkitA64/bin/../lib/gcc/aarch64-none-elf/14.1.0/pic/crtn.o
                0x0000000000016a28                . = ALIGN (0x8)
 *fill*         0x0000000000016a24        0x4 

.plt            0x0000000000016a28        0x0
 *(.plt)
 .plt           0x0000000000016a28        0x0 /opt/devkitpro/devkitA64/bin/../lib/gcc/aarch64-none-elf/14.1.0/pic/crti.o
 *(.iplt)
                0x0000000000016a28                . = ALIGN (0x8)

.fini           0x0000000000016a28       0x38
 *(.fini)
 .fini          0x0000000000016a28       0x18 /opt/devkitpro/devkitA64/bin/../lib/gcc/aarch64-none-elf/14.1.0/pic/crti.o
                0x0000000000016a28                _fini
 .fini          0x0000000000016a40       0x1c /opt/devkitpro/devkitA64/bin/../lib/gcc/aarch64-none-elf/14.1.0/pic/crtn.o
                0x0000000000016a60                . = ALIGN (0x8)
 *fill*         0x0000000000016a5c        0x4 
                0x0000000000017000                . = ALIGN (0x1000)
                [!provide]                        PROVIDE (__rodata_start = .)

.nx-module-name
                0x0000000000017000       0x12
 *(.nx-module-name)
 .nx-module-name
                0x0000000000017000       0x12 /opt/devkitpro/devkitA64/bin/../lib/gcc/aarch64-none-elf/14.1.0/pic/crti.o

.rela.dyn       0x0000000000017018     0x2388
 *(.rela.*)
 .rela.got      0x0000000000017018      0x4e0 /opt/devkitpro/devkitA64/bin/../lib/gcc/aarch64-none-elf/14.1.0/pic/crti.o
 .rela.plt      0x00000000000174f8        0x0 /opt/devkitpro/devkitA64/bin/../lib/gcc/aarch64-none-elf/14.1.0/pic/crti.o
 .rela.bss      0x00000000000174f8        0x0 /opt/devkitpro/devkitA64/bin/../lib/gcc/aarch64-none-elf/14.1.0/pic/crti.o
 .rela.data.rel.ro
                0x00000000000174f8        0x0 /opt/devkitpro/devkitA64/bin/../lib/gcc/aarch64-none-elf/14.1.0/pic/crti.o
 .rela.init_array
                0x00000000000174f8       0x30 /opt/devkitpro/devkitA64/bin/../lib/gcc/aarch64-none-elf/14.1.0/pic/crti.o
 .rela.fini_array
                0x0000000000017528       0x18 /opt/devkitpro/devkitA64/bin/../lib/gcc/aarch64-none-elf/14.1.0/pic/crti.o
 .rela.ifunc    0x0000000000017540        0x0 /opt/devkitpro/devkitA64/bin/../lib/gcc/aarch64-none-elf/14.1.0/pic/crti.o
 .rela.data     0x0000000000017540      0x1c8 /opt/devkitpro/devkitA64/bin/../lib/gcc/aarch64-none-elf/14.1.0/pic/crti.o
 .rela.data.rel.ro.local.fsdev_devoptab
                0x0000000000017708      0x228 /opt/devkitpro/devkitA64/bin/../lib/gcc/aarch64-none-elf/14.1.0/pic/crti.o
 .rela.data.rel._impure_ptr
                0x0000000000017930       0x18 /opt/devkitpro/devkitA64/bin/../lib/gcc/aarch64-none-elf/14.1.0/pic/crti.o
 .rela.data.rel._impure_data
                0x0000000000017948       0x48 /opt/devkitpro/devkitA64/bin/../lib/gcc/aarch64-none-elf/14.1.0/pic/crti.o
 .rela.data.rel.__sglue
                0x0000000000017990       0x18 /opt/devkitpro/devkitA64/bin/../lib/gcc/aarch64-none-elf/14.1.0/pic/crti.o
 .rela.data.rel.__malloc_av_
                0x00000000000179a8     0x1800 /opt/devkitpro/devkitA64/bin/../lib/gcc/aarch64-none-elf/14.1.0/pic/crti.o
 .rela.data.rel.local.handles
                0x00000000000191a8       0x48 /opt/devkitpro/devkitA64/bin/../lib/gcc/aarch64-none-elf/14.1.0/pic/crti.o
 .rela.data.rel.devoptab_list
                0x00000000000191f0      0x180 /opt/devkitpro/devkitA64/bin/../lib/gcc/aarch64-none-elf/14.1.0/pic/crti.o
 .rela.data.rel.ro.local.dotab_stdnull
                0x0000000000019370       0x30 /opt/devkitpro/devkitA64/bin/../lib/gcc/aarch64-none-elf/14.1.0/pic/crti.o

.relr.dyn
 *(.relr.*)

.hash           0x00000000000193a0       0x18
 *(.hash)
 .hash          0x00000000000193a0       0x18 /opt/devkitpro/devkitA64/bin/../lib/gcc/aarch64-none-elf/14.1.0/pic/crti.o

.gnu.hash
 *(.gnu.hash)

.dynsym         0x00000000000193b8       0x48
 *(.dynsym)
 .dynsym        0x00000000000193b8       0x48 /opt/devkitpro/devkitA64/bin/../lib/gcc/aarch64-none-elf/14.1.0/pic/crti.o

.dynstr         0x0000000000019400        0x1
 *(.dynstr)
 .dynstr        0x0000000000019400        0x1 /opt/devkitpro/devkitA64/bin/../lib/gcc/aarch64-none-elf/14.1.0/pic/crti.o

.rodata         0x0000000000019410      0xa88
 *(.rodata .rodata.* .gnu.linkonce.r.*)
 .rodata.$e3app20__nx_fs_num_sessionss6UInt32Vvp
                0x0000000000019410        0x4 swift/obj/app.o
                0x0000000000019410                $e3app20__nx_fs_num_sessionss6UInt32Vvp
 .rodata.str1.4
                0x0000000000019414       0x4a swift/obj/app.o
 *fill*         0x000000000001945e        0x2 
 .rodata.str1.16
                0x0000000000019460      0x87c swift/obj/app.o
 *fill*         0x0000000000019cdc        0x4 
 .rodata.smInitialize.str1.8
                0x0000000000019ce0       0x65 /opt/devkitpro/libnx/lib/libnx.a(sm.o)
                                          0x4 (size before relaxing)
 .rodata.fsdev_fixpath.str1.8
                0x0000000000019d45        0x2 /opt/devkitpro/libnx/lib/libnx.a(fs_dev.o)
 .rodata._fsdevUnmountDeviceStruct.part.0.str1.8
                0x0000000000019d45        0x2 /opt/devkitpro/libnx/lib/libnx.a(fs_dev.o)
 .rodata.fsdevMountDevice.str1.8
                0x0000000000019d45       0x10 /opt/devkitpro/libnx/lib/libnx.a(fs_dev.o)
 .rodata.fsdevMountSdmc.str1.8
                0x0000000000019d45        0x5 /opt/devkitpro/libnx/lib/libnx.a(fs_dev.o)
 *fill*         0x0000000000019d45        0x3 
 .rodata.error_table
                0x0000000000019d48       0x20 /opt/devkitpro/libnx/lib/libnx.a(fs_dev.o)
 .rodata.envSetup
                0x0000000000019d68       0x11 /opt/devkitpro/libnx/lib/libnx.a(env.o)
 .rodata.nxlinkSetup.str1.8
                0x0000000000019d79        0x9 /opt/devkitpro/libnx/lib/libnx.a(nxlink.o)
 .rodata.__stack_chk_fail.str1.8
                0x0000000000019d79       0x2d /opt/devkitpro/devkitA64/bin/../lib/gcc/aarch64-none-elf/14.1.0/../../../../aarch64-none-elf/lib/pic/libg.a(libc_a-stack_protector.o)
 *fill*         0x0000000000019d79        0x7 
 .rodata.cst16  0x0000000000019d80       0x10 /opt/devkitpro/devkitA64/bin/../lib/gcc/aarch64-none-elf/14.1.0/../../../../aarch64-none-elf/lib/pic/libg.a(libc_a-mallocr.o)
 .rodata._ctype_
                0x0000000000019d90      0x101 /opt/devkitpro/devkitA64/bin/../lib/gcc/aarch64-none-elf/14.1.0/../../../../aarch64-none-elf/lib/pic/libg.a(libc_a-ctype_.o)
                0x0000000000019d90                _ctype_
 .rodata.AddDevice.str1.8
                0x0000000000019e91        0x8 /opt/devkitpro/devkitA64/bin/../lib/gcc/aarch64-none-elf/14.1.0/../../../../aarch64-none-elf/lib/pic/libsysbase.a(libsysbase_libsysbase_a-iosupport.o)
                0x0000000000019ea0                . = ALIGN (0x8)
 *fill*         0x0000000000019e91        0x7 

.tls.align      0x0000000000019e98        0x8
                0x0000000000019e98        0x8 QUAD 0x8 MAX (ALIGNOF (.tdata), ALIGNOF (.tbss))
                0x0000000000019e98                PROVIDE (__tls_align = ADDR (.tls.align))

.gcc_except_table
 *(.gcc_except_table .gcc_except_table.*)

.eh_frame_hdr   0x0000000000019ea0        0x0
 *(.eh_frame_hdr)
 *(.eh_frame_entry .eh_frame_entry.*)

.eh_frame       0x0000000000019ea0     0x269c
 *(.eh_frame)
 .eh_frame      0x0000000000019ea0       0x50 /opt/devkitpro/devkitA64/bin/../lib/gcc/aarch64-none-elf/14.1.0/pic/crtbegin.o
 .eh_frame      0x0000000000019ef0       0x20 swift/obj/posix_memalign_shim.o
                                         0x38 (size before relaxing)
 .eh_frame      0x0000000000019f10      0x500 /opt/devkitpro/libnx/lib/libnx.a(fs.o)
                                       0x1b90 (size before relaxing)
 .eh_frame      0x000000000001a410       0xd8 /opt/devkitpro/libnx/lib/libnx.a(set.o)
                                       0x2c50 (size before relaxing)
 .eh_frame      0x000000000001a4e8      0x140 /opt/devkitpro/libnx/lib/libnx.a(sm.o)
                                        0x2f0 (size before relaxing)
 .eh_frame      0x000000000001a628       0x18 /opt/devkitpro/libnx/lib/libnx.a(diag.o)
                                         0x30 (size before relaxing)
 .eh_frame      0x000000000001a640       0x28 /opt/devkitpro/libnx/lib/libnx.a(hosversion.o)
                                         0x50 (size before relaxing)
 .eh_frame      0x000000000001a668      0x630 /opt/devkitpro/libnx/lib/libnx.a(fs_dev.o)
                                        0x980 (size before relaxing)
 .eh_frame      0x000000000001ac98       0x18 /opt/devkitpro/libnx/lib/libnx.a(decode_utf8.o)
                                         0x28 (size before relaxing)
 .eh_frame      0x000000000001acb0      0x158 /opt/devkitpro/libnx/lib/libnx.a(svc.o)
                                        0xa00 (size before relaxing)
 .eh_frame      0x000000000001ae08       0x18 /opt/devkitpro/libnx/lib/libnx.a(readtp.o)
                                         0x28 (size before relaxing)
 .eh_frame      0x000000000001ae20        0x0 /opt/devkitpro/libnx/lib/libnx.a(event.o)
                                         0xc0 (size before relaxing)
 .eh_frame      0x000000000001ae20       0x88 /opt/devkitpro/libnx/lib/libnx.a(mutex.o)
                                         0xf0 (size before relaxing)
 .eh_frame      0x000000000001aea8        0x0 /opt/devkitpro/libnx/lib/libnx.a(wait.o)
                                         0xb0 (size before relaxing)
 .eh_frame      0x000000000001aea8      0x100 /opt/devkitpro/libnx/lib/libnx.a(sessionmgr.o)
                                        0x118 (size before relaxing)
 .eh_frame      0x000000000001afa8       0x30 /opt/devkitpro/libnx/lib/libnx.a(time.o)
                                        0x438 (size before relaxing)
 .eh_frame      0x000000000001afd8       0x28 /opt/devkitpro/libnx/lib/libnx.a(alloc.o)
                                         0x50 (size before relaxing)
 .eh_frame      0x000000000001b000       0xc8 /opt/devkitpro/libnx/lib/libnx.a(argv.o)
                                         0xe0 (size before relaxing)
 .eh_frame      0x000000000001b0c8       0x38 /opt/devkitpro/libnx/lib/libnx.a(dynamic.o)
                                         0x48 (size before relaxing)
 .eh_frame      0x000000000001b100      0x108 /opt/devkitpro/libnx/lib/libnx.a(env.o)
                                        0x210 (size before relaxing)
 .eh_frame      0x000000000001b208       0x60 /opt/devkitpro/libnx/lib/libnx.a(init.o)
                                         0xc0 (size before relaxing)
 .eh_frame      0x000000000001b268       0xb8 /opt/devkitpro/libnx/lib/libnx.a(newlib.o)
                                        0x400 (size before relaxing)
 .eh_frame      0x000000000001b320       0x50 /opt/devkitpro/libnx/lib/libnx.a(nxlink.o)
                                         0x68 (size before relaxing)
 .eh_frame      0x000000000001b370       0x28 /opt/devkitpro/libnx/lib/libnx.a(exception.o)
                                         0x40 (size before relaxing)
 .eh_frame      0x000000000001b398       0x30 /opt/devkitpro/libnx/lib/libnx.a(condvar.o)
                                         0x48 (size before relaxing)
 .eh_frame      0x000000000001b3c8        0x0 /opt/devkitpro/libnx/lib/libnx.a(shmem.o)
                                         0xc0 (size before relaxing)
 .eh_frame      0x000000000001b3c8       0x28 /opt/devkitpro/libnx/lib/libnx.a(thread.o)
                                        0x250 (size before relaxing)
 .eh_frame      0x000000000001b3f0       0x60 /opt/devkitpro/libnx/lib/libnx.a(virtmem.o)
                                        0x218 (size before relaxing)
 .eh_frame      0x000000000001b450        0x0 /opt/devkitpro/libnx/lib/libnx.a(applet.o)
                                       0x4688 (size before relaxing)
 .eh_frame      0x000000000001b450        0x0 /opt/devkitpro/libnx/lib/libnx.a(hid.o)
                                       0x1ba0 (size before relaxing)
 .eh_frame      0x000000000001b450        0x0 /opt/devkitpro/libnx/lib/libnx.a(random.o)
                                         0x70 (size before relaxing)
 .eh_frame      0x000000000001b450        0x0 /opt/devkitpro/libnx/lib/libnx.a(tmem.o)
                                        0x160 (size before relaxing)
 .eh_frame      0x000000000001b450        0x0 /opt/devkitpro/libnx/lib/libnx.a(apm.o)
                                        0x168 (size before relaxing)
 .eh_frame      0x000000000001b450       0x58 /opt/devkitpro/devkitA64/bin/../lib/gcc/aarch64-none-elf/14.1.0/../../../../aarch64-none-elf/lib/pic/libg.a(libc_a-fputs.o)
                                         0x70 (size before relaxing)
 .eh_frame      0x000000000001b4a8       0xa0 /opt/devkitpro/devkitA64/bin/../lib/gcc/aarch64-none-elf/14.1.0/../../../../aarch64-none-elf/lib/pic/libg.a(libc_a-fvwrite.o)
                                         0xb0 (size before relaxing)
 .eh_frame      0x000000000001b548        0x0 /opt/devkitpro/devkitA64/bin/../lib/gcc/aarch64-none-elf/14.1.0/../../../../aarch64-none-elf/lib/pic/libg.a(libc_a-setenv.o)
                                         0x60 (size before relaxing)
 .eh_frame      0x000000000001b548       0x30 /opt/devkitpro/devkitA64/bin/../lib/gcc/aarch64-none-elf/14.1.0/../../../../aarch64-none-elf/lib/pic/libg.a(libc_a-stack_protector.o)
                                         0x60 (size before relaxing)
 .eh_frame      0x000000000001b578       0x28 /opt/devkitpro/devkitA64/bin/../lib/gcc/aarch64-none-elf/14.1.0/../../../../aarch64-none-elf/lib/pic/libg.a(libc_a-putchar.o)
                                         0x50 (size before relaxing)
 .eh_frame      0x000000000001b5a0       0x40 /opt/devkitpro/devkitA64/bin/../lib/gcc/aarch64-none-elf/14.1.0/../../../../aarch64-none-elf/lib/pic/libg.a(libc_a-strtoul.o)
                                         0xa8 (size before relaxing)
 .eh_frame      0x000000000001b5e0       0x18 /opt/devkitpro/devkitA64/bin/../lib/gcc/aarch64-none-elf/14.1.0/../../../../aarch64-none-elf/lib/pic/libg.a(libc_a-strlen.o)
                                         0x28 (size before relaxing)
 .eh_frame      0x000000000001b5f8       0x28 /opt/devkitpro/devkitA64/bin/../lib/gcc/aarch64-none-elf/14.1.0/../../../../aarch64-none-elf/lib/pic/libg.a(libc_a-syswrite.o)
                                         0x40 (size before relaxing)
 .eh_frame      0x000000000001b620       0x18 /opt/devkitpro/devkitA64/bin/../lib/gcc/aarch64-none-elf/14.1.0/../../../../aarch64-none-elf/lib/pic/libg.a(libc_a-strncat.o)
                                         0x28 (size before relaxing)
 .eh_frame      0x000000000001b638       0x68 /opt/devkitpro/devkitA64/bin/../lib/gcc/aarch64-none-elf/14.1.0/../../../../aarch64-none-elf/lib/pic/libg.a(libc_a-bsearch.o)
                                         0x78 (size before relaxing)
 .eh_frame      0x000000000001b6a0       0x18 /opt/devkitpro/devkitA64/bin/../lib/gcc/aarch64-none-elf/14.1.0/../../../../aarch64-none-elf/lib/pic/libg.a(libc_a-memchr.o)
                                         0x28 (size before relaxing)
 .eh_frame      0x000000000001b6b8        0x0 /opt/devkitpro/devkitA64/bin/../lib/gcc/aarch64-none-elf/14.1.0/../../../../aarch64-none-elf/lib/pic/libg.a(libc_a-aligned_alloc.o)
                                         0x38 (size before relaxing)
 .eh_frame      0x000000000001b6b8       0x70 /opt/devkitpro/devkitA64/bin/../lib/gcc/aarch64-none-elf/14.1.0/../../../../aarch64-none-elf/lib/pic/libg.a(libc_a-fclose.o)
                                         0x80 (size before relaxing)
 .eh_frame      0x000000000001b728       0x18 /opt/devkitpro/devkitA64/bin/../lib/gcc/aarch64-none-elf/14.1.0/../../../../aarch64-none-elf/lib/pic/libg.a(libc_a-strncmp.o)
                                         0x28 (size before relaxing)
 .eh_frame      0x000000000001b740       0x18 /opt/devkitpro/devkitA64/bin/../lib/gcc/aarch64-none-elf/14.1.0/../../../../aarch64-none-elf/lib/pic/libg.a(libc_a-strcmp.o)
                                         0x28 (size before relaxing)
 .eh_frame      0x000000000001b758       0x18 /opt/devkitpro/devkitA64/bin/../lib/gcc/aarch64-none-elf/14.1.0/../../../../aarch64-none-elf/lib/pic/libg.a(libc_a-strnlen.o)
                                         0x28 (size before relaxing)
 .eh_frame      0x000000000001b770       0x28 /opt/devkitpro/devkitA64/bin/../lib/gcc/aarch64-none-elf/14.1.0/../../../../aarch64-none-elf/lib/pic/libg.a(libc_a-malign.o)
                                         0x38 (size before relaxing)
 .eh_frame      0x000000000001b798       0xf8 /opt/devkitpro/devkitA64/bin/../lib/gcc/aarch64-none-elf/14.1.0/../../../../aarch64-none-elf/lib/pic/libg.a(libc_a-findfp.o)
                                        0x190 (size before relaxing)
 .eh_frame      0x000000000001b890       0xd8 /opt/devkitpro/devkitA64/bin/../lib/gcc/aarch64-none-elf/14.1.0/../../../../aarch64-none-elf/lib/pic/libg.a(libc_a-mallocr.o)
                                         0xe8 (size before relaxing)
 .eh_frame      0x000000000001b968       0x38 /opt/devkitpro/devkitA64/bin/../lib/gcc/aarch64-none-elf/14.1.0/../../../../aarch64-none-elf/lib/pic/libg.a(libc_a-putc.o)
                                         0x88 (size before relaxing)
 .eh_frame      0x000000000001b9a0       0x18 /opt/devkitpro/devkitA64/bin/../lib/gcc/aarch64-none-elf/14.1.0/../../../../aarch64-none-elf/lib/pic/libg.a(libc_a-memcpy.o)
                                         0x28 (size before relaxing)
 .eh_frame      0x000000000001b9b8       0x88 /opt/devkitpro/devkitA64/bin/../lib/gcc/aarch64-none-elf/14.1.0/../../../../aarch64-none-elf/lib/pic/libg.a(libc_a-freer.o)
                                         0x98 (size before relaxing)
 .eh_frame      0x000000000001ba40       0x20 /opt/devkitpro/devkitA64/bin/../lib/gcc/aarch64-none-elf/14.1.0/../../../../aarch64-none-elf/lib/pic/libg.a(libc_a-errno.o)
                                         0x38 (size before relaxing)
 .eh_frame      0x000000000001ba60       0x50 /opt/devkitpro/devkitA64/bin/../lib/gcc/aarch64-none-elf/14.1.0/../../../../aarch64-none-elf/lib/pic/libg.a(libc_a-malloc.o)
                                         0x68 (size before relaxing)
 .eh_frame      0x000000000001bab0       0x60 /opt/devkitpro/devkitA64/bin/../lib/gcc/aarch64-none-elf/14.1.0/../../../../aarch64-none-elf/lib/pic/libg.a(libc_a-fopen.o)
                                         0x78 (size before relaxing)
 .eh_frame      0x000000000001bb10        0x0 /opt/devkitpro/devkitA64/bin/../lib/gcc/aarch64-none-elf/14.1.0/../../../../aarch64-none-elf/lib/pic/libg.a(libc_a-ctype_.o)
                                         0x28 (size before relaxing)
 .eh_frame      0x000000000001bb10       0x28 /opt/devkitpro/devkitA64/bin/../lib/gcc/aarch64-none-elf/14.1.0/../../../../aarch64-none-elf/lib/pic/libg.a(libc_a-gmtime.o)
                                         0x38 (size before relaxing)
 .eh_frame      0x000000000001bb38      0x100 /opt/devkitpro/devkitA64/bin/../lib/gcc/aarch64-none-elf/14.1.0/../../../../aarch64-none-elf/lib/pic/libg.a(libc_a-reallocr.o)
                                        0x118 (size before relaxing)
 .eh_frame      0x000000000001bc38       0x38 /opt/devkitpro/devkitA64/bin/../lib/gcc/aarch64-none-elf/14.1.0/../../../../aarch64-none-elf/lib/pic/libg.a(libc_a-fwalk.o)
                                         0x50 (size before relaxing)
 .eh_frame      0x000000000001bc70       0x28 /opt/devkitpro/devkitA64/bin/../lib/gcc/aarch64-none-elf/14.1.0/../../../../aarch64-none-elf/lib/pic/libg.a(libc_a-mlock.o)
                                         0x40 (size before relaxing)
 .eh_frame      0x000000000001bc98       0x18 /opt/devkitpro/devkitA64/bin/../lib/gcc/aarch64-none-elf/14.1.0/../../../../aarch64-none-elf/lib/pic/libg.a(libc_a-memset.o)
                                         0x28 (size before relaxing)
 .eh_frame      0x000000000001bcb0        0x0 /opt/devkitpro/devkitA64/bin/../lib/gcc/aarch64-none-elf/14.1.0/../../../../aarch64-none-elf/lib/pic/libg.a(libc_a-setenv_r.o)
                                         0xc8 (size before relaxing)
 .eh_frame      0x000000000001bcb0       0x30 /opt/devkitpro/devkitA64/bin/../lib/gcc/aarch64-none-elf/14.1.0/../../../../aarch64-none-elf/lib/pic/libg.a(libc_a-exit.o)
                                         0x48 (size before relaxing)
 .eh_frame      0x000000000001bce0       0x18 /opt/devkitpro/devkitA64/bin/../lib/gcc/aarch64-none-elf/14.1.0/../../../../aarch64-none-elf/lib/pic/libg.a(libc_a-fseek.o)
                                         0x50 (size before relaxing)
 .eh_frame      0x000000000001bcf8        0x0 /opt/devkitpro/devkitA64/bin/../lib/gcc/aarch64-none-elf/14.1.0/../../../../aarch64-none-elf/lib/pic/libg.a(libc_a-strcpy.o)
                                         0x28 (size before relaxing)
 .eh_frame      0x000000000001bcf8       0x18 /opt/devkitpro/devkitA64/bin/../lib/gcc/aarch64-none-elf/14.1.0/../../../../aarch64-none-elf/lib/pic/libg.a(libc_a-strncpy.o)
                                         0x28 (size before relaxing)
 .eh_frame      0x000000000001bd10       0x18 /opt/devkitpro/devkitA64/bin/../lib/gcc/aarch64-none-elf/14.1.0/../../../../aarch64-none-elf/lib/pic/libg.a(libc_a-flags.o)
                                         0x28 (size before relaxing)